2026-06-06 11:00:20.475 [INFO] src.assessment.inheritance: Logger initialized. Log file: /Users/zhaorongli/.workbuddy/skills/sensory-genomics/logs/sensory_genomics_20260606_110020.log
2026-06-06 11:00:20.489 [INFO] src.gene_sets.loader: Logger initialized. Log file: /Users/zhaorongli/.workbuddy/skills/sensory-genomics/logs/sensory_genomics_20260606_110020.log
2026-06-06 11:00:20.489 [INFO] src.assessment.engine: Logger initialized. Log file: /Users/zhaorongli/.workbuddy/skills/sensory-genomics/logs/sensory_genomics_20260606_110020.log
2026-06-06 11:00:20.490 [INFO] src.config_loader: Logger initialized. Log file: /Users/zhaorongli/.workbuddy/skills/sensory-genomics/logs/sensory_genomics_20260606_110020.log
2026-06-06 11:00:20.505 [INFO] src.enrichment.cache: Logger initialized. Log file: /Users/zhaorongli/.workbuddy/skills/sensory-genomics/logs/sensory_genomics_20260606_110020.log
2026-06-06 11:00:20.696 [INFO] src.enrichment.client_base: Logger initialized. Log file: /Users/zhaorongli/.workbuddy/skills/sensory-genomics/logs/sensory_genomics_20260606_110020.log
2026-06-06 11:00:20.698 [INFO] src.gene_sets.bed_mapper: Logger initialized. Log file: /Users/zhaorongli/.workbuddy/skills/sensory-genomics/logs/sensory_genomics_20260606_110020.log
2026-06-06 11:00:20.698 [INFO] src.gene_sets.filter: Logger initialized. Log file: /Users/zhaorongli/.workbuddy/skills/sensory-genomics/logs/sensory_genomics_20260606_110020.log
2026-06-06 11:00:20.699 [INFO] src.report.json_generator: Logger initialized. Log file: /Users/zhaorongli/.workbuddy/skills/sensory-genomics/logs/sensory_genomics_20260606_110020.log
2026-06-06 11:00:20.719 [INFO] src.report.markdown_generator: Logger initialized. Log file: /Users/zhaorongli/.workbuddy/skills/sensory-genomics/logs/sensory_genomics_20260606_110020.log
2026-06-06 11:00:20.720 [INFO] src.specialized.mitochondrial: Logger initialized. Log file: /Users/zhaorongli/.workbuddy/skills/sensory-genomics/logs/sensory_genomics_20260606_110020.log
2026-06-06 11:00:20.720 [INFO] src.specialized.or_tiers: Logger initialized. Log file: /Users/zhaorongli/.workbuddy/skills/sensory-genomics/logs/sensory_genomics_20260606_110020.log
2026-06-06 11:00:20.721 [INFO] src.specialized.tas2r38: Logger initialized. Log file: /Users/zhaorongli/.workbuddy/skills/sensory-genomics/logs/sensory_genomics_20260606_110020.log
2026-06-06 11:00:20.721 [INFO] src.report.report_context: Logger initialized. Log file: /Users/zhaorongli/.workbuddy/skills/sensory-genomics/logs/sensory_genomics_20260606_110020.log
2026-06-06 11:00:20.766 [INFO] src.vcf.parser: Logger initialized. Log file: /Users/zhaorongli/.workbuddy/skills/sensory-genomics/logs/sensory_genomics_20260606_110020.log
2026-06-06 11:00:20.767 [INFO] src.vcf.prefilter: Logger initialized. Log file: /Users/zhaorongli/.workbuddy/skills/sensory-genomics/logs/sensory_genomics_20260606_110020.log
2026-06-06 11:00:20.768 [INFO] src.vep.client: Logger initialized. Log file: /Users/zhaorongli/.workbuddy/skills/sensory-genomics/logs/sensory_genomics_20260606_110020.log
2026-06-06 11:00:20.769 [INFO] src.vep.local_client: Logger initialized. Log file: /Users/zhaorongli/.workbuddy/skills/sensory-genomics/logs/sensory_genomics_20260606_110020.log
2026-06-06 11:00:20.769 [INFO] main: Logger initialized. Log file: /Users/zhaorongli/.workbuddy/skills/sensory-genomics/logs/sensory_genomics_20260606_110020.log
2026-06-06 11:00:20.776 [INFO] sensory_genomics: Logger initialized. Log file: /Users/zhaorongli/.workbuddy/skills/sensory-genomics/logs/sensory_genomics_20260606_110020.log
2026-06-06 11:00:34.379 [INFO] main: BED-filtered VCF: /var/folders/g5/gdb7vzxd6_5fwkmkt6j_nrx00000gn/T/tmpeb2rxvr6.vcf.gz -> 9727 variants
2026-06-06 11:00:34.382 [INFO] src.config_loader: Config loaded from config.yaml
2026-06-06 11:00:34.407 [INFO] src.gene_sets.loader: Loaded gene sets: 376 genes across 5 subsystems
2026-06-06 11:00:34.409 [INFO] src.specialized.tas2r38: Loaded TAS2R38 SNP definitions: 3 SNPs
2026-06-06 11:00:34.409 [INFO] src.specialized.mitochondrial: Loaded mitochondrial variant database: 8 entries
2026-06-06 11:00:34.410 [INFO] src.specialized.or_tiers: Loaded OR ligand map: 11 entries
2026-06-06 11:00:34.410 [INFO] main: Loaded precomputed transcript map: 369 genes
2026-06-06 11:00:34.414 [INFO] src.gene_sets.bed_mapper: Loaded BED regions: 6705 intervals across 23 chromosomes (bisect indexed)
2026-06-06 11:00:34.414 [INFO] main: Loaded exon BED for strict filtering
2026-06-06 11:00:34.414 [INFO] main: Using local Docker VEP (offline)
2026-06-06 11:00:34.415 [INFO] src.gene_sets.bed_mapper: Loaded BED regions: 38 intervals across 19 chromosomes (bisect indexed)
2026-06-06 11:00:34.415 [INFO] main: Pipeline started for /var/folders/g5/gdb7vzxd6_5fwkmkt6j_nrx00000gn/T/tmpeb2rxvr6.vcf.gz
2026-06-06 11:00:34.421 [INFO] src.vcf.parser: Parsing VCF for sample: ML150006935_L01_184
2026-06-06 11:00:34.492 [INFO] main: Stage 1 complete: 9404 variants after prefilter
2026-06-06 11:00:34.496 [INFO] src.vep.local_client: Running local VEP for 9404 variants via Docker
2026-06-06 11:00:46.618 [INFO] src.vep.local_client: Local VEP annotated 9404 variants
2026-06-06 11:00:46.660 [INFO] main: Stage 2 complete: 9404 variants annotated
2026-06-06 11:00:46.662 [INFO] main: Stage 2.5 complete: BED mapped 13 variants to genes
2026-06-06 11:00:46.681 [INFO] src.gene_sets.filter: Sensory filter: 9278 / 9404 variants retained
2026-06-06 11:00:46.681 [INFO] main: Stage 3 complete: 9278 sensory variants
2026-06-06 11:00:46.736 [INFO] main: Stage 4 complete: 38 gene cards
2026-06-06 11:00:46.737 [INFO] main: Stage 5 complete: TAS2R38=yes, MT=0, OR=111
2026-06-06 11:00:47.537 [ERROR] src.enrichment.client_base: gnomad HTTP 400: Bad Request
2026-06-06 11:00:47.628 [ERROR] src.enrichment.client_base: gnomad HTTP 400: Bad Request
2026-06-06 11:00:47.628 [ERROR] src.enrichment.client_base: gnomad HTTP 400: Bad Request
2026-06-06 11:00:47.639 [ERROR] src.enrichment.client_base: gnomad HTTP 400: Bad Request
2026-06-06 11:00:47.642 [ERROR] src.enrichment.client_base: gnomad HTTP 400: Bad Request
2026-06-06 11:00:47.722 [ERROR] src.enrichment.client_base: gnomad HTTP 400: Bad Request
2026-06-06 11:00:47.760 [ERROR] src.enrichment.client_base: gnomad HTTP 400: Bad Request
2026-06-06 11:00:47.917 [ERROR] src.enrichment.client_base: gnomad HTTP 400: Bad Request
2026-06-06 11:00:48.056 [ERROR] src.enrichment.client_base: gnomad HTTP 400: Bad Request
2026-06-06 11:00:48.118 [WARNING] src.enrichment.client_base: clinvar rate limited (429), retrying in 1s...
2026-06-06 11:00:48.237 [WARNING] src.enrichment.client_base: clinvar rate limited (429), retrying in 1s...
2026-06-06 11:00:48.319 [ERROR] src.enrichment.client_base: gnomad HTTP 400: Bad Request
2026-06-06 11:00:48.391 [ERROR] src.enrichment.client_base: gnomad HTTP 400: Bad Request
2026-06-06 11:00:48.411 [WARNING] src.enrichment.client_base: clinvar rate limited (429), retrying in 1s...
2026-06-06 11:00:48.432 [ERROR] src.enrichment.client_base: gnomad HTTP 400: Bad Request
2026-06-06 11:00:48.626 [ERROR] src.enrichment.client_base: gnomad HTTP 400: Bad Request
2026-06-06 11:00:48.763 [ERROR] src.enrichment.client_base: gnomad HTTP 400: Bad Request
2026-06-06 11:00:48.840 [ERROR] src.enrichment.client_base: gnomad HTTP 400: Bad Request
2026-06-06 11:00:48.841 [ERROR] src.enrichment.client_base: gnomad HTTP 400: Bad Request
2026-06-06 11:00:48.863 [ERROR] src.enrichment.client_base: gnomad HTTP 400: Bad Request
2026-06-06 11:00:48.883 [ERROR] src.enrichment.client_base: gnomad HTTP 400: Bad Request
2026-06-06 11:00:48.963 [ERROR] src.enrichment.client_base: gnomad HTTP 400: Bad Request
2026-06-06 11:00:48.976 [ERROR] src.enrichment.client_base: gnomad HTTP 400: Bad Request
2026-06-06 11:00:49.060 [ERROR] src.enrichment.client_base: gnomad HTTP 400: Bad Request
2026-06-06 11:00:49.147 [ERROR] src.enrichment.client_base: gnomad HTTP 400: Bad Request
2026-06-06 11:00:49.289 [ERROR] src.enrichment.client_base: gnomad HTTP 400: Bad Request
2026-06-06 11:00:49.621 [ERROR] src.enrichment.client_base: gnomad HTTP 400: Bad Request
2026-06-06 11:00:49.681 [ERROR] src.enrichment.client_base: gnomad HTTP 400: Bad Request
2026-06-06 11:00:49.893 [ERROR] src.enrichment.client_base: gnomad HTTP 400: Bad Request
2026-06-06 11:00:50.018 [ERROR] src.enrichment.client_base: gnomad HTTP 400: Bad Request
2026-06-06 11:00:50.242 [WARNING] src.enrichment.client_base: clinvar rate limited (429), retrying in 2s...
2026-06-06 11:00:50.286 [ERROR] src.enrichment.client_base: gnomad HTTP 400: Bad Request
2026-06-06 11:00:50.705 [ERROR] src.enrichment.client_base: gnomad HTTP 400: Bad Request
2026-06-06 11:00:50.987 [ERROR] src.enrichment.client_base: gnomad HTTP 400: Bad Request
2026-06-06 11:00:51.107 [ERROR] src.enrichment.client_base: gnomad HTTP 400: Bad Request
2026-06-06 11:00:51.115 [ERROR] src.enrichment.client_base: gnomad HTTP 400: Bad Request
2026-06-06 11:00:51.122 [ERROR] src.enrichment.client_base: gnomad HTTP 400: Bad Request
2026-06-06 11:00:51.140 [ERROR] src.enrichment.client_base: gnomad HTTP 400: Bad Request
2026-06-06 11:00:51.181 [ERROR] src.enrichment.client_base: gnomad HTTP 400: Bad Request
2026-06-06 11:00:51.203 [ERROR] src.enrichment.client_base: gnomad HTTP 400: Bad Request
2026-06-06 11:00:51.381 [ERROR] src.enrichment.client_base: gnomad HTTP 400: Bad Request
2026-06-06 11:00:51.528 [ERROR] src.enrichment.client_base: gnomad HTTP 400: Bad Request
2026-06-06 11:00:51.849 [ERROR] src.enrichment.client_base: gnomad HTTP 400: Bad Request
2026-06-06 11:00:51.921 [ERROR] src.enrichment.client_base: gnomad HTTP 400: Bad Request
2026-06-06 11:00:51.923 [WARNING] src.enrichment.client_base: clinvar rate limited (429), retrying in 2s...
2026-06-06 11:00:51.951 [ERROR] src.enrichment.client_base: gnomad HTTP 400: Bad Request
2026-06-06 11:00:52.114 [ERROR] src.enrichment.client_base: gnomad HTTP 400: Bad Request
2026-06-06 11:00:52.244 [ERROR] src.enrichment.client_base: gnomad HTTP 400: Bad Request
2026-06-06 11:00:52.501 [ERROR] src.enrichment.client_base: gnomad HTTP 400: Bad Request
2026-06-06 11:00:52.820 [WARNING] src.enrichment.client_base: clinvar rate limited (429), retrying in 1s...
2026-06-06 11:00:54.168 [ERROR] src.enrichment.client_base: gnomad HTTP 400: Bad Request
2026-06-06 11:00:54.955 [WARNING] src.enrichment.client_base: clinvar rate limited (429), retrying in 1s...
2026-06-06 11:00:55.326 [ERROR] src.enrichment.client_base: gnomad HTTP 400: Bad Request
2026-06-06 11:00:55.334 [ERROR] src.enrichment.client_base: gnomad HTTP 400: Bad Request
2026-06-06 11:00:55.353 [ERROR] src.enrichment.client_base: gnomad HTTP 400: Bad Request
2026-06-06 11:00:55.371 [ERROR] src.enrichment.client_base: gnomad HTTP 400: Bad Request
2026-06-06 11:00:55.406 [ERROR] src.enrichment.client_base: gnomad HTTP 400: Bad Request
2026-06-06 11:00:55.441 [ERROR] src.enrichment.client_base: gnomad HTTP 400: Bad Request
2026-06-06 11:00:55.554 [ERROR] src.enrichment.client_base: gnomad HTTP 400: Bad Request
2026-06-06 11:00:55.559 [ERROR] src.enrichment.client_base: gnomad HTTP 400: Bad Request
2026-06-06 11:00:55.585 [ERROR] src.enrichment.client_base: gnomad HTTP 400: Bad Request
2026-06-06 11:00:55.594 [ERROR] src.enrichment.client_base: gnomad HTTP 400: Bad Request
2026-06-06 11:00:55.620 [ERROR] src.enrichment.client_base: gnomad HTTP 400: Bad Request
2026-06-06 11:00:55.630 [ERROR] src.enrichment.client_base: gnomad HTTP 400: Bad Request
2026-06-06 11:00:55.632 [ERROR] src.enrichment.client_base: gnomad HTTP 400: Bad Request
2026-06-06 11:00:55.660 [ERROR] src.enrichment.client_base: gnomad HTTP 400: Bad Request
2026-06-06 11:00:55.741 [ERROR] src.enrichment.client_base: gnomad HTTP 400: Bad Request
2026-06-06 11:00:55.778 [WARNING] src.enrichment.client_base: clinvar rate limited (429), retrying in 4s...
2026-06-06 11:00:55.902 [WARNING] src.enrichment.client_base: gnomad rate limited (429), retrying in 1s...
2026-06-06 11:00:55.938 [WARNING] src.enrichment.client_base: gnomad rate limited (429), retrying in 1s...
2026-06-06 11:00:56.048 [WARNING] src.enrichment.client_base: gnomad rate limited (429), retrying in 1s...
2026-06-06 11:00:56.188 [WARNING] src.enrichment.client_base: gnomad rate limited (429), retrying in 8s...
2026-06-06 11:00:56.228 [WARNING] src.enrichment.client_base: gnomad rate limited (429), retrying in 8s...
2026-06-06 11:00:56.322 [WARNING] src.enrichment.client_base: clinvar rate limited (429), retrying in 1s...
2026-06-06 11:00:56.437 [WARNING] src.enrichment.client_base: gnomad rate limited (429), retrying in 8s...
2026-06-06 11:00:56.460 [WARNING] src.enrichment.client_base: clinvar rate limited (429), retrying in 2s...
2026-06-06 11:00:56.821 [WARNING] src.enrichment.client_base: gnomad rate limited (429), retrying in 8s...
2026-06-06 11:00:56.884 [WARNING] src.enrichment.client_base: gnomad rate limited (429), retrying in 2s...
2026-06-06 11:00:56.909 [WARNING] src.enrichment.client_base: gnomad rate limited (429), retrying in 2s...
2026-06-06 11:00:56.946 [WARNING] src.enrichment.client_base: gnomad rate limited (429), retrying in 2s...
2026-06-06 11:00:56.958 [WARNING] src.enrichment.client_base: gnomad rate limited (429), retrying in 2s...
2026-06-06 11:00:56.969 [WARNING] src.enrichment.client_base: gnomad rate limited (429), retrying in 2s...
2026-06-06 11:00:57.208 [WARNING] src.enrichment.client_base: gnomad rate limited (429), retrying in 2s...
2026-06-06 11:00:57.245 [WARNING] src.enrichment.client_base: gnomad rate limited (429), retrying in 2s...
2026-06-06 11:00:57.253 [WARNING] src.enrichment.client_base: gnomad rate limited (429), retrying in 2s...
2026-06-06 11:00:57.268 [ERROR] src.enrichment.client_base: gtex request error: Cannot connect to host gtexportal.org:443 ssl:default [None]
2026-06-06 11:00:57.295 [ERROR] src.enrichment.client_base: gtex request error: Cannot connect to host gtexportal.org:443 ssl:default [None]
2026-06-06 11:00:57.325 [ERROR] src.enrichment.client_base: gtex request error: Cannot connect to host gtexportal.org:443 ssl:default [None]
2026-06-06 11:00:57.359 [ERROR] src.enrichment.client_base: gtex request error: Cannot connect to host gtexportal.org:443 ssl:default [None]
2026-06-06 11:00:57.361 [WARNING] src.enrichment.client_base: gnomad rate limited (429), retrying in 2s...
2026-06-06 11:00:57.373 [ERROR] src.enrichment.client_base: gtex request error: Cannot connect to host gtexportal.org:443 ssl:default [None]
2026-06-06 11:00:57.961 [ERROR] src.enrichment.client_base: gtex HTTP 422: Unprocessable Entity
2026-06-06 11:00:58.170 [ERROR] src.enrichment.client_base: gtex HTTP 422: Unprocessable Entity
2026-06-06 11:00:58.222 [WARNING] src.enrichment.client_base: gnomad rate limited (429), retrying in 8s...
2026-06-06 11:00:58.474 [WARNING] src.enrichment.client_base: gnomad rate limited (429), retrying in 8s...
2026-06-06 11:00:58.736 [ERROR] src.enrichment.client_base: gtex HTTP 422: Unprocessable Entity
2026-06-06 11:00:58.757 [ERROR] src.enrichment.client_base: gtex HTTP 422: Unprocessable Entity
2026-06-06 11:00:59.215 [WARNING] src.enrichment.client_base: gnomad rate limited (429), retrying in 4s...
2026-06-06 11:00:59.235 [WARNING] src.enrichment.client_base: gnomad rate limited (429), retrying in 4s...
2026-06-06 11:00:59.271 [WARNING] src.enrichment.client_base: gnomad rate limited (429), retrying in 4s...
2026-06-06 11:00:59.276 [WARNING] src.enrichment.client_base: gnomad rate limited (429), retrying in 4s...
2026-06-06 11:00:59.323 [WARNING] src.enrichment.client_base: gnomad rate limited (429), retrying in 4s...
2026-06-06 11:00:59.430 [ERROR] src.enrichment.client_base: gtex HTTP 422: Unprocessable Entity
2026-06-06 11:00:59.528 [WARNING] src.enrichment.client_base: gnomad rate limited (429), retrying in 4s...
2026-06-06 11:00:59.569 [WARNING] src.enrichment.client_base: gnomad rate limited (429), retrying in 4s...
2026-06-06 11:00:59.578 [WARNING] src.enrichment.client_base: gnomad rate limited (429), retrying in 4s...
2026-06-06 11:00:59.671 [ERROR] src.enrichment.client_base: gtex HTTP 422: Unprocessable Entity
2026-06-06 11:00:59.744 [WARNING] src.enrichment.client_base: clinvar rate limited (429), retrying in 4s...
2026-06-06 11:01:00.053 [WARNING] src.enrichment.client_base: gnomad rate limited (429), retrying in 4s...
2026-06-06 11:01:00.056 [WARNING] src.enrichment.client_base: clinvar rate limited (429), retrying in 1s...
2026-06-06 11:01:01.202 [ERROR] src.enrichment.client_base: gtex HTTP 422: Unprocessable Entity
2026-06-06 11:01:01.230 [ERROR] src.enrichment.client_base: gtex HTTP 422: Unprocessable Entity
2026-06-06 11:01:01.592 [WARNING] src.enrichment.client_base: clinvar rate limited (429), retrying in 1s...
2026-06-06 11:01:01.978 [ERROR] src.enrichment.client_base: gtex HTTP 422: Unprocessable Entity
2026-06-06 11:01:02.360 [ERROR] src.enrichment.client_base: gtex HTTP 422: Unprocessable Entity
2026-06-06 11:01:03.523 [WARNING] src.enrichment.client_base: gnomad rate limited (429), retrying in 8s...
2026-06-06 11:01:03.542 [WARNING] src.enrichment.client_base: gnomad rate limited (429), retrying in 8s...
2026-06-06 11:01:03.584 [WARNING] src.enrichment.client_base: gnomad rate limited (429), retrying in 8s...
2026-06-06 11:01:03.647 [WARNING] src.enrichment.client_base: gnomad rate limited (429), retrying in 8s...
2026-06-06 11:01:03.833 [WARNING] src.enrichment.client_base: gnomad rate limited (429), retrying in 8s...
2026-06-06 11:01:03.878 [WARNING] src.enrichment.client_base: gnomad rate limited (429), retrying in 8s...
2026-06-06 11:01:03.918 [WARNING] src.enrichment.client_base: gnomad rate limited (429), retrying in 8s...
2026-06-06 11:01:03.967 [WARNING] src.enrichment.client_base: gnomad rate limited (429), retrying in 8s...
2026-06-06 11:01:04.514 [WARNING] src.enrichment.client_base: gnomad rate limited (429), retrying in 1s...
2026-06-06 11:01:04.636 [WARNING] src.enrichment.client_base: clinvar rate limited (429), retrying in 1s...
2026-06-06 11:01:04.759 [WARNING] src.enrichment.client_base: clinvar rate limited (429), retrying in 8s...
2026-06-06 11:01:04.761 [WARNING] src.enrichment.client_base: gnomad rate limited (429), retrying in 1s...
2026-06-06 11:01:04.775 [WARNING] src.enrichment.client_base: gnomad rate limited (429), retrying in 8s...
2026-06-06 11:01:04.874 [WARNING] src.enrichment.client_base: clinvar rate limited (429), retrying in 2s...
2026-06-06 11:01:04.964 [WARNING] src.enrichment.client_base: gnomad rate limited (429), retrying in 1s...
2026-06-06 11:01:05.138 [WARNING] src.enrichment.client_base: gnomad rate limited (429), retrying in 1s...
2026-06-06 11:01:05.667 [ERROR] src.enrichment.client_base: gtex HTTP 422: Unprocessable Entity
2026-06-06 11:01:05.846 [WARNING] src.enrichment.client_base: gnomad rate limited (429), retrying in 2s...
2026-06-06 11:01:05.906 [ERROR] src.enrichment.client_base: gtex HTTP 422: Unprocessable Entity
2026-06-06 11:01:06.070 [WARNING] src.enrichment.client_base: gnomad rate limited (429), retrying in 2s...
2026-06-06 11:01:06.134 [ERROR] src.enrichment.client_base: gtex HTTP 422: Unprocessable Entity
2026-06-06 11:01:06.272 [WARNING] src.enrichment.client_base: gnomad rate limited (429), retrying in 2s...
2026-06-06 11:01:06.375 [ERROR] src.enrichment.client_base: gtex HTTP 422: Unprocessable Entity
2026-06-06 11:01:06.447 [WARNING] src.enrichment.client_base: gnomad rate limited (429), retrying in 2s...
2026-06-06 11:01:06.532 [WARNING] src.enrichment.client_base: gnomad rate limited (429), retrying in 1s...
2026-06-06 11:01:06.800 [WARNING] src.enrichment.client_base: gnomad rate limited (429), retrying in 1s...
2026-06-06 11:01:06.826 [ERROR] src.enrichment.client_base: gtex HTTP 422: Unprocessable Entity
2026-06-06 11:01:07.495 [ERROR] src.enrichment.client_base: gtex HTTP 422: Unprocessable Entity
2026-06-06 11:01:07.616 [ERROR] src.enrichment.client_base: gtex HTTP 422: Unprocessable Entity
2026-06-06 11:01:07.818 [WARNING] src.enrichment.client_base: clinvar rate limited (429), retrying in 4s...
2026-06-06 11:01:07.841 [WARNING] src.enrichment.client_base: gnomad rate limited (429), retrying in 2s...
2026-06-06 11:01:08.108 [WARNING] src.enrichment.client_base: gnomad rate limited (429), retrying in 2s...
2026-06-06 11:01:08.173 [WARNING] src.enrichment.client_base: clinvar rate limited (429), retrying in 1s...
2026-06-06 11:01:08.182 [WARNING] src.enrichment.client_base: gnomad rate limited (429), retrying in 4s...
2026-06-06 11:01:08.386 [WARNING] src.enrichment.client_base: gnomad rate limited (429), retrying in 4s...
2026-06-06 11:01:08.604 [WARNING] src.enrichment.client_base: gnomad rate limited (429), retrying in 4s...
2026-06-06 11:01:08.769 [WARNING] src.enrichment.client_base: gnomad rate limited (429), retrying in 4s...
2026-06-06 11:01:08.957 [ERROR] src.enrichment.client_base: gtex HTTP 422: Unprocessable Entity
2026-06-06 11:01:09.371 [ERROR] src.enrichment.client_base: gtex HTTP 422: Unprocessable Entity
2026-06-06 11:01:09.651 [ERROR] src.enrichment.client_base: gtex HTTP 422: Unprocessable Entity
2026-06-06 11:01:10.436 [WARNING] src.enrichment.client_base: gnomad rate limited (429), retrying in 4s...
2026-06-06 11:01:10.457 [ERROR] src.enrichment.client_base: gtex HTTP 422: Unprocessable Entity
2026-06-06 11:01:10.556 [WARNING] src.enrichment.client_base: gnomad rate limited (429), retrying in 4s...
2026-06-06 11:01:10.566 [ERROR] src.enrichment.client_base: gtex HTTP 422: Unprocessable Entity
2026-06-06 11:01:11.346 [WARNING] src.enrichment.client_base: clinvar rate limited (429), retrying in 1s...
2026-06-06 11:01:11.422 [ERROR] src.enrichment.client_base: gtex HTTP 422: Unprocessable Entity
2026-06-06 11:01:11.839 [WARNING] src.enrichment.client_base: gnomad rate limited (429), retrying in 1s...
2026-06-06 11:01:11.849 [ERROR] src.enrichment.client_base: gtex HTTP 422: Unprocessable Entity
2026-06-06 11:01:11.870 [WARNING] src.enrichment.client_base: gnomad rate limited (429), retrying in 1s...
2026-06-06 11:01:11.897 [WARNING] src.enrichment.client_base: gnomad rate limited (429), retrying in 1s...
2026-06-06 11:01:11.951 [WARNING] src.enrichment.client_base: gnomad rate limited (429), retrying in 1s...
2026-06-06 11:01:12.047 [ERROR] src.enrichment.client_base: gnomad HTTP 400: Bad Request
2026-06-06 11:01:12.095 [ERROR] src.enrichment.client_base: gnomad HTTP 400: Bad Request
2026-06-06 11:01:12.120 [ERROR] src.enrichment.client_base: gtex HTTP 422: Unprocessable Entity
2026-06-06 11:01:12.144 [ERROR] src.enrichment.client_base: gnomad HTTP 400: Bad Request
2026-06-06 11:01:12.180 [ERROR] src.enrichment.client_base: gnomad HTTP 400: Bad Request
2026-06-06 11:01:12.405 [ERROR] src.enrichment.client_base: gnomad HTTP 400: Bad Request
2026-06-06 11:01:12.640 [ERROR] src.enrichment.client_base: gnomad HTTP 400: Bad Request
2026-06-06 11:01:12.813 [WARNING] src.enrichment.client_base: clinvar rate limited (429), retrying in 1s...
2026-06-06 11:01:12.822 [ERROR] src.enrichment.client_base: gnomad HTTP 400: Bad Request
2026-06-06 11:01:13.037 [ERROR] src.enrichment.client_base: gnomad HTTP 400: Bad Request
2026-06-06 11:01:13.052 [ERROR] src.enrichment.client_base: gtex HTTP 422: Unprocessable Entity
2026-06-06 11:01:13.061 [ERROR] src.enrichment.client_base: gnomad HTTP 400: Bad Request
2026-06-06 11:01:13.103 [ERROR] src.enrichment.client_base: gnomad HTTP 400: Bad Request
2026-06-06 11:01:13.132 [ERROR] src.enrichment.client_base: gnomad HTTP 400: Bad Request
2026-06-06 11:01:13.172 [ERROR] src.enrichment.client_base: gnomad HTTP 400: Bad Request
2026-06-06 11:01:13.281 [ERROR] src.enrichment.client_base: gnomad HTTP 400: Bad Request
2026-06-06 11:01:13.309 [ERROR] src.enrichment.client_base: gnomad HTTP 400: Bad Request
2026-06-06 11:01:13.363 [ERROR] src.enrichment.client_base: gnomad HTTP 400: Bad Request
2026-06-06 11:01:13.392 [ERROR] src.enrichment.client_base: gnomad HTTP 400: Bad Request
2026-06-06 11:01:13.750 [WARNING] src.enrichment.client_base: clinvar rate limited (429), retrying in 1s...
2026-06-06 11:01:14.662 [ERROR] src.enrichment.client_base: gnomad HTTP 400: Bad Request
2026-06-06 11:01:14.784 [ERROR] src.enrichment.client_base: gnomad HTTP 400: Bad Request
2026-06-06 11:01:15.115 [WARNING] src.enrichment.client_base: clinvar rate limited (429), retrying in 1s...
2026-06-06 11:01:15.138 [WARNING] src.enrichment.client_base: clinvar rate limited (429), retrying in 1s...
2026-06-06 11:01:15.272 [ERROR] src.enrichment.client_base: gnomad HTTP 400: Bad Request
2026-06-06 11:01:15.317 [ERROR] src.enrichment.client_base: gnomad HTTP 400: Bad Request
2026-06-06 11:01:15.351 [ERROR] src.enrichment.client_base: gtex HTTP 422: Unprocessable Entity
2026-06-06 11:01:15.371 [ERROR] src.enrichment.client_base: gnomad HTTP 400: Bad Request
2026-06-06 11:01:15.413 [ERROR] src.enrichment.client_base: gnomad HTTP 400: Bad Request
2026-06-06 11:01:15.508 [ERROR] src.enrichment.client_base: gnomad HTTP 400: Bad Request
2026-06-06 11:01:15.536 [ERROR] src.enrichment.client_base: gnomad HTTP 400: Bad Request
2026-06-06 11:01:15.598 [ERROR] src.enrichment.client_base: gnomad HTTP 400: Bad Request
2026-06-06 11:01:15.627 [ERROR] src.enrichment.client_base: gnomad HTTP 400: Bad Request
2026-06-06 11:01:15.825 [ERROR] src.enrichment.client_base: gtex HTTP 422: Unprocessable Entity
2026-06-06 11:01:16.281 [ERROR] src.enrichment.client_base: gtex HTTP 422: Unprocessable Entity
2026-06-06 11:01:16.322 [ERROR] src.enrichment.client_base: gtex HTTP 422: Unprocessable Entity
2026-06-06 11:01:16.585 [ERROR] src.enrichment.client_base: gtex HTTP 422: Unprocessable Entity
2026-06-06 11:01:16.627 [WARNING] src.enrichment.client_base: clinvar rate limited (429), retrying in 2s...
2026-06-06 11:01:16.762 [ERROR] src.enrichment.client_base: gtex HTTP 422: Unprocessable Entity
2026-06-06 11:01:16.787 [ERROR] src.enrichment.client_base: gtex HTTP 422: Unprocessable Entity
2026-06-06 11:01:16.972 [ERROR] src.enrichment.client_base: gtex HTTP 422: Unprocessable Entity
2026-06-06 11:01:16.996 [WARNING] src.enrichment.client_base: clinvar rate limited (429), retrying in 1s...
2026-06-06 11:01:17.094 [ERROR] src.enrichment.client_base: gtex request error: Cannot connect to host gtexportal.org:443 ssl:default [None]
2026-06-06 11:01:17.111 [ERROR] src.enrichment.client_base: gtex request error: Cannot connect to host gtexportal.org:443 ssl:default [None]
2026-06-06 11:01:17.235 [ERROR] src.enrichment.client_base: gtex HTTP 422: Unprocessable Entity
2026-06-06 11:01:17.296 [ERROR] src.enrichment.client_base: gtex HTTP 422: Unprocessable Entity
2026-06-06 11:01:17.409 [ERROR] src.enrichment.client_base: gtex request error: Cannot connect to host gtexportal.org:443 ssl:default [None]
2026-06-06 11:01:17.464 [ERROR] src.enrichment.client_base: gtex HTTP 422: Unprocessable Entity
2026-06-06 11:01:17.696 [WARNING] src.enrichment.client_base: clinvar rate limited (429), retrying in 2s...
2026-06-06 11:01:18.049 [ERROR] src.enrichment.client_base: gtex HTTP 422: Unprocessable Entity
2026-06-06 11:01:18.232 [ERROR] src.enrichment.client_base: gtex HTTP 422: Unprocessable Entity
2026-06-06 11:01:18.253 [ERROR] src.enrichment.client_base: gtex HTTP 422: Unprocessable Entity
2026-06-06 11:01:18.572 [ERROR] src.enrichment.client_base: gtex HTTP 422: Unprocessable Entity
2026-06-06 11:01:18.576 [ERROR] src.enrichment.client_base: gtex HTTP 422: Unprocessable Entity
2026-06-06 11:01:18.703 [ERROR] src.enrichment.client_base: gtex HTTP 422: Unprocessable Entity
2026-06-06 11:01:18.912 [ERROR] src.enrichment.client_base: gtex HTTP 422: Unprocessable Entity
2026-06-06 11:01:18.940 [ERROR] src.enrichment.client_base: gtex HTTP 422: Unprocessable Entity
2026-06-06 11:01:19.167 [ERROR] src.enrichment.client_base: gtex HTTP 422: Unprocessable Entity
2026-06-06 11:01:19.263 [ERROR] src.enrichment.client_base: gtex HTTP 422: Unprocessable Entity
2026-06-06 11:01:19.505 [ERROR] src.enrichment.client_base: gnomad HTTP 400: Bad Request
2026-06-06 11:01:19.550 [ERROR] src.enrichment.client_base: gnomad HTTP 400: Bad Request
2026-06-06 11:01:19.591 [ERROR] src.enrichment.client_base: gnomad HTTP 400: Bad Request
2026-06-06 11:01:19.626 [ERROR] src.enrichment.client_base: gnomad HTTP 400: Bad Request
2026-06-06 11:01:19.719 [ERROR] src.enrichment.client_base: gnomad HTTP 400: Bad Request
2026-06-06 11:01:19.752 [ERROR] src.enrichment.client_base: gnomad HTTP 400: Bad Request
2026-06-06 11:01:19.828 [ERROR] src.enrichment.client_base: gnomad HTTP 400: Bad Request
2026-06-06 11:01:19.837 [ERROR] src.enrichment.client_base: gnomad HTTP 400: Bad Request
2026-06-06 11:01:19.966 [ERROR] src.enrichment.client_base: gtex HTTP 422: Unprocessable Entity
2026-06-06 11:01:20.388 [ERROR] src.enrichment.client_base: gtex HTTP 422: Unprocessable Entity
2026-06-06 11:01:20.820 [WARNING] src.enrichment.client_base: clinvar rate limited (429), retrying in 4s...
2026-06-06 11:01:21.041 [ERROR] src.enrichment.client_base: gtex HTTP 422: Unprocessable Entity
2026-06-06 11:01:21.121 [WARNING] src.enrichment.client_base: clinvar rate limited (429), retrying in 1s...
2026-06-06 11:01:21.180 [ERROR] src.enrichment.client_base: gtex HTTP 422: Unprocessable Entity
2026-06-06 11:01:21.264 [ERROR] src.enrichment.client_base: gtex HTTP 422: Unprocessable Entity
2026-06-06 11:01:21.411 [ERROR] src.enrichment.client_base: gtex HTTP 422: Unprocessable Entity
2026-06-06 11:01:21.481 [ERROR] src.enrichment.client_base: gtex HTTP 422: Unprocessable Entity
2026-06-06 11:01:21.657 [ERROR] src.enrichment.client_base: gtex HTTP 422: Unprocessable Entity
2026-06-06 11:01:21.724 [ERROR] src.enrichment.client_base: gtex HTTP 422: Unprocessable Entity
2026-06-06 11:01:21.871 [ERROR] src.enrichment.client_base: gtex HTTP 422: Unprocessable Entity
2026-06-06 11:01:22.001 [WARNING] src.enrichment.client_base: clinvar rate limited (429), retrying in 1s...
2026-06-06 11:01:23.249 [ERROR] src.enrichment.client_base: gtex HTTP 422: Unprocessable Entity
2026-06-06 11:01:23.869 [WARNING] src.enrichment.client_base: clinvar rate limited (429), retrying in 1s...
2026-06-06 11:01:25.506 [ERROR] src.enrichment.client_base: gtex HTTP 422: Unprocessable Entity
2026-06-06 11:01:25.644 [ERROR] src.enrichment.client_base: gtex HTTP 422: Unprocessable Entity
2026-06-06 11:01:25.733 [ERROR] src.enrichment.client_base: gtex HTTP 422: Unprocessable Entity
2026-06-06 11:01:25.874 [WARNING] src.enrichment.client_base: clinvar rate limited (429), retrying in 8s...
2026-06-06 11:01:25.903 [ERROR] src.enrichment.client_base: gtex HTTP 422: Unprocessable Entity
2026-06-06 11:01:25.947 [ERROR] src.enrichment.client_base: gtex HTTP 422: Unprocessable Entity
2026-06-06 11:01:25.976 [ERROR] src.enrichment.client_base: gtex HTTP 422: Unprocessable Entity
2026-06-06 11:01:26.004 [WARNING] src.enrichment.client_base: clinvar rate limited (429), retrying in 2s...
2026-06-06 11:01:26.083 [ERROR] src.enrichment.client_base: gtex HTTP 422: Unprocessable Entity
2026-06-06 11:01:26.109 [WARNING] src.enrichment.client_base: clinvar rate limited (429), retrying in 1s...
2026-06-06 11:01:26.111 [ERROR] src.enrichment.client_base: gtex HTTP 422: Unprocessable Entity
2026-06-06 11:01:26.359 [ERROR] src.enrichment.client_base: gtex HTTP 422: Unprocessable Entity
2026-06-06 11:01:26.391 [ERROR] src.enrichment.client_base: gtex HTTP 422: Unprocessable Entity
2026-06-06 11:01:26.566 [ERROR] src.enrichment.client_base: gtex HTTP 422: Unprocessable Entity
2026-06-06 11:01:26.660 [ERROR] src.enrichment.client_base: gtex HTTP 422: Unprocessable Entity
2026-06-06 11:01:26.801 [ERROR] src.enrichment.client_base: gtex HTTP 422: Unprocessable Entity
2026-06-06 11:01:27.123 [ERROR] src.enrichment.client_base: gtex HTTP 422: Unprocessable Entity
2026-06-06 11:01:27.460 [ERROR] src.enrichment.client_base: gtex HTTP 422: Unprocessable Entity
2026-06-06 11:01:27.580 [ERROR] src.enrichment.client_base: gtex HTTP 422: Unprocessable Entity
2026-06-06 11:01:27.838 [ERROR] src.enrichment.client_base: gtex HTTP 422: Unprocessable Entity
2026-06-06 11:01:27.854 [ERROR] src.enrichment.client_base: gtex HTTP 422: Unprocessable Entity
2026-06-06 11:01:28.033 [ERROR] src.enrichment.client_base: gtex HTTP 422: Unprocessable Entity
2026-06-06 11:01:28.097 [ERROR] src.enrichment.client_base: gtex HTTP 422: Unprocessable Entity
2026-06-06 11:01:28.219 [WARNING] src.enrichment.client_base: clinvar rate limited (429), retrying in 1s...
2026-06-06 11:01:28.574 [ERROR] src.enrichment.client_base: gtex HTTP 422: Unprocessable Entity
2026-06-06 11:01:28.615 [ERROR] src.enrichment.client_base: gtex HTTP 422: Unprocessable Entity
2026-06-06 11:01:28.629 [ERROR] src.enrichment.client_base: gtex HTTP 422: Unprocessable Entity
2026-06-06 11:01:29.936 [ERROR] src.enrichment.client_base: gtex HTTP 422: Unprocessable Entity
2026-06-06 11:01:30.047 [ERROR] src.enrichment.client_base: gtex HTTP 422: Unprocessable Entity
2026-06-06 11:01:30.048 [ERROR] src.enrichment.client_base: gtex HTTP 422: Unprocessable Entity
2026-06-06 11:01:30.307 [ERROR] src.enrichment.client_base: gtex HTTP 422: Unprocessable Entity
2026-06-06 11:01:30.336 [ERROR] src.enrichment.client_base: gtex HTTP 422: Unprocessable Entity
2026-06-06 11:01:30.866 [ERROR] src.enrichment.client_base: gtex HTTP 422: Unprocessable Entity
2026-06-06 11:01:31.097 [ERROR] src.enrichment.client_base: gtex HTTP 422: Unprocessable Entity
2026-06-06 11:01:31.958 [ERROR] src.enrichment.client_base: gtex HTTP 422: Unprocessable Entity
2026-06-06 11:01:32.448 [WARNING] src.enrichment.client_base: clinvar rate limited (429), retrying in 2s...
2026-06-06 11:01:32.538 [ERROR] src.enrichment.client_base: gtex HTTP 422: Unprocessable Entity
2026-06-06 11:01:34.398 [ERROR] src.enrichment.client_base: gtex HTTP 422: Unprocessable Entity
2026-06-06 11:01:34.519 [ERROR] src.enrichment.client_base: gtex HTTP 422: Unprocessable Entity
2026-06-06 11:01:34.855 [ERROR] src.enrichment.client_base: gtex HTTP 422: Unprocessable Entity
2026-06-06 11:01:34.862 [ERROR] src.enrichment.client_base: gtex HTTP 422: Unprocessable Entity
2026-06-06 11:01:34.916 [ERROR] src.enrichment.client_base: gtex HTTP 422: Unprocessable Entity
2026-06-06 11:01:35.193 [ERROR] src.enrichment.client_base: gtex HTTP 422: Unprocessable Entity
2026-06-06 11:01:35.338 [ERROR] src.enrichment.client_base: gtex HTTP 422: Unprocessable Entity
2026-06-06 11:01:35.356 [ERROR] src.enrichment.client_base: gtex HTTP 422: Unprocessable Entity
2026-06-06 11:01:35.532 [ERROR] src.enrichment.client_base: gtex HTTP 422: Unprocessable Entity
2026-06-06 11:01:35.627 [ERROR] src.enrichment.client_base: gtex HTTP 422: Unprocessable Entity
2026-06-06 11:01:36.112 [ERROR] src.enrichment.client_base: gtex HTTP 422: Unprocessable Entity
2026-06-06 11:01:36.217 [ERROR] src.enrichment.client_base: gtex HTTP 422: Unprocessable Entity
2026-06-06 11:01:36.426 [ERROR] src.enrichment.client_base: gtex HTTP 422: Unprocessable Entity
2026-06-06 11:01:36.802 [ERROR] src.enrichment.client_base: gtex HTTP 422: Unprocessable Entity
2026-06-06 11:01:36.895 [ERROR] src.enrichment.client_base: gtex HTTP 422: Unprocessable Entity
2026-06-06 11:01:36.928 [ERROR] src.enrichment.client_base: gtex HTTP 422: Unprocessable Entity
2026-06-06 11:01:37.007 [ERROR] src.enrichment.client_base: gtex HTTP 422: Unprocessable Entity
2026-06-06 11:01:37.009 [ERROR] src.enrichment.client_base: gtex HTTP 422: Unprocessable Entity
2026-06-06 11:01:37.229 [ERROR] src.enrichment.client_base: gtex HTTP 422: Unprocessable Entity
2026-06-06 11:01:37.487 [ERROR] src.enrichment.client_base: gtex HTTP 422: Unprocessable Entity
2026-06-06 11:01:37.576 [ERROR] src.enrichment.client_base: gtex HTTP 422: Unprocessable Entity
2026-06-06 11:01:37.684 [ERROR] src.enrichment.client_base: gtex HTTP 422: Unprocessable Entity
2026-06-06 11:01:38.369 [ERROR] src.enrichment.client_base: gtex HTTP 422: Unprocessable Entity
2026-06-06 11:01:38.969 [ERROR] src.enrichment.client_base: gtex HTTP 422: Unprocessable Entity
2026-06-06 11:01:39.401 [ERROR] src.enrichment.client_base: gtex HTTP 422: Unprocessable Entity
2026-06-06 11:01:39.472 [ERROR] src.enrichment.client_base: gtex HTTP 422: Unprocessable Entity
2026-06-06 11:01:39.501 [ERROR] src.enrichment.client_base: gtex HTTP 422: Unprocessable Entity
2026-06-06 11:01:40.056 [ERROR] src.enrichment.client_base: gtex HTTP 422: Unprocessable Entity
2026-06-06 11:01:40.154 [ERROR] src.enrichment.client_base: gtex HTTP 422: Unprocessable Entity
2026-06-06 11:01:40.218 [ERROR] src.enrichment.client_base: gtex HTTP 422: Unprocessable Entity
2026-06-06 11:01:41.438 [ERROR] src.enrichment.client_base: gtex HTTP 422: Unprocessable Entity
2026-06-06 11:01:41.713 [ERROR] src.enrichment.client_base: gtex HTTP 422: Unprocessable Entity
2026-06-06 11:01:43.940 [ERROR] src.enrichment.client_base: gtex HTTP 422: Unprocessable Entity
2026-06-06 11:01:43.969 [ERROR] src.enrichment.client_base: gtex HTTP 422: Unprocessable Entity
2026-06-06 11:01:44.110 [ERROR] src.enrichment.client_base: gtex HTTP 422: Unprocessable Entity
2026-06-06 11:01:44.441 [ERROR] src.enrichment.client_base: gtex HTTP 422: Unprocessable Entity
2026-06-06 11:01:44.583 [ERROR] src.enrichment.client_base: gtex HTTP 422: Unprocessable Entity
2026-06-06 11:01:44.588 [ERROR] src.enrichment.client_base: gtex HTTP 422: Unprocessable Entity
2026-06-06 11:01:44.628 [ERROR] src.enrichment.client_base: gtex HTTP 422: Unprocessable Entity
2026-06-06 11:01:44.884 [ERROR] src.enrichment.client_base: gtex HTTP 422: Unprocessable Entity
2026-06-06 11:01:45.709 [ERROR] src.enrichment.client_base: gtex HTTP 422: Unprocessable Entity
2026-06-06 11:01:45.909 [ERROR] src.enrichment.client_base: gtex HTTP 422: Unprocessable Entity
2026-06-06 11:01:46.074 [ERROR] src.enrichment.client_base: gtex HTTP 422: Unprocessable Entity
2026-06-06 11:01:46.136 [ERROR] src.enrichment.client_base: gtex request error: Cannot connect to host gtexportal.org:443 ssl:default [None]
2026-06-06 11:01:46.184 [ERROR] src.enrichment.client_base: gtex HTTP 422: Unprocessable Entity
2026-06-06 11:01:46.336 [ERROR] src.enrichment.client_base: gtex request error: Cannot connect to host gtexportal.org:443 ssl:default [None]
2026-06-06 11:01:46.421 [ERROR] src.enrichment.client_base: gtex HTTP 422: Unprocessable Entity
2026-06-06 11:01:47.197 [ERROR] src.enrichment.client_base: gtex HTTP 422: Unprocessable Entity
2026-06-06 11:01:48.888 [ERROR] src.enrichment.client_base: gtex HTTP 422: Unprocessable Entity
2026-06-06 11:01:48.906 [ERROR] src.enrichment.client_base: gtex HTTP 422: Unprocessable Entity
2026-06-06 11:01:49.673 [ERROR] src.enrichment.client_base: gtex HTTP 422: Unprocessable Entity
2026-06-06 11:01:53.363 [ERROR] src.enrichment.client_base: gtex HTTP 422: Unprocessable Entity
2026-06-06 11:01:53.385 [ERROR] src.enrichment.client_base: gtex HTTP 422: Unprocessable Entity
2026-06-06 11:01:54.168 [ERROR] src.enrichment.client_base: gtex HTTP 422: Unprocessable Entity
2026-06-06 11:01:54.168 [INFO] main: Stage 6 complete: enriched 38 genes
2026-06-06 11:01:54.169 [INFO] main: Stage 7 complete: report built
2026-06-06 11:01:54.169 [INFO] main: Pipeline completed successfully
2026-06-06 11:01:54.467 [INFO] main: Reports saved: markdown=/Users/zhaorongli/WorkBuddy/2026-06-06-10-32-52/output_redo/sensory_report_20260606_110154.md, json=/Users/zhaorongli/WorkBuddy/2026-06-06-10-32-52/output_redo/sensory_report_20260606_110154.json
