2026-06-06 13:34:38.518 [INFO] src.assessment.inheritance: Logger initialized. Log file: /Users/zhaorongli/.workbuddy/skills/sensory-genomics/logs/sensory_genomics_20260606_133438.log
2026-06-06 13:34:38.546 [INFO] src.gene_sets.loader: Logger initialized. Log file: /Users/zhaorongli/.workbuddy/skills/sensory-genomics/logs/sensory_genomics_20260606_133438.log
2026-06-06 13:34:38.546 [INFO] src.assessment.engine: Logger initialized. Log file: /Users/zhaorongli/.workbuddy/skills/sensory-genomics/logs/sensory_genomics_20260606_133438.log
2026-06-06 13:34:38.548 [INFO] src.config_loader: Logger initialized. Log file: /Users/zhaorongli/.workbuddy/skills/sensory-genomics/logs/sensory_genomics_20260606_133438.log
2026-06-06 13:34:38.575 [INFO] src.enrichment.cache: Logger initialized. Log file: /Users/zhaorongli/.workbuddy/skills/sensory-genomics/logs/sensory_genomics_20260606_133438.log
2026-06-06 13:34:38.817 [INFO] src.enrichment.client_base: Logger initialized. Log file: /Users/zhaorongli/.workbuddy/skills/sensory-genomics/logs/sensory_genomics_20260606_133438.log
2026-06-06 13:34:38.818 [INFO] src.gene_sets.bed_mapper: Logger initialized. Log file: /Users/zhaorongli/.workbuddy/skills/sensory-genomics/logs/sensory_genomics_20260606_133438.log
2026-06-06 13:34:38.819 [INFO] src.gene_sets.filter: Logger initialized. Log file: /Users/zhaorongli/.workbuddy/skills/sensory-genomics/logs/sensory_genomics_20260606_133438.log
2026-06-06 13:34:38.820 [INFO] src.report.json_generator: Logger initialized. Log file: /Users/zhaorongli/.workbuddy/skills/sensory-genomics/logs/sensory_genomics_20260606_133438.log
2026-06-06 13:34:38.866 [INFO] src.report.markdown_generator: Logger initialized. Log file: /Users/zhaorongli/.workbuddy/skills/sensory-genomics/logs/sensory_genomics_20260606_133438.log
2026-06-06 13:34:38.871 [INFO] src.specialized.mitochondrial: Logger initialized. Log file: /Users/zhaorongli/.workbuddy/skills/sensory-genomics/logs/sensory_genomics_20260606_133438.log
2026-06-06 13:34:38.872 [INFO] src.specialized.or_tiers: Logger initialized. Log file: /Users/zhaorongli/.workbuddy/skills/sensory-genomics/logs/sensory_genomics_20260606_133438.log
2026-06-06 13:34:38.874 [INFO] src.specialized.tas2r38: Logger initialized. Log file: /Users/zhaorongli/.workbuddy/skills/sensory-genomics/logs/sensory_genomics_20260606_133438.log
2026-06-06 13:34:38.875 [INFO] src.report.report_context: Logger initialized. Log file: /Users/zhaorongli/.workbuddy/skills/sensory-genomics/logs/sensory_genomics_20260606_133438.log
2026-06-06 13:34:39.975 [INFO] src.config_loader: Config loaded from config.yaml
2026-06-06 13:34:40.390 [INFO] src.gene_sets.loader: Loaded gene sets: 391 genes across 9 subsystems
2026-06-06 13:34:40.392 [INFO] src.specialized.tas2r38: Loaded TAS2R38 SNP definitions: 3 SNPs
2026-06-06 13:34:40.393 [INFO] src.specialized.mitochondrial: Loaded mitochondrial variant database: 8 entries
2026-06-06 13:34:40.395 [INFO] src.specialized.or_tiers: Loaded OR ligand map: 11 entries
2026-06-06 13:34:40.410 [INFO] src.gene_sets.bed_mapper: Loaded BED regions: 6931 intervals across 23 chromosomes (bisect indexed)
2026-06-06 13:34:40.412 [INFO] src.gene_sets.bed_mapper: Loaded BED regions: 38 intervals across 19 chromosomes (bisect indexed)
2026-06-06 13:35:11.928 [INFO] src.gene_sets.filter: Sensory filter: 9278 / 9404 variants retained
2026-06-06 13:35:12.897 [ERROR] src.enrichment.client_base: gnomad HTTP 400: Bad Request
2026-06-06 13:35:12.914 [ERROR] src.enrichment.client_base: gnomad HTTP 400: Bad Request
2026-06-06 13:35:12.916 [ERROR] src.enrichment.client_base: gnomad HTTP 400: Bad Request
2026-06-06 13:35:12.916 [ERROR] src.enrichment.client_base: gnomad HTTP 400: Bad Request
2026-06-06 13:35:12.931 [ERROR] src.enrichment.client_base: gnomad HTTP 400: Bad Request
2026-06-06 13:35:13.026 [ERROR] src.enrichment.client_base: gnomad HTTP 400: Bad Request
2026-06-06 13:35:13.105 [ERROR] src.enrichment.client_base: gnomad HTTP 400: Bad Request
2026-06-06 13:35:13.132 [ERROR] src.enrichment.client_base: gnomad HTTP 400: Bad Request
2026-06-06 13:35:13.241 [ERROR] src.enrichment.client_base: gnomad HTTP 400: Bad Request
2026-06-06 13:35:13.459 [ERROR] src.enrichment.client_base: gnomad HTTP 400: Bad Request
2026-06-06 13:35:13.600 [ERROR] src.enrichment.client_base: gnomad HTTP 400: Bad Request
2026-06-06 13:35:13.663 [ERROR] src.enrichment.client_base: gnomad HTTP 400: Bad Request
2026-06-06 13:35:13.796 [ERROR] src.enrichment.client_base: gnomad HTTP 400: Bad Request
2026-06-06 13:35:14.116 [ERROR] src.enrichment.client_base: gnomad HTTP 400: Bad Request
2026-06-06 13:35:14.154 [ERROR] src.enrichment.client_base: gnomad HTTP 400: Bad Request
2026-06-06 13:35:14.154 [ERROR] src.enrichment.client_base: gnomad HTTP 400: Bad Request
2026-06-06 13:35:14.157 [ERROR] src.enrichment.client_base: gnomad HTTP 400: Bad Request
2026-06-06 13:35:14.158 [ERROR] src.enrichment.client_base: gnomad HTTP 400: Bad Request
2026-06-06 13:35:14.280 [ERROR] src.enrichment.client_base: gnomad HTTP 400: Bad Request
2026-06-06 13:35:14.286 [ERROR] src.enrichment.client_base: gnomad HTTP 400: Bad Request
2026-06-06 13:35:14.346 [ERROR] src.enrichment.client_base: gnomad HTTP 400: Bad Request
2026-06-06 13:35:14.460 [ERROR] src.enrichment.client_base: gnomad HTTP 400: Bad Request
2026-06-06 13:35:14.677 [ERROR] src.enrichment.client_base: gnomad HTTP 400: Bad Request
2026-06-06 13:35:14.808 [ERROR] src.enrichment.client_base: gnomad HTTP 400: Bad Request
2026-06-06 13:35:14.828 [ERROR] src.enrichment.client_base: gnomad HTTP 400: Bad Request
2026-06-06 13:35:14.896 [ERROR] src.enrichment.client_base: gnomad HTTP 400: Bad Request
2026-06-06 13:35:15.014 [ERROR] src.enrichment.client_base: gnomad HTTP 400: Bad Request
2026-06-06 13:35:15.496 [ERROR] src.enrichment.client_base: gnomad HTTP 400: Bad Request
2026-06-06 13:35:15.772 [ERROR] src.enrichment.client_base: gnomad HTTP 400: Bad Request
2026-06-06 13:35:16.339 [ERROR] src.enrichment.client_base: gnomad HTTP 400: Bad Request
2026-06-06 13:35:16.387 [ERROR] src.enrichment.client_base: gnomad HTTP 400: Bad Request
2026-06-06 13:35:16.389 [ERROR] src.enrichment.client_base: gnomad HTTP 400: Bad Request
2026-06-06 13:35:16.391 [ERROR] src.enrichment.client_base: gnomad HTTP 400: Bad Request
2026-06-06 13:35:16.538 [ERROR] src.enrichment.client_base: gnomad HTTP 400: Bad Request
2026-06-06 13:35:16.678 [ERROR] src.enrichment.client_base: gnomad HTTP 400: Bad Request
2026-06-06 13:35:16.824 [ERROR] src.enrichment.client_base: gnomad HTTP 400: Bad Request
2026-06-06 13:35:16.891 [ERROR] src.enrichment.client_base: gnomad HTTP 400: Bad Request
2026-06-06 13:35:16.976 [ERROR] src.enrichment.client_base: gnomad HTTP 400: Bad Request
2026-06-06 13:35:17.000 [ERROR] src.enrichment.client_base: gnomad HTTP 400: Bad Request
2026-06-06 13:35:17.032 [ERROR] src.enrichment.client_base: gnomad HTTP 400: Bad Request
2026-06-06 13:35:17.059 [ERROR] src.enrichment.client_base: gnomad HTTP 400: Bad Request
2026-06-06 13:35:17.110 [ERROR] src.enrichment.client_base: gnomad HTTP 400: Bad Request
2026-06-06 13:35:17.617 [ERROR] src.enrichment.client_base: gnomad HTTP 400: Bad Request
2026-06-06 13:35:17.717 [ERROR] src.enrichment.client_base: gnomad HTTP 400: Bad Request
2026-06-06 13:35:19.226 [ERROR] src.enrichment.client_base: gnomad HTTP 400: Bad Request
2026-06-06 13:35:20.560 [ERROR] src.enrichment.client_base: gnomad HTTP 400: Bad Request
2026-06-06 13:35:20.613 [ERROR] src.enrichment.client_base: gnomad HTTP 400: Bad Request
2026-06-06 13:35:20.614 [ERROR] src.enrichment.client_base: gnomad HTTP 400: Bad Request
2026-06-06 13:35:20.642 [ERROR] src.enrichment.client_base: gnomad HTTP 400: Bad Request
2026-06-06 13:35:20.760 [ERROR] src.enrichment.client_base: gnomad HTTP 400: Bad Request
2026-06-06 13:35:20.781 [ERROR] src.enrichment.client_base: gnomad HTTP 400: Bad Request
2026-06-06 13:35:20.830 [ERROR] src.enrichment.client_base: gnomad HTTP 400: Bad Request
2026-06-06 13:35:20.928 [WARNING] src.enrichment.client_base: gnomad rate limited (429), retrying in 1s...
2026-06-06 13:35:20.964 [WARNING] src.enrichment.client_base: gnomad rate limited (429), retrying in 1s...
2026-06-06 13:35:20.998 [WARNING] src.enrichment.client_base: gnomad rate limited (429), retrying in 8s...
2026-06-06 13:35:21.082 [WARNING] src.enrichment.client_base: gnomad rate limited (429), retrying in 1s...
2026-06-06 13:35:21.139 [WARNING] src.enrichment.client_base: gnomad rate limited (429), retrying in 8s...
2026-06-06 13:35:21.294 [WARNING] src.enrichment.client_base: gnomad rate limited (429), retrying in 8s...
2026-06-06 13:35:21.352 [WARNING] src.enrichment.client_base: gnomad rate limited (429), retrying in 8s...
2026-06-06 13:35:21.377 [WARNING] src.enrichment.client_base: gnomad rate limited (429), retrying in 8s...
2026-06-06 13:35:21.459 [WARNING] src.enrichment.client_base: gnomad rate limited (429), retrying in 8s...
2026-06-06 13:35:21.938 [WARNING] src.enrichment.client_base: gnomad rate limited (429), retrying in 8s...
2026-06-06 13:35:22.084 [WARNING] src.enrichment.client_base: gnomad rate limited (429), retrying in 8s...
2026-06-06 13:35:22.097 [WARNING] src.enrichment.client_base: gnomad rate limited (429), retrying in 2s...
2026-06-06 13:35:22.143 [WARNING] src.enrichment.client_base: gnomad rate limited (429), retrying in 2s...
2026-06-06 13:35:22.239 [WARNING] src.enrichment.client_base: gnomad rate limited (429), retrying in 2s...
2026-06-06 13:35:22.278 [WARNING] src.enrichment.client_base: gnomad rate limited (429), retrying in 2s...
2026-06-06 13:35:22.402 [WARNING] src.enrichment.client_base: gnomad rate limited (429), retrying in 2s...
2026-06-06 13:35:23.560 [WARNING] src.enrichment.client_base: gnomad rate limited (429), retrying in 8s...
2026-06-06 13:35:23.890 [WARNING] src.enrichment.client_base: gnomad rate limited (429), retrying in 8s...
2026-06-06 13:35:24.430 [WARNING] src.enrichment.client_base: gnomad rate limited (429), retrying in 4s...
2026-06-06 13:35:24.460 [WARNING] src.enrichment.client_base: gnomad rate limited (429), retrying in 4s...
2026-06-06 13:35:24.555 [WARNING] src.enrichment.client_base: gnomad rate limited (429), retrying in 4s...
2026-06-06 13:35:24.596 [WARNING] src.enrichment.client_base: gnomad rate limited (429), retrying in 4s...
2026-06-06 13:35:24.767 [WARNING] src.enrichment.client_base: gnomad rate limited (429), retrying in 4s...
2026-06-06 13:35:28.760 [WARNING] src.enrichment.client_base: gnomad rate limited (429), retrying in 8s...
2026-06-06 13:35:28.779 [WARNING] src.enrichment.client_base: gnomad rate limited (429), retrying in 8s...
2026-06-06 13:35:28.900 [WARNING] src.enrichment.client_base: gnomad rate limited (429), retrying in 8s...
2026-06-06 13:35:28.941 [WARNING] src.enrichment.client_base: gnomad rate limited (429), retrying in 8s...
2026-06-06 13:35:29.083 [WARNING] src.enrichment.client_base: gnomad rate limited (429), retrying in 8s...
2026-06-06 13:35:29.307 [WARNING] src.enrichment.client_base: gnomad rate limited (429), retrying in 1s...
2026-06-06 13:35:29.612 [WARNING] src.enrichment.client_base: gnomad rate limited (429), retrying in 1s...
2026-06-06 13:35:29.669 [WARNING] src.enrichment.client_base: gnomad rate limited (429), retrying in 1s...
2026-06-06 13:35:29.682 [WARNING] src.enrichment.client_base: gnomad rate limited (429), retrying in 1s...
2026-06-06 13:35:29.781 [WARNING] src.enrichment.client_base: gnomad rate limited (429), retrying in 1s...
2026-06-06 13:35:29.832 [WARNING] src.enrichment.client_base: gnomad rate limited (429), retrying in 1s...
2026-06-06 13:35:30.269 [WARNING] src.enrichment.client_base: gnomad rate limited (429), retrying in 1s...
2026-06-06 13:35:30.409 [WARNING] src.enrichment.client_base: gnomad rate limited (429), retrying in 1s...
2026-06-06 13:35:30.623 [WARNING] src.enrichment.client_base: gnomad rate limited (429), retrying in 2s...
2026-06-06 13:35:30.985 [WARNING] src.enrichment.client_base: gnomad rate limited (429), retrying in 2s...
2026-06-06 13:35:30.999 [WARNING] src.enrichment.client_base: gnomad rate limited (429), retrying in 2s...
2026-06-06 13:35:31.125 [WARNING] src.enrichment.client_base: gnomad rate limited (429), retrying in 2s...
2026-06-06 13:35:31.143 [WARNING] src.enrichment.client_base: gnomad rate limited (429), retrying in 2s...
2026-06-06 13:35:31.308 [WARNING] src.enrichment.client_base: gnomad rate limited (429), retrying in 2s...
2026-06-06 13:35:31.581 [WARNING] src.enrichment.client_base: gnomad rate limited (429), retrying in 2s...
2026-06-06 13:35:31.729 [WARNING] src.enrichment.client_base: gnomad rate limited (429), retrying in 2s...
2026-06-06 13:35:31.878 [WARNING] src.enrichment.client_base: gnomad rate limited (429), retrying in 1s...
2026-06-06 13:35:32.210 [WARNING] src.enrichment.client_base: gnomad rate limited (429), retrying in 1s...
2026-06-06 13:35:32.537 [ERROR] src.enrichment.client_base: gtex request error: Cannot connect to host gtexportal.org:443 ssl:default [None]
2026-06-06 13:35:32.569 [ERROR] src.enrichment.client_base: gtex request error: Cannot connect to host gtexportal.org:443 ssl:default [None]
2026-06-06 13:35:32.573 [ERROR] src.enrichment.client_base: gtex request error: Cannot connect to host gtexportal.org:443 ssl:default [None]
2026-06-06 13:35:32.612 [ERROR] src.enrichment.client_base: gtex request error: Cannot connect to host gtexportal.org:443 ssl:default [None]
2026-06-06 13:35:32.622 [ERROR] src.enrichment.client_base: gtex request error: Cannot connect to host gtexportal.org:443 ssl:default [None]
2026-06-06 13:35:32.884 [ERROR] src.enrichment.client_base: gtex request error: Cannot connect to host gtexportal.org:443 ssl:default [None]
2026-06-06 13:35:32.897 [ERROR] src.enrichment.client_base: gtex request error: Cannot connect to host gtexportal.org:443 ssl:default [None]
2026-06-06 13:35:32.928 [WARNING] src.enrichment.client_base: gnomad rate limited (429), retrying in 4s...
2026-06-06 13:35:33.068 [ERROR] src.enrichment.client_base: gtex request error: Cannot connect to host gtexportal.org:443 ssl:default [None]
2026-06-06 13:35:33.127 [ERROR] src.enrichment.client_base: gtex request error: Cannot connect to host gtexportal.org:443 ssl:default [None]
2026-06-06 13:35:33.199 [WARNING] src.enrichment.client_base: gnomad rate limited (429), retrying in 2s...
2026-06-06 13:35:33.295 [WARNING] src.enrichment.client_base: gnomad rate limited (429), retrying in 4s...
2026-06-06 13:35:33.306 [WARNING] src.enrichment.client_base: gnomad rate limited (429), retrying in 4s...
2026-06-06 13:35:33.454 [WARNING] src.enrichment.client_base: gnomad rate limited (429), retrying in 4s...
2026-06-06 13:35:33.470 [WARNING] src.enrichment.client_base: gnomad rate limited (429), retrying in 4s...
2026-06-06 13:35:33.527 [WARNING] src.enrichment.client_base: gnomad rate limited (429), retrying in 2s...
2026-06-06 13:35:33.635 [WARNING] src.enrichment.client_base: gnomad rate limited (429), retrying in 4s...
2026-06-06 13:35:33.928 [WARNING] src.enrichment.client_base: gnomad rate limited (429), retrying in 4s...
2026-06-06 13:35:34.051 [WARNING] src.enrichment.client_base: gnomad rate limited (429), retrying in 4s...
2026-06-06 13:35:35.516 [WARNING] src.enrichment.client_base: gnomad rate limited (429), retrying in 4s...
2026-06-06 13:35:35.844 [WARNING] src.enrichment.client_base: gnomad rate limited (429), retrying in 4s...
2026-06-06 13:35:37.072 [WARNING] src.enrichment.client_base: gnomad rate limited (429), retrying in 1s...
2026-06-06 13:35:37.096 [WARNING] src.enrichment.client_base: gnomad rate limited (429), retrying in 1s...
2026-06-06 13:35:37.218 [WARNING] src.enrichment.client_base: gnomad rate limited (429), retrying in 1s...
2026-06-06 13:35:37.235 [WARNING] src.enrichment.client_base: gnomad rate limited (429), retrying in 8s...
2026-06-06 13:35:37.264 [WARNING] src.enrichment.client_base: gnomad rate limited (429), retrying in 1s...
2026-06-06 13:35:37.394 [WARNING] src.enrichment.client_base: gnomad rate limited (429), retrying in 1s...
2026-06-06 13:35:37.618 [WARNING] src.enrichment.client_base: gnomad rate limited (429), retrying in 8s...
2026-06-06 13:35:37.637 [WARNING] src.enrichment.client_base: gnomad rate limited (429), retrying in 8s...
2026-06-06 13:35:37.802 [WARNING] src.enrichment.client_base: gnomad rate limited (429), retrying in 8s...
2026-06-06 13:35:37.802 [WARNING] src.enrichment.client_base: gnomad rate limited (429), retrying in 8s...
2026-06-06 13:35:37.993 [WARNING] src.enrichment.client_base: gnomad rate limited (429), retrying in 8s...
2026-06-06 13:35:38.283 [WARNING] src.enrichment.client_base: gnomad rate limited (429), retrying in 8s...
2026-06-06 13:35:38.394 [WARNING] src.enrichment.client_base: gnomad rate limited (429), retrying in 2s...
2026-06-06 13:35:38.411 [WARNING] src.enrichment.client_base: gnomad rate limited (429), retrying in 2s...
2026-06-06 13:35:38.554 [WARNING] src.enrichment.client_base: gnomad rate limited (429), retrying in 2s...
2026-06-06 13:35:38.586 [WARNING] src.enrichment.client_base: gnomad rate limited (429), retrying in 2s...
2026-06-06 13:35:38.717 [WARNING] src.enrichment.client_base: gnomad rate limited (429), retrying in 2s...
2026-06-06 13:35:38.731 [WARNING] src.enrichment.client_base: gnomad rate limited (429), retrying in 8s...
2026-06-06 13:35:39.824 [WARNING] src.enrichment.client_base: gnomad rate limited (429), retrying in 8s...
2026-06-06 13:35:40.164 [WARNING] src.enrichment.client_base: gnomad rate limited (429), retrying in 8s...
2026-06-06 13:35:40.732 [WARNING] src.enrichment.client_base: gnomad rate limited (429), retrying in 4s...
2026-06-06 13:35:40.732 [WARNING] src.enrichment.client_base: gnomad rate limited (429), retrying in 4s...
2026-06-06 13:35:40.866 [WARNING] src.enrichment.client_base: gnomad rate limited (429), retrying in 4s...
2026-06-06 13:35:40.902 [WARNING] src.enrichment.client_base: gnomad rate limited (429), retrying in 4s...
2026-06-06 13:35:41.798 [WARNING] src.enrichment.client_base: gnomad rate limited (429), retrying in 4s...
2026-06-06 13:35:42.392 [ERROR] src.enrichment.client_base: gtex request timeout
2026-06-06 13:35:44.571 [ERROR] src.enrichment.client_base: gtex HTTP 422: Unprocessable Entity
2026-06-06 13:35:44.664 [ERROR] src.enrichment.client_base: gtex HTTP 422: Unprocessable Entity
2026-06-06 13:35:44.987 [ERROR] src.enrichment.client_base: gtex HTTP 422: Unprocessable Entity
2026-06-06 13:35:45.051 [WARNING] src.enrichment.client_base: gnomad rate limited (429), retrying in 8s...
2026-06-06 13:35:45.069 [ERROR] src.enrichment.client_base: gtex HTTP 422: Unprocessable Entity
2026-06-06 13:35:45.077 [WARNING] src.enrichment.client_base: gnomad rate limited (429), retrying in 8s...
2026-06-06 13:35:45.147 [ERROR] src.enrichment.client_base: gtex HTTP 422: Unprocessable Entity
2026-06-06 13:35:45.178 [WARNING] src.enrichment.client_base: gnomad rate limited (429), retrying in 8s...
2026-06-06 13:35:45.214 [WARNING] src.enrichment.client_base: gnomad rate limited (429), retrying in 8s...
2026-06-06 13:35:45.219 [ERROR] src.enrichment.client_base: gtex HTTP 422: Unprocessable Entity
2026-06-06 13:35:45.412 [ERROR] src.enrichment.client_base: gtex HTTP 422: Unprocessable Entity
2026-06-06 13:35:45.542 [WARNING] src.enrichment.client_base: gnomad rate limited (429), retrying in 1s...
2026-06-06 13:35:45.752 [ERROR] src.enrichment.client_base: gtex HTTP 422: Unprocessable Entity
2026-06-06 13:35:45.876 [ERROR] src.enrichment.client_base: gtex HTTP 422: Unprocessable Entity
2026-06-06 13:35:45.935 [WARNING] src.enrichment.client_base: gnomad rate limited (429), retrying in 1s...
2026-06-06 13:35:45.956 [WARNING] src.enrichment.client_base: gnomad rate limited (429), retrying in 1s...
2026-06-06 13:35:46.109 [WARNING] src.enrichment.client_base: gnomad rate limited (429), retrying in 8s...
2026-06-06 13:35:46.848 [WARNING] src.enrichment.client_base: gnomad rate limited (429), retrying in 2s...
2026-06-06 13:35:47.054 [ERROR] src.enrichment.client_base: gtex HTTP 422: Unprocessable Entity
2026-06-06 13:35:47.131 [ERROR] src.enrichment.client_base: gtex HTTP 422: Unprocessable Entity
2026-06-06 13:35:47.264 [WARNING] src.enrichment.client_base: gnomad rate limited (429), retrying in 2s...
2026-06-06 13:35:47.453 [ERROR] src.enrichment.client_base: gtex HTTP 422: Unprocessable Entity
2026-06-06 13:35:47.637 [WARNING] src.enrichment.client_base: gnomad rate limited (429), retrying in 2s...
2026-06-06 13:35:47.669 [ERROR] src.enrichment.client_base: gtex HTTP 422: Unprocessable Entity
2026-06-06 13:35:48.083 [ERROR] src.enrichment.client_base: gtex HTTP 422: Unprocessable Entity
2026-06-06 13:35:48.106 [ERROR] src.enrichment.client_base: gtex HTTP 422: Unprocessable Entity
2026-06-06 13:35:48.208 [ERROR] src.enrichment.client_base: gtex HTTP 422: Unprocessable Entity
2026-06-06 13:35:48.422 [ERROR] src.enrichment.client_base: gtex HTTP 422: Unprocessable Entity
2026-06-06 13:35:48.699 [ERROR] src.enrichment.client_base: gtex HTTP 422: Unprocessable Entity
2026-06-06 13:35:49.156 [WARNING] src.enrichment.client_base: gnomad rate limited (429), retrying in 4s...
2026-06-06 13:35:49.578 [WARNING] src.enrichment.client_base: gnomad rate limited (429), retrying in 4s...
2026-06-06 13:35:50.329 [WARNING] src.enrichment.client_base: gnomad rate limited (429), retrying in 4s...
2026-06-06 13:35:51.622 [ERROR] src.enrichment.client_base: gtex HTTP 422: Unprocessable Entity
2026-06-06 13:35:51.891 [ERROR] src.enrichment.client_base: gtex HTTP 422: Unprocessable Entity
2026-06-06 13:35:51.959 [ERROR] src.enrichment.client_base: gtex HTTP 422: Unprocessable Entity
2026-06-06 13:35:52.074 [ERROR] src.enrichment.client_base: gtex HTTP 422: Unprocessable Entity
2026-06-06 13:35:52.130 [ERROR] src.enrichment.client_base: gtex HTTP 422: Unprocessable Entity
2026-06-06 13:35:52.372 [ERROR] src.enrichment.client_base: gtex HTTP 422: Unprocessable Entity
2026-06-06 13:35:52.408 [ERROR] src.enrichment.client_base: gtex HTTP 422: Unprocessable Entity
2026-06-06 13:35:52.575 [ERROR] src.enrichment.client_base: gtex HTTP 422: Unprocessable Entity
2026-06-06 13:35:52.818 [ERROR] src.enrichment.client_base: gtex HTTP 422: Unprocessable Entity
2026-06-06 13:35:52.904 [ERROR] src.enrichment.client_base: gtex HTTP 422: Unprocessable Entity
2026-06-06 13:35:53.021 [ERROR] src.enrichment.client_base: gtex HTTP 422: Unprocessable Entity
2026-06-06 13:35:53.119 [ERROR] src.enrichment.client_base: gtex HTTP 422: Unprocessable Entity
2026-06-06 13:35:53.270 [ERROR] src.enrichment.client_base: gtex HTTP 422: Unprocessable Entity
2026-06-06 13:35:53.328 [ERROR] src.enrichment.client_base: gtex HTTP 422: Unprocessable Entity
2026-06-06 13:35:53.343 [ERROR] src.enrichment.client_base: gtex HTTP 422: Unprocessable Entity
2026-06-06 13:35:53.474 [WARNING] src.enrichment.client_base: gnomad rate limited (429), retrying in 8s...
2026-06-06 13:35:53.520 [ERROR] src.enrichment.client_base: gtex HTTP 422: Unprocessable Entity
2026-06-06 13:35:53.710 [ERROR] src.enrichment.client_base: gtex HTTP 422: Unprocessable Entity
2026-06-06 13:35:53.831 [ERROR] src.enrichment.client_base: gtex HTTP 422: Unprocessable Entity
2026-06-06 13:35:53.899 [WARNING] src.enrichment.client_base: gnomad rate limited (429), retrying in 8s...
2026-06-06 13:35:53.979 [ERROR] src.enrichment.client_base: gtex HTTP 422: Unprocessable Entity
2026-06-06 13:35:54.395 [ERROR] src.enrichment.client_base: gtex HTTP 422: Unprocessable Entity
2026-06-06 13:35:54.422 [ERROR] src.enrichment.client_base: gtex HTTP 422: Unprocessable Entity
2026-06-06 13:35:54.530 [ERROR] src.enrichment.client_base: gtex HTTP 422: Unprocessable Entity
2026-06-06 13:35:54.722 [ERROR] src.enrichment.client_base: gtex HTTP 422: Unprocessable Entity
2026-06-06 13:35:54.792 [ERROR] src.enrichment.client_base: gtex HTTP 422: Unprocessable Entity
2026-06-06 13:35:55.070 [WARNING] src.enrichment.client_base: gnomad rate limited (429), retrying in 8s...
2026-06-06 13:35:55.306 [ERROR] src.enrichment.client_base: gtex HTTP 422: Unprocessable Entity
2026-06-06 13:35:55.415 [ERROR] src.enrichment.client_base: gtex HTTP 422: Unprocessable Entity
2026-06-06 13:35:56.008 [ERROR] src.enrichment.client_base: gtex HTTP 422: Unprocessable Entity
2026-06-06 13:35:56.279 [ERROR] src.enrichment.client_base: gtex HTTP 422: Unprocessable Entity
2026-06-06 13:35:56.366 [ERROR] src.enrichment.client_base: gtex HTTP 422: Unprocessable Entity
2026-06-06 13:35:56.520 [ERROR] src.enrichment.client_base: gtex HTTP 422: Unprocessable Entity
2026-06-06 13:35:56.844 [ERROR] src.enrichment.client_base: gtex HTTP 422: Unprocessable Entity
2026-06-06 13:35:56.893 [ERROR] src.enrichment.client_base: gtex HTTP 422: Unprocessable Entity
2026-06-06 13:35:57.194 [ERROR] src.enrichment.client_base: gtex HTTP 422: Unprocessable Entity
2026-06-06 13:35:57.250 [ERROR] src.enrichment.client_base: gtex HTTP 422: Unprocessable Entity
2026-06-06 13:35:57.769 [ERROR] src.enrichment.client_base: gtex HTTP 422: Unprocessable Entity
2026-06-06 13:35:58.408 [ERROR] src.enrichment.client_base: gtex HTTP 422: Unprocessable Entity
2026-06-06 13:35:58.516 [ERROR] src.enrichment.client_base: gtex HTTP 422: Unprocessable Entity
2026-06-06 13:35:58.993 [ERROR] src.enrichment.client_base: gtex HTTP 422: Unprocessable Entity
2026-06-06 13:36:00.822 [ERROR] src.enrichment.client_base: gtex HTTP 422: Unprocessable Entity
2026-06-06 13:36:01.127 [ERROR] src.enrichment.client_base: gtex HTTP 422: Unprocessable Entity
2026-06-06 13:36:01.354 [ERROR] src.enrichment.client_base: gtex HTTP 422: Unprocessable Entity
2026-06-06 13:36:01.473 [ERROR] src.enrichment.client_base: gtex HTTP 422: Unprocessable Entity
2026-06-06 13:36:01.580 [ERROR] src.enrichment.client_base: gtex HTTP 422: Unprocessable Entity
2026-06-06 13:36:01.653 [ERROR] src.enrichment.client_base: gtex HTTP 422: Unprocessable Entity
2026-06-06 13:36:01.696 [ERROR] src.enrichment.client_base: gtex HTTP 422: Unprocessable Entity
2026-06-06 13:36:01.723 [ERROR] src.enrichment.client_base: gtex HTTP 422: Unprocessable Entity
2026-06-06 13:36:01.995 [ERROR] src.enrichment.client_base: gtex HTTP 422: Unprocessable Entity
2026-06-06 13:36:02.121 [ERROR] src.enrichment.client_base: gtex HTTP 422: Unprocessable Entity
2026-06-06 13:36:02.161 [ERROR] src.enrichment.client_base: gtex HTTP 422: Unprocessable Entity
2026-06-06 13:36:02.261 [ERROR] src.enrichment.client_base: gtex HTTP 422: Unprocessable Entity
2026-06-06 13:36:02.497 [ERROR] src.enrichment.client_base: gtex HTTP 422: Unprocessable Entity
2026-06-06 13:36:02.721 [ERROR] src.enrichment.client_base: gtex HTTP 422: Unprocessable Entity
2026-06-06 13:36:02.912 [ERROR] src.enrichment.client_base: gtex HTTP 422: Unprocessable Entity
2026-06-06 13:36:02.980 [ERROR] src.enrichment.client_base: gtex HTTP 422: Unprocessable Entity
2026-06-06 13:36:03.059 [ERROR] src.enrichment.client_base: gtex HTTP 422: Unprocessable Entity
2026-06-06 13:36:03.354 [ERROR] src.enrichment.client_base: gtex HTTP 422: Unprocessable Entity
2026-06-06 13:36:03.455 [ERROR] src.enrichment.client_base: gtex HTTP 422: Unprocessable Entity
2026-06-06 13:36:03.660 [ERROR] src.enrichment.client_base: gtex HTTP 422: Unprocessable Entity
2026-06-06 13:36:03.664 [ERROR] src.enrichment.client_base: gtex HTTP 422: Unprocessable Entity
2026-06-06 13:36:03.930 [ERROR] src.enrichment.client_base: gtex HTTP 422: Unprocessable Entity
2026-06-06 13:36:03.960 [ERROR] src.enrichment.client_base: gtex HTTP 422: Unprocessable Entity
2026-06-06 13:36:03.970 [ERROR] src.enrichment.client_base: gtex HTTP 422: Unprocessable Entity
2026-06-06 13:36:04.132 [ERROR] src.enrichment.client_base: gtex HTTP 422: Unprocessable Entity
2026-06-06 13:36:04.212 [ERROR] src.enrichment.client_base: gtex HTTP 422: Unprocessable Entity
2026-06-06 13:36:04.469 [ERROR] src.enrichment.client_base: gtex HTTP 422: Unprocessable Entity
2026-06-06 13:36:04.842 [ERROR] src.enrichment.client_base: gtex HTTP 422: Unprocessable Entity
2026-06-06 13:36:05.410 [ERROR] src.enrichment.client_base: gtex HTTP 422: Unprocessable Entity
2026-06-06 13:36:05.616 [ERROR] src.enrichment.client_base: gtex HTTP 422: Unprocessable Entity
2026-06-06 13:36:05.873 [ERROR] src.enrichment.client_base: gtex HTTP 422: Unprocessable Entity
2026-06-06 13:36:06.126 [ERROR] src.enrichment.client_base: gtex HTTP 422: Unprocessable Entity
2026-06-06 13:36:06.402 [ERROR] src.enrichment.client_base: gtex HTTP 422: Unprocessable Entity
2026-06-06 13:36:06.411 [ERROR] src.enrichment.client_base: gtex HTTP 422: Unprocessable Entity
2026-06-06 13:36:06.430 [ERROR] src.enrichment.client_base: gtex HTTP 422: Unprocessable Entity
2026-06-06 13:36:07.243 [ERROR] src.enrichment.client_base: gtex HTTP 422: Unprocessable Entity
2026-06-06 13:36:07.291 [ERROR] src.enrichment.client_base: gtex HTTP 422: Unprocessable Entity
2026-06-06 13:36:07.519 [ERROR] src.enrichment.client_base: gtex HTTP 422: Unprocessable Entity
2026-06-06 13:36:07.867 [ERROR] src.enrichment.client_base: gtex HTTP 422: Unprocessable Entity
2026-06-06 13:36:08.079 [ERROR] src.enrichment.client_base: gtex HTTP 422: Unprocessable Entity
2026-06-06 13:36:10.832 [ERROR] src.enrichment.client_base: gtex HTTP 422: Unprocessable Entity
2026-06-06 13:36:10.862 [ERROR] src.enrichment.client_base: gtex HTTP 422: Unprocessable Entity
2026-06-06 13:36:10.869 [ERROR] src.enrichment.client_base: gtex HTTP 422: Unprocessable Entity
2026-06-06 13:36:11.132 [ERROR] src.enrichment.client_base: gtex HTTP 422: Unprocessable Entity
2026-06-06 13:36:11.312 [ERROR] src.enrichment.client_base: gtex HTTP 422: Unprocessable Entity
2026-06-06 13:36:11.321 [ERROR] src.enrichment.client_base: gtex HTTP 422: Unprocessable Entity
2026-06-06 13:36:11.528 [ERROR] src.enrichment.client_base: gtex HTTP 422: Unprocessable Entity
2026-06-06 13:36:11.549 [ERROR] src.enrichment.client_base: gtex HTTP 422: Unprocessable Entity
2026-06-06 13:36:11.723 [ERROR] src.enrichment.client_base: gtex HTTP 422: Unprocessable Entity
2026-06-06 13:36:11.767 [ERROR] src.enrichment.client_base: gtex HTTP 422: Unprocessable Entity
2026-06-06 13:36:11.999 [ERROR] src.enrichment.client_base: gtex HTTP 422: Unprocessable Entity
2026-06-06 13:36:12.020 [ERROR] src.enrichment.client_base: gtex HTTP 422: Unprocessable Entity
2026-06-06 13:36:12.092 [ERROR] src.enrichment.client_base: gtex HTTP 422: Unprocessable Entity
2026-06-06 13:36:12.176 [ERROR] src.enrichment.client_base: gtex HTTP 422: Unprocessable Entity
2026-06-06 13:36:12.224 [ERROR] src.enrichment.client_base: gtex HTTP 422: Unprocessable Entity
2026-06-06 13:36:12.357 [ERROR] src.enrichment.client_base: gtex HTTP 422: Unprocessable Entity
2026-06-06 13:36:12.463 [ERROR] src.enrichment.client_base: gtex HTTP 422: Unprocessable Entity
2026-06-06 13:36:13.092 [ERROR] src.enrichment.client_base: gtex HTTP 422: Unprocessable Entity
2026-06-06 13:36:13.315 [ERROR] src.enrichment.client_base: gtex HTTP 422: Unprocessable Entity
2026-06-06 13:36:13.349 [ERROR] src.enrichment.client_base: gtex HTTP 422: Unprocessable Entity
2026-06-06 13:36:13.500 [ERROR] src.enrichment.client_base: gtex HTTP 422: Unprocessable Entity
2026-06-06 13:36:13.524 [ERROR] src.enrichment.client_base: gtex HTTP 422: Unprocessable Entity
2026-06-06 13:36:13.554 [ERROR] src.enrichment.client_base: gtex HTTP 422: Unprocessable Entity
2026-06-06 13:36:13.642 [ERROR] src.enrichment.client_base: gtex HTTP 422: Unprocessable Entity
2026-06-06 13:36:13.684 [ERROR] src.enrichment.client_base: gtex HTTP 422: Unprocessable Entity
2026-06-06 13:36:13.917 [ERROR] src.enrichment.client_base: gtex HTTP 422: Unprocessable Entity
2026-06-06 13:36:14.077 [ERROR] src.enrichment.client_base: gtex HTTP 422: Unprocessable Entity
2026-06-06 13:36:15.761 [ERROR] src.enrichment.client_base: gtex HTTP 422: Unprocessable Entity
2026-06-06 13:36:16.000 [ERROR] src.enrichment.client_base: gtex HTTP 422: Unprocessable Entity
2026-06-06 13:36:16.111 [ERROR] src.enrichment.client_base: gtex HTTP 422: Unprocessable Entity
2026-06-06 13:36:16.142 [ERROR] src.enrichment.client_base: gtex HTTP 422: Unprocessable Entity
2026-06-06 13:36:16.181 [ERROR] src.enrichment.client_base: gtex HTTP 422: Unprocessable Entity
2026-06-06 13:36:16.312 [ERROR] src.enrichment.client_base: gtex HTTP 422: Unprocessable Entity
2026-06-06 13:36:16.321 [ERROR] src.enrichment.client_base: gtex HTTP 422: Unprocessable Entity
2026-06-06 13:36:16.373 [ERROR] src.enrichment.client_base: gtex HTTP 422: Unprocessable Entity
2026-06-06 13:36:16.383 [ERROR] src.enrichment.client_base: gtex HTTP 422: Unprocessable Entity
2026-06-06 13:36:19.335 [ERROR] src.enrichment.client_base: gtex HTTP 422: Unprocessable Entity
2026-06-06 13:36:20.253 [ERROR] src.enrichment.client_base: gtex HTTP 422: Unprocessable Entity
2026-06-06 13:36:20.614 [ERROR] src.enrichment.client_base: gtex HTTP 422: Unprocessable Entity
2026-06-06 13:36:20.664 [ERROR] src.enrichment.client_base: gtex HTTP 422: Unprocessable Entity
2026-06-06 13:36:20.676 [ERROR] src.enrichment.client_base: gtex HTTP 422: Unprocessable Entity
2026-06-06 13:36:20.842 [ERROR] src.enrichment.client_base: gtex HTTP 422: Unprocessable Entity
2026-06-06 13:36:21.468 [ERROR] src.enrichment.client_base: gtex HTTP 422: Unprocessable Entity
2026-06-06 13:36:21.493 [ERROR] src.enrichment.client_base: gtex HTTP 422: Unprocessable Entity
2026-06-06 13:36:21.694 [ERROR] src.enrichment.client_base: gtex HTTP 422: Unprocessable Entity
2026-06-06 13:36:23.825 [ERROR] src.enrichment.client_base: gtex HTTP 422: Unprocessable Entity
