2026-06-06 20:01:00.218 [INFO] src.enrichment.client_base: Logger initialized. Log file: /Users/zhaorongli/.workbuddy/skills/sensory-genomics/logs/sensory_genomics_20260606_200100.log
2026-06-06 20:01:00.219 [INFO] src.gene_sets.bed_mapper: Logger initialized. Log file: /Users/zhaorongli/.workbuddy/skills/sensory-genomics/logs/sensory_genomics_20260606_200100.log
2026-06-06 20:01:00.220 [INFO] src.gene_sets.filter: Logger initialized. Log file: /Users/zhaorongli/.workbuddy/skills/sensory-genomics/logs/sensory_genomics_20260606_200100.log
2026-06-06 20:01:00.220 [INFO] src.key_snps: Logger initialized. Log file: /Users/zhaorongli/.workbuddy/skills/sensory-genomics/logs/sensory_genomics_20260606_200100.log
2026-06-06 20:01:00.222 [INFO] src.report.json_generator: Logger initialized. Log file: /Users/zhaorongli/.workbuddy/skills/sensory-genomics/logs/sensory_genomics_20260606_200100.log
2026-06-06 20:01:00.255 [INFO] src.report.markdown_generator: Logger initialized. Log file: /Users/zhaorongli/.workbuddy/skills/sensory-genomics/logs/sensory_genomics_20260606_200100.log
2026-06-06 20:01:00.256 [INFO] src.specialized.mitochondrial: Logger initialized. Log file: /Users/zhaorongli/.workbuddy/skills/sensory-genomics/logs/sensory_genomics_20260606_200100.log
2026-06-06 20:01:00.257 [INFO] src.specialized.or_tiers: Logger initialized. Log file: /Users/zhaorongli/.workbuddy/skills/sensory-genomics/logs/sensory_genomics_20260606_200100.log
2026-06-06 20:01:00.258 [INFO] src.specialized.tas2r38: Logger initialized. Log file: /Users/zhaorongli/.workbuddy/skills/sensory-genomics/logs/sensory_genomics_20260606_200100.log
2026-06-06 20:01:00.258 [INFO] src.report.report_context: Logger initialized. Log file: /Users/zhaorongli/.workbuddy/skills/sensory-genomics/logs/sensory_genomics_20260606_200100.log
2026-06-06 20:01:00.440 [INFO] src.vcf.parser: Logger initialized. Log file: /Users/zhaorongli/.workbuddy/skills/sensory-genomics/logs/sensory_genomics_20260606_200100.log
2026-06-06 20:01:00.441 [INFO] src.vcf.prefilter: Logger initialized. Log file: /Users/zhaorongli/.workbuddy/skills/sensory-genomics/logs/sensory_genomics_20260606_200100.log
2026-06-06 20:01:00.443 [INFO] src.vep.client: Logger initialized. Log file: /Users/zhaorongli/.workbuddy/skills/sensory-genomics/logs/sensory_genomics_20260606_200100.log
2026-06-06 20:01:00.443 [INFO] src.vep.local_client: Logger initialized. Log file: /Users/zhaorongli/.workbuddy/skills/sensory-genomics/logs/sensory_genomics_20260606_200100.log
2026-06-06 20:01:00.444 [INFO] src.vep.hybrid_client: Logger initialized. Log file: /Users/zhaorongli/.workbuddy/skills/sensory-genomics/logs/sensory_genomics_20260606_200100.log
2026-06-06 20:01:00.444 [INFO] src.main: Logger initialized. Log file: /Users/zhaorongli/.workbuddy/skills/sensory-genomics/logs/sensory_genomics_20260606_200100.log
2026-06-06 20:01:00.445 [INFO] sensory_genomics: Logger initialized. Log file: /Users/zhaorongli/.workbuddy/skills/sensory-genomics/logs/sensory_genomics_20260606_200100.log
2026-06-06 20:01:11.596 [INFO] src.main: BED-filtered VCF: /var/folders/g5/gdb7vzxd6_5fwkmkt6j_nrx00000gn/T/tmpjtek_ydu.vcf.gz -> 24609 variants
2026-06-06 20:01:11.649 [INFO] src.gene_sets.bed_mapper: Loaded BED regions: 382 intervals across 23 chromosomes (bisect indexed)
2026-06-06 20:01:11.650 [INFO] src.specialized.tas2r38: Loaded TAS2R38 SNP definitions: 3 SNPs
2026-06-06 20:01:11.651 [INFO] src.specialized.mitochondrial: Loaded mitochondrial variant database: 8 entries
2026-06-06 20:01:11.651 [INFO] src.specialized.or_tiers: Loaded OR ligand map: 11 entries
2026-06-06 20:01:11.652 [INFO] src.main: Loaded precomputed transcript map: 384 genes
2026-06-06 20:01:11.660 [INFO] src.gene_sets.bed_mapper: Loaded BED regions: 6931 intervals across 23 chromosomes (bisect indexed)
2026-06-06 20:01:11.661 [INFO] src.main: Loaded exon BED for strict filtering
2026-06-06 20:01:11.661 [INFO] src.main: Using LocalVepClient (Docker offline)
2026-06-06 20:01:11.662 [INFO] src.gene_sets.bed_mapper: Loaded BED regions: 382 intervals across 23 chromosomes (bisect indexed)
2026-06-06 20:01:11.662 [INFO] src.main: Pipeline started for /var/folders/g5/gdb7vzxd6_5fwkmkt6j_nrx00000gn/T/tmpjtek_ydu.vcf.gz
2026-06-06 20:01:11.669 [INFO] src.vcf.parser: Parsing VCF for sample: ML150006935_L01_184
2026-06-06 20:01:12.075 [INFO] src.main: Stage 1 complete: 23821 variants after prefilter
2026-06-06 20:01:12.090 [INFO] src.vep.local_client: Running local VEP for 23821 variants via Docker
2026-06-06 20:04:35.232 [INFO] src.vep.local_client: Local VEP annotated 23821 variants
2026-06-06 20:04:35.610 [INFO] src.main: Stage 2 complete: 23821 variants annotated
2026-06-06 20:04:35.617 [INFO] src.main: Stage 2.5 complete: BED mapped 101 variants to genes
2026-06-06 20:04:35.753 [INFO] src.gene_sets.filter: Sensory filter: 23812 / 23821 variants retained (22547 unique variants x genes)
2026-06-06 20:04:35.754 [INFO] src.main: Stage 3 complete: 23812 sensory variants
2026-06-06 20:04:35.988 [INFO] src.main: Stage 4 complete: 370 gene cards
2026-06-06 20:04:36.095 [INFO] src.main: Stage 5 complete: TAS2R38=yes, MT=0, OR=313
2026-06-06 20:04:36.373 [INFO] src.main: Stage 5.5 complete: 5 key SNPs inferred (1 found in VCF, 4 REF/REF)
2026-06-06 20:04:36.374 [INFO] src.main: Stage 6 complete: enriched 0 genes
