2026-06-05 08:16:20.068 [INFO] src.enrichment.client_base: Logger initialized. Log file: /Users/zhaorongli/.workbuddy/skills/sensory-genomics/logs/sensory_genomics_20260605_081620.log
2026-06-05 08:16:20.069 [INFO] src.gene_sets.bed_mapper: Logger initialized. Log file: /Users/zhaorongli/.workbuddy/skills/sensory-genomics/logs/sensory_genomics_20260605_081620.log
2026-06-05 08:16:20.069 [INFO] src.gene_sets.filter: Logger initialized. Log file: /Users/zhaorongli/.workbuddy/skills/sensory-genomics/logs/sensory_genomics_20260605_081620.log
2026-06-05 08:16:20.070 [INFO] src.report.json_generator: Logger initialized. Log file: /Users/zhaorongli/.workbuddy/skills/sensory-genomics/logs/sensory_genomics_20260605_081620.log
2026-06-05 08:16:20.084 [INFO] src.report.markdown_generator: Logger initialized. Log file: /Users/zhaorongli/.workbuddy/skills/sensory-genomics/logs/sensory_genomics_20260605_081620.log
2026-06-05 08:16:20.085 [INFO] src.specialized.mitochondrial: Logger initialized. Log file: /Users/zhaorongli/.workbuddy/skills/sensory-genomics/logs/sensory_genomics_20260605_081620.log
2026-06-05 08:16:20.085 [INFO] src.specialized.or_tiers: Logger initialized. Log file: /Users/zhaorongli/.workbuddy/skills/sensory-genomics/logs/sensory_genomics_20260605_081620.log
2026-06-05 08:16:20.086 [INFO] src.specialized.tas2r38: Logger initialized. Log file: /Users/zhaorongli/.workbuddy/skills/sensory-genomics/logs/sensory_genomics_20260605_081620.log
2026-06-05 08:16:20.086 [INFO] src.report.report_context: Logger initialized. Log file: /Users/zhaorongli/.workbuddy/skills/sensory-genomics/logs/sensory_genomics_20260605_081620.log
2026-06-05 08:16:20.109 [INFO] src.vcf.parser: Logger initialized. Log file: /Users/zhaorongli/.workbuddy/skills/sensory-genomics/logs/sensory_genomics_20260605_081620.log
2026-06-05 08:16:20.109 [INFO] src.vcf.prefilter: Logger initialized. Log file: /Users/zhaorongli/.workbuddy/skills/sensory-genomics/logs/sensory_genomics_20260605_081620.log
2026-06-05 08:16:20.110 [INFO] src.vep.client: Logger initialized. Log file: /Users/zhaorongli/.workbuddy/skills/sensory-genomics/logs/sensory_genomics_20260605_081620.log
2026-06-05 08:16:20.110 [INFO] main: Logger initialized. Log file: /Users/zhaorongli/.workbuddy/skills/sensory-genomics/logs/sensory_genomics_20260605_081620.log
2026-06-05 08:16:20.111 [INFO] sensory_genomics: Logger initialized. Log file: /Users/zhaorongli/.workbuddy/skills/sensory-genomics/logs/sensory_genomics_20260605_081620.log
2026-06-05 08:16:32.440 [INFO] main: BED-filtered VCF: /var/folders/g5/gdb7vzxd6_5fwkmkt6j_nrx00000gn/T/tmp9bkxp7uo.vcf.gz -> 9727 variants
2026-06-05 08:16:32.516 [INFO] src.specialized.tas2r38: Loaded TAS2R38 SNP definitions: 3 SNPs
2026-06-05 08:16:32.516 [INFO] src.specialized.mitochondrial: Loaded mitochondrial variant database: 8 entries
2026-06-05 08:16:32.517 [INFO] src.specialized.or_tiers: Loaded OR ligand map: 11 entries
2026-06-05 08:16:32.517 [INFO] main: Loaded precomputed transcript map: 369 genes
2026-06-05 08:16:32.523 [INFO] src.gene_sets.bed_mapper: Loaded BED regions: 6705 intervals across 23 chromosomes (bisect indexed)
2026-06-05 08:16:32.523 [INFO] main: Loaded exon BED for strict filtering
2026-06-05 08:16:32.524 [INFO] src.gene_sets.bed_mapper: Loaded BED regions: 38 intervals across 19 chromosomes (bisect indexed)
2026-06-05 08:16:32.524 [INFO] main: Pipeline started for /var/folders/g5/gdb7vzxd6_5fwkmkt6j_nrx00000gn/T/tmp9bkxp7uo.vcf.gz
2026-06-05 08:16:32.525 [INFO] src.vcf.parser: Parsing VCF for sample: ML150006935_L01_184
2026-06-05 08:16:32.600 [INFO] main: Stage 1 complete: 9404 variants after prefilter
2026-06-05 08:16:36.092 [INFO] src.vep.client: VEP annotation: 9404 variants, mem_cache=4214 hits (44.8%), precompute=0 hits (0.0%), api=5190 to fetch, batch_size=200
2026-06-05 08:16:43.373 [ERROR] src.vep.client: VEP HTTP 500: 

<!DOCTYPE html>



<html lang="en">
<head>
        <script src="/static/js/20-prettify.js"></script>
        <script src="/static/js/30-jquery-1.11.1.min.js"></script>
	<script src="/static/js/highl
2026-06-05 08:16:52.305 [ERROR] src.vep.client: VEP HTTP 500: 

<!DOCTYPE html>



<html lang="en">
<head>
        <script src="/static/js/20-prettify.js"></script>
        <script src="/static/js/30-jquery-1.11.1.min.js"></script>
	<script src="/static/js/highl
2026-06-05 08:16:55.343 [ERROR] src.vep.client: VEP HTTP 500: 

<!DOCTYPE html>



<html lang="en">
<head>
        <script src="/static/js/20-prettify.js"></script>
        <script src="/static/js/30-jquery-1.11.1.min.js"></script>
	<script src="/static/js/highl
2026-06-05 08:17:06.294 [ERROR] src.vep.client: VEP HTTP 500: 

<!DOCTYPE html>



<html lang="en">
<head>
        <script src="/static/js/20-prettify.js"></script>
        <script src="/static/js/30-jquery-1.11.1.min.js"></script>
	<script src="/static/js/highl
2026-06-05 08:17:06.697 [INFO] src.vep.client: VEP batch 1/26 done
2026-06-05 08:17:29.642 [ERROR] src.vep.client: VEP HTTP 500: 

<!DOCTYPE html>



<html lang="en">
<head>
        <script src="/static/js/20-prettify.js"></script>
        <script src="/static/js/30-jquery-1.11.1.min.js"></script>
	<script src="/static/js/highl
2026-06-05 08:17:31.697 [ERROR] src.vep.client: VEP HTTP 500: 

<!DOCTYPE html>



<html lang="en">
<head>
        <script src="/static/js/20-prettify.js"></script>
        <script src="/static/js/30-jquery-1.11.1.min.js"></script>
	<script src="/static/js/highl
2026-06-05 08:17:34.903 [ERROR] src.vep.client: VEP HTTP 500: 

<!DOCTYPE html>



<html lang="en">
<head>
        <script src="/static/js/20-prettify.js"></script>
        <script src="/static/js/30-jquery-1.11.1.min.js"></script>
	<script src="/static/js/highl
2026-06-05 08:17:53.720 [ERROR] src.vep.client: VEP HTTP 500: 

<!DOCTYPE html>



<html lang="en">
<head>
        <script src="/static/js/20-prettify.js"></script>
        <script src="/static/js/30-jquery-1.11.1.min.js"></script>
	<script src="/static/js/highl
2026-06-05 08:17:54.203 [INFO] src.vep.client: VEP batch 2/26 done
2026-06-05 08:17:55.202 [ERROR] src.vep.client: VEP HTTP 500: 

<!DOCTYPE html>



<html lang="en">
<head>
        <script src="/static/js/20-prettify.js"></script>
        <script src="/static/js/30-jquery-1.11.1.min.js"></script>
	<script src="/static/js/highl
2026-06-05 08:17:57.310 [ERROR] src.vep.client: VEP HTTP 500: 

<!DOCTYPE html>



<html lang="en">
<head>
        <script src="/static/js/20-prettify.js"></script>
        <script src="/static/js/30-jquery-1.11.1.min.js"></script>
	<script src="/static/js/highl
2026-06-05 08:18:02.337 [ERROR] src.vep.client: VEP HTTP 500: 

<!DOCTYPE html>



<html lang="en">
<head>
        <script src="/static/js/20-prettify.js"></script>
        <script src="/static/js/30-jquery-1.11.1.min.js"></script>
	<script src="/static/js/highl
2026-06-05 08:18:07.340 [ERROR] src.vep.client: VEP HTTP 500: 

<!DOCTYPE html>



<html lang="en">
<head>
        <script src="/static/js/20-prettify.js"></script>
        <script src="/static/js/30-jquery-1.11.1.min.js"></script>
	<script src="/static/js/highl
2026-06-05 08:18:07.707 [INFO] src.vep.client: VEP batch 3/26 done
2026-06-05 08:18:19.979 [ERROR] src.vep.client: VEP HTTP 500: 

<!DOCTYPE html>



<html lang="en">
<head>
        <script src="/static/js/20-prettify.js"></script>
        <script src="/static/js/30-jquery-1.11.1.min.js"></script>
	<script src="/static/js/highl
2026-06-05 08:18:30.970 [ERROR] src.vep.client: VEP HTTP 500: 

<!DOCTYPE html>



<html lang="en">
<head>
        <script src="/static/js/20-prettify.js"></script>
        <script src="/static/js/30-jquery-1.11.1.min.js"></script>
	<script src="/static/js/highl
2026-06-05 08:18:39.089 [ERROR] src.vep.client: VEP HTTP 500: 

<!DOCTYPE html>



<html lang="en">
<head>
        <script src="/static/js/20-prettify.js"></script>
        <script src="/static/js/30-jquery-1.11.1.min.js"></script>
	<script src="/static/js/highl
2026-06-05 08:18:45.822 [ERROR] src.vep.client: VEP HTTP 500: 

<!DOCTYPE html>



<html lang="en">
<head>
        <script src="/static/js/20-prettify.js"></script>
        <script src="/static/js/30-jquery-1.11.1.min.js"></script>
	<script src="/static/js/highl
2026-06-05 08:18:46.254 [INFO] src.vep.client: VEP batch 4/26 done
2026-06-05 08:19:00.131 [ERROR] src.vep.client: VEP HTTP 500: 

<!DOCTYPE html>



<html lang="en">
<head>
        <script src="/static/js/20-prettify.js"></script>
        <script src="/static/js/30-jquery-1.11.1.min.js"></script>
	<script src="/static/js/highl
2026-06-05 08:19:02.762 [ERROR] src.vep.client: VEP HTTP 500: 

<!DOCTYPE html>



<html lang="en">
<head>
        <script src="/static/js/20-prettify.js"></script>
        <script src="/static/js/30-jquery-1.11.1.min.js"></script>
	<script src="/static/js/highl
2026-06-05 08:19:06.430 [ERROR] src.vep.client: VEP HTTP 500: 

<!DOCTYPE html>



<html lang="en">
<head>
        <script src="/static/js/20-prettify.js"></script>
        <script src="/static/js/30-jquery-1.11.1.min.js"></script>
	<script src="/static/js/highl
2026-06-05 08:19:21.922 [ERROR] src.vep.client: VEP HTTP 500: 

<!DOCTYPE html>



<html lang="en">
<head>
        <script src="/static/js/20-prettify.js"></script>
        <script src="/static/js/30-jquery-1.11.1.min.js"></script>
	<script src="/static/js/highl
2026-06-05 08:19:22.293 [INFO] src.vep.client: VEP batch 5/26 done
2026-06-05 08:20:15.272 [ERROR] src.vep.client: VEP HTTP 500: 

<!DOCTYPE html>



<html lang="en">
<head>
        <script src="/static/js/20-prettify.js"></script>
        <script src="/static/js/30-jquery-1.11.1.min.js"></script>
	<script src="/static/js/highl
2026-06-05 08:20:31.064 [ERROR] src.vep.client: VEP HTTP 500: 

<!DOCTYPE html>



<html lang="en">
<head>
        <script src="/static/js/20-prettify.js"></script>
        <script src="/static/js/30-jquery-1.11.1.min.js"></script>
	<script src="/static/js/highl
2026-06-05 08:20:34.116 [ERROR] src.vep.client: VEP HTTP 500: 

<!DOCTYPE html>



<html lang="en">
<head>
        <script src="/static/js/20-prettify.js"></script>
        <script src="/static/js/30-jquery-1.11.1.min.js"></script>
	<script src="/static/js/highl
2026-06-05 08:20:39.089 [ERROR] src.vep.client: VEP HTTP 500: 

<!DOCTYPE html>



<html lang="en">
<head>
        <script src="/static/js/20-prettify.js"></script>
        <script src="/static/js/30-jquery-1.11.1.min.js"></script>
	<script src="/static/js/highl
2026-06-05 08:20:39.341 [INFO] src.vep.client: VEP batch 6/26 done
2026-06-05 08:20:40.795 [ERROR] src.vep.client: VEP HTTP 500: 

<!DOCTYPE html>



<html lang="en">
<head>
        <script src="/static/js/20-prettify.js"></script>
        <script src="/static/js/30-jquery-1.11.1.min.js"></script>
	<script src="/static/js/highl
2026-06-05 08:20:43.950 [ERROR] src.vep.client: VEP HTTP 500: 

<!DOCTYPE html>



<html lang="en">
<head>
        <script src="/static/js/20-prettify.js"></script>
        <script src="/static/js/30-jquery-1.11.1.min.js"></script>
	<script src="/static/js/highl
2026-06-05 08:20:47.824 [ERROR] src.vep.client: VEP HTTP 500: 

<!DOCTYPE html>



<html lang="en">
<head>
        <script src="/static/js/20-prettify.js"></script>
        <script src="/static/js/30-jquery-1.11.1.min.js"></script>
	<script src="/static/js/highl
2026-06-05 08:20:53.198 [ERROR] src.vep.client: VEP HTTP 500: 

<!DOCTYPE html>



<html lang="en">
<head>
        <script src="/static/js/20-prettify.js"></script>
        <script src="/static/js/30-jquery-1.11.1.min.js"></script>
	<script src="/static/js/highl
2026-06-05 08:20:53.556 [INFO] src.vep.client: VEP batch 7/26 done
2026-06-05 08:20:56.157 [ERROR] src.vep.client: VEP HTTP 500: 

<!DOCTYPE html>



<html lang="en">
<head>
        <script src="/static/js/20-prettify.js"></script>
        <script src="/static/js/30-jquery-1.11.1.min.js"></script>
	<script src="/static/js/highl
2026-06-05 08:21:05.643 [ERROR] src.vep.client: VEP HTTP 500: 

<!DOCTYPE html>



<html lang="en">
<head>
        <script src="/static/js/20-prettify.js"></script>
        <script src="/static/js/30-jquery-1.11.1.min.js"></script>
	<script src="/static/js/highl
2026-06-05 08:21:12.378 [ERROR] src.vep.client: VEP HTTP 500: 

<!DOCTYPE html>



<html lang="en">
<head>
        <script src="/static/js/20-prettify.js"></script>
        <script src="/static/js/30-jquery-1.11.1.min.js"></script>
	<script src="/static/js/highl
2026-06-05 08:21:59.242 [ERROR] src.vep.client: VEP HTTP 500: 

<!DOCTYPE html>



<html lang="en">
<head>
        <script src="/static/js/20-prettify.js"></script>
        <script src="/static/js/30-jquery-1.11.1.min.js"></script>
	<script src="/static/js/highl
2026-06-05 08:21:59.562 [INFO] src.vep.client: VEP batch 8/26 done
2026-06-05 08:22:00.586 [ERROR] src.vep.client: VEP HTTP 500: 

<!DOCTYPE html>



<html lang="en">
<head>
        <script src="/static/js/20-prettify.js"></script>
        <script src="/static/js/30-jquery-1.11.1.min.js"></script>
	<script src="/static/js/highl
2026-06-05 08:22:03.591 [ERROR] src.vep.client: VEP HTTP 500: 

<!DOCTYPE html>



<html lang="en">
<head>
        <script src="/static/js/20-prettify.js"></script>
        <script src="/static/js/30-jquery-1.11.1.min.js"></script>
	<script src="/static/js/highl
2026-06-05 08:22:10.061 [ERROR] src.vep.client: VEP HTTP 500: 

<!DOCTYPE html>



<html lang="en">
<head>
        <script src="/static/js/20-prettify.js"></script>
        <script src="/static/js/30-jquery-1.11.1.min.js"></script>
	<script src="/static/js/highl
2026-06-05 08:22:15.118 [ERROR] src.vep.client: VEP HTTP 500: 

<!DOCTYPE html>



<html lang="en">
<head>
        <script src="/static/js/20-prettify.js"></script>
        <script src="/static/js/30-jquery-1.11.1.min.js"></script>
	<script src="/static/js/highl
2026-06-05 08:22:15.539 [INFO] src.vep.client: VEP batch 9/26 done
2026-06-05 08:22:16.564 [ERROR] src.vep.client: VEP HTTP 500: 

<!DOCTYPE html>



<html lang="en">
<head>
        <script src="/static/js/20-prettify.js"></script>
        <script src="/static/js/30-jquery-1.11.1.min.js"></script>
	<script src="/static/js/highl
2026-06-05 08:22:18.891 [ERROR] src.vep.client: VEP HTTP 500: 

<!DOCTYPE html>



<html lang="en">
<head>
        <script src="/static/js/20-prettify.js"></script>
        <script src="/static/js/30-jquery-1.11.1.min.js"></script>
	<script src="/static/js/highl
2026-06-05 08:22:33.948 [ERROR] src.vep.client: VEP HTTP 500: 

<!DOCTYPE html>



<html lang="en">
<head>
        <script src="/static/js/20-prettify.js"></script>
        <script src="/static/js/30-jquery-1.11.1.min.js"></script>
	<script src="/static/js/highl
2026-06-05 08:22:38.975 [ERROR] src.vep.client: VEP HTTP 500: 

<!DOCTYPE html>



<html lang="en">
<head>
        <script src="/static/js/20-prettify.js"></script>
        <script src="/static/js/30-jquery-1.11.1.min.js"></script>
	<script src="/static/js/highl
2026-06-05 08:22:39.519 [INFO] src.vep.client: VEP batch 10/26 done
2026-06-05 08:22:59.827 [ERROR] src.vep.client: VEP HTTP 500: 

<!DOCTYPE html>



<html lang="en">
<head>
        <script src="/static/js/20-prettify.js"></script>
        <script src="/static/js/30-jquery-1.11.1.min.js"></script>
	<script src="/static/js/highl
2026-06-05 08:23:07.448 [ERROR] src.vep.client: VEP HTTP 500: 

<!DOCTYPE html>



<html lang="en">
<head>
        <script src="/static/js/20-prettify.js"></script>
        <script src="/static/js/30-jquery-1.11.1.min.js"></script>
	<script src="/static/js/highl
2026-06-05 08:23:10.451 [ERROR] src.vep.client: VEP HTTP 500: 

<!DOCTYPE html>



<html lang="en">
<head>
        <script src="/static/js/20-prettify.js"></script>
        <script src="/static/js/30-jquery-1.11.1.min.js"></script>
	<script src="/static/js/highl
2026-06-05 08:23:25.969 [ERROR] src.vep.client: VEP HTTP 500: 

<!DOCTYPE html>



<html lang="en">
<head>
        <script src="/static/js/20-prettify.js"></script>
        <script src="/static/js/30-jquery-1.11.1.min.js"></script>
	<script src="/static/js/highl
2026-06-05 08:23:26.413 [INFO] src.vep.client: VEP batch 11/26 done
2026-06-05 08:23:27.769 [ERROR] src.vep.client: VEP HTTP 500: 

<!DOCTYPE html>



<html lang="en">
<head>
        <script src="/static/js/20-prettify.js"></script>
        <script src="/static/js/30-jquery-1.11.1.min.js"></script>
	<script src="/static/js/highl
2026-06-05 08:24:07.632 [ERROR] src.vep.client: VEP HTTP 500: 

<!DOCTYPE html>



<html lang="en">
<head>
        <script src="/static/js/20-prettify.js"></script>
        <script src="/static/js/30-jquery-1.11.1.min.js"></script>
	<script src="/static/js/highl
2026-06-05 08:24:31.007 [ERROR] src.vep.client: VEP HTTP 500: 

<!DOCTYPE html>



<html lang="en">
<head>
        <script src="/static/js/20-prettify.js"></script>
        <script src="/static/js/30-jquery-1.11.1.min.js"></script>
	<script src="/static/js/highl
2026-06-05 08:24:35.999 [ERROR] src.vep.client: VEP HTTP 500: 

<!DOCTYPE html>



<html lang="en">
<head>
        <script src="/static/js/20-prettify.js"></script>
        <script src="/static/js/30-jquery-1.11.1.min.js"></script>
	<script src="/static/js/highl
2026-06-05 08:24:36.495 [INFO] src.vep.client: VEP batch 12/26 done
2026-06-05 08:24:37.506 [ERROR] src.vep.client: VEP HTTP 500: 

<!DOCTYPE html>



<html lang="en">
<head>
        <script src="/static/js/20-prettify.js"></script>
        <script src="/static/js/30-jquery-1.11.1.min.js"></script>
	<script src="/static/js/highl
2026-06-05 08:24:40.137 [ERROR] src.vep.client: VEP HTTP 500: 

<!DOCTYPE html>



<html lang="en">
<head>
        <script src="/static/js/20-prettify.js"></script>
        <script src="/static/js/30-jquery-1.11.1.min.js"></script>
	<script src="/static/js/highl
2026-06-05 08:24:46.919 [ERROR] src.vep.client: VEP HTTP 500: 

<!DOCTYPE html>



<html lang="en">
<head>
        <script src="/static/js/20-prettify.js"></script>
        <script src="/static/js/30-jquery-1.11.1.min.js"></script>
	<script src="/static/js/highl
2026-06-05 08:25:03.376 [ERROR] src.vep.client: VEP HTTP 500: 

<!DOCTYPE html>



<html lang="en">
<head>
        <script src="/static/js/20-prettify.js"></script>
        <script src="/static/js/30-jquery-1.11.1.min.js"></script>
	<script src="/static/js/highl
2026-06-05 08:25:04.128 [INFO] src.vep.client: VEP batch 13/26 done
2026-06-05 08:25:16.783 [ERROR] src.vep.client: VEP HTTP 500: 

<!DOCTYPE html>



<html lang="en">
<head>
        <script src="/static/js/20-prettify.js"></script>
        <script src="/static/js/30-jquery-1.11.1.min.js"></script>
	<script src="/static/js/highl
2026-06-05 08:25:18.798 [ERROR] src.vep.client: VEP HTTP 500: 

<!DOCTYPE html>



<html lang="en">
<head>
        <script src="/static/js/20-prettify.js"></script>
        <script src="/static/js/30-jquery-1.11.1.min.js"></script>
	<script src="/static/js/highl
2026-06-05 08:25:31.854 [ERROR] src.vep.client: VEP HTTP 500: 

<!DOCTYPE html>



<html lang="en">
<head>
        <script src="/static/js/20-prettify.js"></script>
        <script src="/static/js/30-jquery-1.11.1.min.js"></script>
	<script src="/static/js/highl
2026-06-05 08:25:36.916 [ERROR] src.vep.client: VEP HTTP 500: 

<!DOCTYPE html>



<html lang="en">
<head>
        <script src="/static/js/20-prettify.js"></script>
        <script src="/static/js/30-jquery-1.11.1.min.js"></script>
	<script src="/static/js/highl
2026-06-05 08:25:37.438 [INFO] src.vep.client: VEP batch 14/26 done
2026-06-05 08:25:46.166 [ERROR] src.vep.client: VEP HTTP 500: 

<!DOCTYPE html>



<html lang="en">
<head>
        <script src="/static/js/20-prettify.js"></script>
        <script src="/static/js/30-jquery-1.11.1.min.js"></script>
	<script src="/static/js/highl
2026-06-05 08:26:02.777 [ERROR] src.vep.client: VEP HTTP 500: 

<!DOCTYPE html>



<html lang="en">
<head>
        <script src="/static/js/20-prettify.js"></script>
        <script src="/static/js/30-jquery-1.11.1.min.js"></script>
	<script src="/static/js/highl
2026-06-05 08:26:12.993 [ERROR] src.vep.client: VEP HTTP 500: 

<!DOCTYPE html>



<html lang="en">
<head>
        <script src="/static/js/20-prettify.js"></script>
        <script src="/static/js/30-jquery-1.11.1.min.js"></script>
	<script src="/static/js/highl
2026-06-05 08:26:33.975 [ERROR] src.vep.client: VEP HTTP 500: 

<!DOCTYPE html>



<html lang="en">
<head>
        <script src="/static/js/20-prettify.js"></script>
        <script src="/static/js/30-jquery-1.11.1.min.js"></script>
	<script src="/static/js/highl
2026-06-05 08:26:35.724 [INFO] src.vep.client: VEP batch 15/26 done
2026-06-05 08:26:38.909 [ERROR] src.vep.client: VEP HTTP 500: 

<!DOCTYPE html>



<html lang="en">
<head>
        <script src="/static/js/20-prettify.js"></script>
        <script src="/static/js/30-jquery-1.11.1.min.js"></script>
	<script src="/static/js/highl
2026-06-05 08:26:49.227 [ERROR] src.vep.client: VEP HTTP 500: 

<!DOCTYPE html>



<html lang="en">
<head>
        <script src="/static/js/20-prettify.js"></script>
        <script src="/static/js/30-jquery-1.11.1.min.js"></script>
	<script src="/static/js/highl
2026-06-05 08:26:58.167 [ERROR] src.vep.client: VEP HTTP 500: 

<!DOCTYPE html>



<html lang="en">
<head>
        <script src="/static/js/20-prettify.js"></script>
        <script src="/static/js/30-jquery-1.11.1.min.js"></script>
	<script src="/static/js/highl
2026-06-05 08:27:29.841 [ERROR] src.vep.client: VEP HTTP 500: 

<!DOCTYPE html>



<html lang="en">
<head>
        <script src="/static/js/20-prettify.js"></script>
        <script src="/static/js/30-jquery-1.11.1.min.js"></script>
	<script src="/static/js/highl
2026-06-05 08:27:30.254 [INFO] src.vep.client: VEP batch 16/26 done
2026-06-05 08:27:31.237 [ERROR] src.vep.client: VEP HTTP 500: 

<!DOCTYPE html>



<html lang="en">
<head>
        <script src="/static/js/20-prettify.js"></script>
        <script src="/static/js/30-jquery-1.11.1.min.js"></script>
	<script src="/static/js/highl
2026-06-05 08:27:33.308 [ERROR] src.vep.client: VEP HTTP 500: 

<!DOCTYPE html>



<html lang="en">
<head>
        <script src="/static/js/20-prettify.js"></script>
        <script src="/static/js/30-jquery-1.11.1.min.js"></script>
	<script src="/static/js/highl
2026-06-05 08:27:41.719 [ERROR] src.vep.client: VEP HTTP 500: 

<!DOCTYPE html>



<html lang="en">
<head>
        <script src="/static/js/20-prettify.js"></script>
        <script src="/static/js/30-jquery-1.11.1.min.js"></script>
	<script src="/static/js/highl
2026-06-05 08:27:46.735 [ERROR] src.vep.client: VEP HTTP 500: 

<!DOCTYPE html>



<html lang="en">
<head>
        <script src="/static/js/20-prettify.js"></script>
        <script src="/static/js/30-jquery-1.11.1.min.js"></script>
	<script src="/static/js/highl
2026-06-05 08:27:47.105 [INFO] src.vep.client: VEP batch 17/26 done
2026-06-05 08:27:49.104 [ERROR] src.vep.client: VEP HTTP 500: 

<!DOCTYPE html>



<html lang="en">
<head>
        <script src="/static/js/20-prettify.js"></script>
        <script src="/static/js/30-jquery-1.11.1.min.js"></script>
	<script src="/static/js/highl
2026-06-05 08:27:51.110 [ERROR] src.vep.client: VEP HTTP 500: 

<!DOCTYPE html>



<html lang="en">
<head>
        <script src="/static/js/20-prettify.js"></script>
        <script src="/static/js/30-jquery-1.11.1.min.js"></script>
	<script src="/static/js/highl
2026-06-05 08:28:00.283 [ERROR] src.vep.client: VEP HTTP 500: 

<!DOCTYPE html>



<html lang="en">
<head>
        <script src="/static/js/20-prettify.js"></script>
        <script src="/static/js/30-jquery-1.11.1.min.js"></script>
	<script src="/static/js/highl
2026-06-05 08:28:05.312 [ERROR] src.vep.client: VEP HTTP 500: 

<!DOCTYPE html>



<html lang="en">
<head>
        <script src="/static/js/20-prettify.js"></script>
        <script src="/static/js/30-jquery-1.11.1.min.js"></script>
	<script src="/static/js/highl
2026-06-05 08:28:05.700 [INFO] src.vep.client: VEP batch 18/26 done
2026-06-05 08:28:28.321 [ERROR] src.vep.client: VEP HTTP 500: 

<!DOCTYPE html>



<html lang="en">
<head>
        <script src="/static/js/20-prettify.js"></script>
        <script src="/static/js/30-jquery-1.11.1.min.js"></script>
	<script src="/static/js/highl
2026-06-05 08:28:36.174 [ERROR] src.vep.client: VEP HTTP 500: 

<!DOCTYPE html>



<html lang="en">
<head>
        <script src="/static/js/20-prettify.js"></script>
        <script src="/static/js/30-jquery-1.11.1.min.js"></script>
	<script src="/static/js/highl
2026-06-05 08:29:05.656 [ERROR] src.vep.client: VEP HTTP 500: 

<!DOCTYPE html>



<html lang="en">
<head>
        <script src="/static/js/20-prettify.js"></script>
        <script src="/static/js/30-jquery-1.11.1.min.js"></script>
	<script src="/static/js/highl
2026-06-05 08:29:10.795 [ERROR] src.vep.client: VEP HTTP 500: 

<!DOCTYPE html>



<html lang="en">
<head>
        <script src="/static/js/20-prettify.js"></script>
        <script src="/static/js/30-jquery-1.11.1.min.js"></script>
	<script src="/static/js/highl
2026-06-05 08:29:10.996 [INFO] src.vep.client: VEP batch 19/26 done
2026-06-05 08:29:14.016 [ERROR] src.vep.client: VEP HTTP 500: 

<!DOCTYPE html>



<html lang="en">
<head>
        <script src="/static/js/20-prettify.js"></script>
        <script src="/static/js/30-jquery-1.11.1.min.js"></script>
	<script src="/static/js/highl
2026-06-05 08:29:38.419 [ERROR] src.vep.client: VEP HTTP 500: 

<!DOCTYPE html>



<html lang="en">
<head>
        <script src="/static/js/20-prettify.js"></script>
        <script src="/static/js/30-jquery-1.11.1.min.js"></script>
	<script src="/static/js/highl
2026-06-05 08:29:44.281 [ERROR] src.vep.client: VEP HTTP 500: 

<!DOCTYPE html>



<html lang="en">
<head>
        <script src="/static/js/20-prettify.js"></script>
        <script src="/static/js/30-jquery-1.11.1.min.js"></script>
	<script src="/static/js/highl
2026-06-05 08:29:56.494 [ERROR] src.vep.client: VEP HTTP 500: 

<!DOCTYPE html>



<html lang="en">
<head>
        <script src="/static/js/20-prettify.js"></script>
        <script src="/static/js/30-jquery-1.11.1.min.js"></script>
	<script src="/static/js/highl
2026-06-05 08:29:56.727 [INFO] src.vep.client: VEP batch 20/26 done
2026-06-05 08:29:58.149 [ERROR] src.vep.client: VEP HTTP 500: 

<!DOCTYPE html>



<html lang="en">
<head>
        <script src="/static/js/20-prettify.js"></script>
        <script src="/static/js/30-jquery-1.11.1.min.js"></script>
	<script src="/static/js/highl
2026-06-05 08:30:08.354 [ERROR] src.vep.client: VEP HTTP 500: 

<!DOCTYPE html>



<html lang="en">
<head>
        <script src="/static/js/20-prettify.js"></script>
        <script src="/static/js/30-jquery-1.11.1.min.js"></script>
	<script src="/static/js/highl
2026-06-05 08:30:14.561 [ERROR] src.vep.client: VEP HTTP 500: 

<!DOCTYPE html>



<html lang="en">
<head>
        <script src="/static/js/20-prettify.js"></script>
        <script src="/static/js/30-jquery-1.11.1.min.js"></script>
	<script src="/static/js/highl
2026-06-05 08:30:19.586 [ERROR] src.vep.client: VEP HTTP 500: 

<!DOCTYPE html>



<html lang="en">
<head>
        <script src="/static/js/20-prettify.js"></script>
        <script src="/static/js/30-jquery-1.11.1.min.js"></script>
	<script src="/static/js/highl
2026-06-05 08:30:19.862 [INFO] src.vep.client: VEP batch 21/26 done
2026-06-05 08:30:20.819 [ERROR] src.vep.client: VEP HTTP 500: 

<!DOCTYPE html>



<html lang="en">
<head>
        <script src="/static/js/20-prettify.js"></script>
        <script src="/static/js/30-jquery-1.11.1.min.js"></script>
	<script src="/static/js/highl
2026-06-05 08:30:24.265 [ERROR] src.vep.client: VEP HTTP 500: 

<!DOCTYPE html>



<html lang="en">
<head>
        <script src="/static/js/20-prettify.js"></script>
        <script src="/static/js/30-jquery-1.11.1.min.js"></script>
	<script src="/static/js/highl
2026-06-05 08:30:32.993 [ERROR] src.vep.client: VEP HTTP 500: 

<!DOCTYPE html>



<html lang="en">
<head>
        <script src="/static/js/20-prettify.js"></script>
        <script src="/static/js/30-jquery-1.11.1.min.js"></script>
	<script src="/static/js/highl
2026-06-05 08:30:38.089 [ERROR] src.vep.client: VEP HTTP 500: 

<!DOCTYPE html>



<html lang="en">
<head>
        <script src="/static/js/20-prettify.js"></script>
        <script src="/static/js/30-jquery-1.11.1.min.js"></script>
	<script src="/static/js/highl
2026-06-05 08:30:38.435 [INFO] src.vep.client: VEP batch 22/26 done
2026-06-05 08:30:39.419 [ERROR] src.vep.client: VEP HTTP 500: 

<!DOCTYPE html>



<html lang="en">
<head>
        <script src="/static/js/20-prettify.js"></script>
        <script src="/static/js/30-jquery-1.11.1.min.js"></script>
	<script src="/static/js/highl
2026-06-05 08:30:41.792 [ERROR] src.vep.client: VEP HTTP 500: 

<!DOCTYPE html>



<html lang="en">
<head>
        <script src="/static/js/20-prettify.js"></script>
        <script src="/static/js/30-jquery-1.11.1.min.js"></script>
	<script src="/static/js/highl
2026-06-05 08:30:44.801 [ERROR] src.vep.client: VEP HTTP 500: 

<!DOCTYPE html>



<html lang="en">
<head>
        <script src="/static/js/20-prettify.js"></script>
        <script src="/static/js/30-jquery-1.11.1.min.js"></script>
	<script src="/static/js/highl
2026-06-05 08:30:51.624 [ERROR] src.vep.client: VEP HTTP 500: 

<!DOCTYPE html>



<html lang="en">
<head>
        <script src="/static/js/20-prettify.js"></script>
        <script src="/static/js/30-jquery-1.11.1.min.js"></script>
	<script src="/static/js/highl
2026-06-05 08:30:51.904 [INFO] src.vep.client: VEP batch 23/26 done
2026-06-05 08:30:54.457 [ERROR] src.vep.client: VEP HTTP 500: 

<!DOCTYPE html>



<html lang="en">
<head>
        <script src="/static/js/20-prettify.js"></script>
        <script src="/static/js/30-jquery-1.11.1.min.js"></script>
	<script src="/static/js/highl
2026-06-05 08:31:23.119 [ERROR] src.vep.client: VEP HTTP 500: 

<!DOCTYPE html>



<html lang="en">
<head>
        <script src="/static/js/20-prettify.js"></script>
        <script src="/static/js/30-jquery-1.11.1.min.js"></script>
	<script src="/static/js/highl
2026-06-05 08:31:30.777 [ERROR] src.vep.client: VEP HTTP 500: 

<!DOCTYPE html>



<html lang="en">
<head>
        <script src="/static/js/20-prettify.js"></script>
        <script src="/static/js/30-jquery-1.11.1.min.js"></script>
	<script src="/static/js/highl
2026-06-05 08:31:37.883 [ERROR] src.vep.client: VEP HTTP 500: 

<!DOCTYPE html>



<html lang="en">
<head>
        <script src="/static/js/20-prettify.js"></script>
        <script src="/static/js/30-jquery-1.11.1.min.js"></script>
	<script src="/static/js/highl
2026-06-05 08:31:38.216 [INFO] src.vep.client: VEP batch 24/26 done
2026-06-05 08:31:39.198 [ERROR] src.vep.client: VEP HTTP 500: 

<!DOCTYPE html>



<html lang="en">
<head>
        <script src="/static/js/20-prettify.js"></script>
        <script src="/static/js/30-jquery-1.11.1.min.js"></script>
	<script src="/static/js/highl
2026-06-05 08:31:42.739 [ERROR] src.vep.client: VEP HTTP 500: 

<!DOCTYPE html>



<html lang="en">
<head>
        <script src="/static/js/20-prettify.js"></script>
        <script src="/static/js/30-jquery-1.11.1.min.js"></script>
	<script src="/static/js/highl
2026-06-05 08:31:55.608 [ERROR] src.vep.client: VEP HTTP 500: 

<!DOCTYPE html>



<html lang="en">
<head>
        <script src="/static/js/20-prettify.js"></script>
        <script src="/static/js/30-jquery-1.11.1.min.js"></script>
	<script src="/static/js/highl
2026-06-05 08:32:08.862 [ERROR] src.vep.client: VEP HTTP 500: 

<!DOCTYPE html>



<html lang="en">
<head>
        <script src="/static/js/20-prettify.js"></script>
        <script src="/static/js/30-jquery-1.11.1.min.js"></script>
	<script src="/static/js/highl
2026-06-05 08:32:09.385 [INFO] src.vep.client: VEP batch 25/26 done
2026-06-05 08:32:23.879 [ERROR] src.vep.client: VEP HTTP 500: 

<!DOCTYPE html>



<html lang="en">
<head>
        <script src="/static/js/20-prettify.js"></script>
        <script src="/static/js/30-jquery-1.11.1.min.js"></script>
	<script src="/static/js/highl
2026-06-05 08:32:29.285 [ERROR] src.vep.client: VEP HTTP 500: 

<!DOCTYPE html>



<html lang="en">
<head>
        <script src="/static/js/20-prettify.js"></script>
        <script src="/static/js/30-jquery-1.11.1.min.js"></script>
	<script src="/static/js/highl
2026-06-05 08:32:42.936 [ERROR] src.vep.client: VEP HTTP 500: 

<!DOCTYPE html>



<html lang="en">
<head>
        <script src="/static/js/20-prettify.js"></script>
        <script src="/static/js/30-jquery-1.11.1.min.js"></script>
	<script src="/static/js/highl
2026-06-05 08:33:04.014 [ERROR] src.vep.client: VEP HTTP 500: 

<!DOCTYPE html>



<html lang="en">
<head>
        <script src="/static/js/20-prettify.js"></script>
        <script src="/static/js/30-jquery-1.11.1.min.js"></script>
	<script src="/static/js/highl
2026-06-05 08:33:04.267 [INFO] src.vep.client: VEP batch 26/26 done
2026-06-05 08:33:04.267 [INFO] src.vep.client: VEP annotation completed: 9404 results (mem_cache: 4214, precompute: 0, api: 0)
2026-06-05 08:33:04.277 [INFO] main: Stage 2 complete: 9404 variants annotated
2026-06-05 08:33:04.287 [INFO] main: Stage 2.5 complete: BED mapped 9048 variants to genes
2026-06-05 08:33:04.314 [INFO] src.gene_sets.filter: Sensory filter: 9395 / 9404 variants retained
2026-06-05 08:33:04.314 [INFO] main: Stage 3 complete: 9395 sensory variants
2026-06-05 08:33:04.371 [INFO] main: Stage 4 complete: 38 gene cards
2026-06-05 08:33:04.373 [INFO] main: Stage 5 complete: TAS2R38=yes, MT=0, OR=113
2026-06-05 08:33:05.362 [ERROR] src.enrichment.client_base: gnomad HTTP 400: Bad Request
2026-06-05 08:33:05.366 [ERROR] src.enrichment.client_base: gtex HTTP 422: Unprocessable Entity
2026-06-05 08:33:05.369 [ERROR] src.enrichment.client_base: gtex HTTP 422: Unprocessable Entity
2026-06-05 08:33:05.376 [ERROR] src.enrichment.client_base: gnomad HTTP 400: Bad Request
2026-06-05 08:33:05.381 [ERROR] src.enrichment.client_base: gtex HTTP 422: Unprocessable Entity
2026-06-05 08:33:05.385 [ERROR] src.enrichment.client_base: gtex HTTP 422: Unprocessable Entity
2026-06-05 08:33:05.397 [ERROR] src.enrichment.client_base: gtex HTTP 422: Unprocessable Entity
2026-06-05 08:33:05.408 [ERROR] src.enrichment.client_base: gtex HTTP 422: Unprocessable Entity
2026-06-05 08:33:05.414 [ERROR] src.enrichment.client_base: gtex HTTP 422: Unprocessable Entity
2026-06-05 08:33:05.425 [ERROR] src.enrichment.client_base: gnomad HTTP 400: Bad Request
2026-06-05 08:33:05.471 [ERROR] src.enrichment.client_base: gtex HTTP 422: Unprocessable Entity
2026-06-05 08:33:05.522 [ERROR] src.enrichment.client_base: gnomad HTTP 400: Bad Request
2026-06-05 08:33:05.735 [ERROR] src.enrichment.client_base: gnomad HTTP 400: Bad Request
2026-06-05 08:33:05.757 [ERROR] src.enrichment.client_base: gtex HTTP 422: Unprocessable Entity
2026-06-05 08:33:05.799 [WARNING] src.enrichment.client_base: clinvar rate limited (429), retrying in 1s...
2026-06-05 08:33:05.949 [WARNING] src.enrichment.client_base: clinvar rate limited (429), retrying in 1s...
2026-06-05 08:33:05.949 [WARNING] src.enrichment.client_base: clinvar rate limited (429), retrying in 1s...
2026-06-05 08:33:06.020 [ERROR] src.enrichment.client_base: gtex HTTP 422: Unprocessable Entity
2026-06-05 08:33:06.644 [ERROR] src.enrichment.client_base: gnomad HTTP 400: Bad Request
2026-06-05 08:33:06.658 [ERROR] src.enrichment.client_base: gnomad HTTP 400: Bad Request
2026-06-05 08:33:06.698 [ERROR] src.enrichment.client_base: gnomad HTTP 400: Bad Request
2026-06-05 08:33:06.807 [ERROR] src.enrichment.client_base: gnomad HTTP 400: Bad Request
2026-06-05 08:33:06.858 [ERROR] src.enrichment.client_base: gtex HTTP 422: Unprocessable Entity
2026-06-05 08:33:06.869 [ERROR] src.enrichment.client_base: gtex HTTP 422: Unprocessable Entity
2026-06-05 08:33:06.870 [ERROR] src.enrichment.client_base: gtex HTTP 422: Unprocessable Entity
2026-06-05 08:33:06.884 [ERROR] src.enrichment.client_base: gtex HTTP 422: Unprocessable Entity
2026-06-05 08:33:06.885 [ERROR] src.enrichment.client_base: gtex HTTP 422: Unprocessable Entity
2026-06-05 08:33:06.908 [ERROR] src.enrichment.client_base: gtex HTTP 422: Unprocessable Entity
2026-06-05 08:33:06.916 [ERROR] src.enrichment.client_base: gtex HTTP 422: Unprocessable Entity
2026-06-05 08:33:06.999 [ERROR] src.enrichment.client_base: gnomad HTTP 400: Bad Request
2026-06-05 08:33:07.258 [ERROR] src.enrichment.client_base: gtex HTTP 422: Unprocessable Entity
2026-06-05 08:33:07.442 [WARNING] src.enrichment.client_base: clinvar rate limited (429), retrying in 2s...
2026-06-05 08:33:07.516 [ERROR] src.enrichment.client_base: gtex HTTP 422: Unprocessable Entity
2026-06-05 08:33:07.523 [ERROR] src.enrichment.client_base: gtex HTTP 422: Unprocessable Entity
2026-06-05 08:33:07.572 [WARNING] src.enrichment.client_base: clinvar rate limited (429), retrying in 2s...
2026-06-05 08:33:07.991 [WARNING] src.enrichment.client_base: clinvar rate limited (429), retrying in 1s...
2026-06-05 08:33:09.018 [WARNING] src.enrichment.client_base: gnomad rate limited (429), retrying in 4s...
2026-06-05 08:33:09.025 [WARNING] src.enrichment.client_base: gnomad rate limited (429), retrying in 4s...
2026-06-05 08:33:09.065 [WARNING] src.enrichment.client_base: gnomad rate limited (429), retrying in 4s...
2026-06-05 08:33:09.177 [WARNING] src.enrichment.client_base: gnomad rate limited (429), retrying in 4s...
2026-06-05 08:33:09.348 [ERROR] src.enrichment.client_base: gtex HTTP 422: Unprocessable Entity
2026-06-05 08:33:09.371 [ERROR] src.enrichment.client_base: gtex HTTP 422: Unprocessable Entity
2026-06-05 08:33:09.373 [WARNING] src.enrichment.client_base: gnomad rate limited (429), retrying in 4s...
2026-06-05 08:33:09.373 [ERROR] src.enrichment.client_base: gtex HTTP 422: Unprocessable Entity
2026-06-05 08:33:09.373 [ERROR] src.enrichment.client_base: gtex HTTP 422: Unprocessable Entity
2026-06-05 08:33:09.387 [ERROR] src.enrichment.client_base: gtex HTTP 422: Unprocessable Entity
2026-06-05 08:33:09.412 [ERROR] src.enrichment.client_base: gtex HTTP 422: Unprocessable Entity
2026-06-05 08:33:09.423 [ERROR] src.enrichment.client_base: gtex HTTP 422: Unprocessable Entity
2026-06-05 08:33:09.748 [WARNING] src.enrichment.client_base: clinvar rate limited (429), retrying in 1s...
2026-06-05 08:33:09.753 [ERROR] src.enrichment.client_base: gtex HTTP 422: Unprocessable Entity
2026-06-05 08:33:09.815 [WARNING] src.enrichment.client_base: clinvar rate limited (429), retrying in 4s...
2026-06-05 08:33:09.938 [WARNING] src.enrichment.client_base: clinvar rate limited (429), retrying in 4s...
2026-06-05 08:33:10.037 [ERROR] src.enrichment.client_base: gtex HTTP 422: Unprocessable Entity
2026-06-05 08:33:10.040 [ERROR] src.enrichment.client_base: gtex HTTP 422: Unprocessable Entity
2026-06-05 08:33:13.392 [WARNING] src.enrichment.client_base: gnomad rate limited (429), retrying in 8s...
2026-06-05 08:33:13.402 [WARNING] src.enrichment.client_base: gnomad rate limited (429), retrying in 8s...
2026-06-05 08:33:13.432 [WARNING] src.enrichment.client_base: gnomad rate limited (429), retrying in 8s...
2026-06-05 08:33:13.543 [WARNING] src.enrichment.client_base: gnomad rate limited (429), retrying in 8s...
2026-06-05 08:33:13.742 [WARNING] src.enrichment.client_base: gnomad rate limited (429), retrying in 8s...
2026-06-05 08:33:13.846 [ERROR] src.enrichment.client_base: gtex HTTP 422: Unprocessable Entity
2026-06-05 08:33:13.861 [ERROR] src.enrichment.client_base: gtex HTTP 422: Unprocessable Entity
2026-06-05 08:33:13.870 [ERROR] src.enrichment.client_base: gtex HTTP 422: Unprocessable Entity
2026-06-05 08:33:13.874 [ERROR] src.enrichment.client_base: gtex HTTP 422: Unprocessable Entity
2026-06-05 08:33:13.877 [ERROR] src.enrichment.client_base: gtex HTTP 422: Unprocessable Entity
2026-06-05 08:33:13.914 [ERROR] src.enrichment.client_base: gtex HTTP 422: Unprocessable Entity
2026-06-05 08:33:13.927 [ERROR] src.enrichment.client_base: gtex HTTP 422: Unprocessable Entity
2026-06-05 08:33:14.250 [WARNING] src.enrichment.client_base: clinvar rate limited (429), retrying in 8s...
2026-06-05 08:33:14.255 [ERROR] src.enrichment.client_base: gtex HTTP 422: Unprocessable Entity
2026-06-05 08:33:14.344 [ERROR] src.enrichment.client_base: gtex HTTP 422: Unprocessable Entity
2026-06-05 08:33:14.358 [ERROR] src.enrichment.client_base: gtex HTTP 422: Unprocessable Entity
2026-06-05 08:33:14.362 [ERROR] src.enrichment.client_base: gtex HTTP 422: Unprocessable Entity
2026-06-05 08:33:14.365 [ERROR] src.enrichment.client_base: gtex HTTP 422: Unprocessable Entity
2026-06-05 08:33:14.368 [ERROR] src.enrichment.client_base: gtex HTTP 422: Unprocessable Entity
2026-06-05 08:33:14.410 [ERROR] src.enrichment.client_base: gtex HTTP 422: Unprocessable Entity
2026-06-05 08:33:14.419 [ERROR] src.enrichment.client_base: gtex HTTP 422: Unprocessable Entity
2026-06-05 08:33:14.535 [ERROR] src.enrichment.client_base: gtex HTTP 422: Unprocessable Entity
2026-06-05 08:33:14.542 [ERROR] src.enrichment.client_base: gtex HTTP 422: Unprocessable Entity
2026-06-05 08:33:14.679 [WARNING] src.enrichment.client_base: clinvar rate limited (429), retrying in 8s...
2026-06-05 08:33:14.826 [WARNING] src.enrichment.client_base: clinvar rate limited (429), retrying in 1s...
2026-06-05 08:33:15.039 [ERROR] src.enrichment.client_base: gtex HTTP 422: Unprocessable Entity
2026-06-05 08:33:15.044 [ERROR] src.enrichment.client_base: gtex HTTP 422: Unprocessable Entity
2026-06-05 08:33:15.311 [ERROR] src.enrichment.client_base: gtex HTTP 422: Unprocessable Entity
2026-06-05 08:33:15.854 [ERROR] src.enrichment.client_base: gtex HTTP 422: Unprocessable Entity
2026-06-05 08:33:15.857 [ERROR] src.enrichment.client_base: gtex HTTP 422: Unprocessable Entity
2026-06-05 08:33:15.860 [ERROR] src.enrichment.client_base: gtex HTTP 422: Unprocessable Entity
2026-06-05 08:33:15.860 [ERROR] src.enrichment.client_base: gtex HTTP 422: Unprocessable Entity
2026-06-05 08:33:15.861 [ERROR] src.enrichment.client_base: gtex HTTP 422: Unprocessable Entity
2026-06-05 08:33:15.942 [ERROR] src.enrichment.client_base: gtex HTTP 422: Unprocessable Entity
2026-06-05 08:33:15.948 [ERROR] src.enrichment.client_base: gtex HTTP 422: Unprocessable Entity
2026-06-05 08:33:16.542 [ERROR] src.enrichment.client_base: gtex HTTP 422: Unprocessable Entity
2026-06-05 08:33:16.548 [ERROR] src.enrichment.client_base: gtex HTTP 422: Unprocessable Entity
2026-06-05 08:33:16.809 [ERROR] src.enrichment.client_base: gtex HTTP 422: Unprocessable Entity
2026-06-05 08:33:18.348 [ERROR] src.enrichment.client_base: gtex HTTP 422: Unprocessable Entity
2026-06-05 08:33:18.352 [ERROR] src.enrichment.client_base: gtex HTTP 422: Unprocessable Entity
2026-06-05 08:33:18.353 [ERROR] src.enrichment.client_base: gtex HTTP 422: Unprocessable Entity
2026-06-05 08:33:18.361 [ERROR] src.enrichment.client_base: gtex HTTP 422: Unprocessable Entity
2026-06-05 08:33:18.373 [ERROR] src.enrichment.client_base: gtex HTTP 422: Unprocessable Entity
2026-06-05 08:33:19.005 [ERROR] src.enrichment.client_base: gtex HTTP 422: Unprocessable Entity
2026-06-05 08:33:19.020 [ERROR] src.enrichment.client_base: gtex HTTP 422: Unprocessable Entity
2026-06-05 08:33:19.038 [ERROR] src.enrichment.client_base: gtex HTTP 422: Unprocessable Entity
2026-06-05 08:33:19.310 [ERROR] src.enrichment.client_base: gtex HTTP 422: Unprocessable Entity
2026-06-05 08:33:19.596 [ERROR] src.enrichment.client_base: gtex HTTP 422: Unprocessable Entity
2026-06-05 08:33:21.758 [WARNING] src.enrichment.client_base: gnomad rate limited (429), retrying in 1s...
2026-06-05 08:33:21.767 [WARNING] src.enrichment.client_base: gnomad rate limited (429), retrying in 1s...
2026-06-05 08:33:21.788 [WARNING] src.enrichment.client_base: gnomad rate limited (429), retrying in 1s...
2026-06-05 08:33:21.921 [WARNING] src.enrichment.client_base: gnomad rate limited (429), retrying in 1s...
2026-06-05 08:33:22.111 [WARNING] src.enrichment.client_base: gnomad rate limited (429), retrying in 1s...
2026-06-05 08:33:22.492 [WARNING] src.enrichment.client_base: clinvar rate limited (429), retrying in 1s...
2026-06-05 08:33:22.605 [WARNING] src.enrichment.client_base: clinvar rate limited (429), retrying in 1s...
2026-06-05 08:33:22.855 [ERROR] src.enrichment.client_base: gtex HTTP 422: Unprocessable Entity
2026-06-05 08:33:22.869 [ERROR] src.enrichment.client_base: gtex HTTP 422: Unprocessable Entity
2026-06-05 08:33:22.878 [ERROR] src.enrichment.client_base: gtex HTTP 422: Unprocessable Entity
2026-06-05 08:33:22.889 [ERROR] src.enrichment.client_base: gtex HTTP 422: Unprocessable Entity
2026-06-05 08:33:23.128 [WARNING] src.enrichment.client_base: gnomad rate limited (429), retrying in 2s...
2026-06-05 08:33:23.143 [WARNING] src.enrichment.client_base: gnomad rate limited (429), retrying in 2s...
2026-06-05 08:33:23.144 [WARNING] src.enrichment.client_base: gnomad rate limited (429), retrying in 2s...
2026-06-05 08:33:23.288 [WARNING] src.enrichment.client_base: gnomad rate limited (429), retrying in 2s...
2026-06-05 08:33:23.362 [ERROR] src.enrichment.client_base: gtex HTTP 422: Unprocessable Entity
2026-06-05 08:33:23.405 [ERROR] src.enrichment.client_base: gtex HTTP 422: Unprocessable Entity
2026-06-05 08:33:23.463 [ERROR] src.enrichment.client_base: gtex HTTP 422: Unprocessable Entity
2026-06-05 08:33:23.463 [ERROR] src.enrichment.client_base: gtex HTTP 422: Unprocessable Entity
2026-06-05 08:33:23.484 [WARNING] src.enrichment.client_base: gnomad rate limited (429), retrying in 2s...
2026-06-05 08:33:23.485 [ERROR] src.enrichment.client_base: gtex HTTP 422: Unprocessable Entity
2026-06-05 08:33:23.532 [ERROR] src.enrichment.client_base: gtex HTTP 422: Unprocessable Entity
2026-06-05 08:33:23.535 [ERROR] src.enrichment.client_base: gtex HTTP 422: Unprocessable Entity
2026-06-05 08:33:23.849 [ERROR] src.enrichment.client_base: gtex HTTP 422: Unprocessable Entity
2026-06-05 08:33:23.899 [ERROR] src.enrichment.client_base: gtex HTTP 422: Unprocessable Entity
2026-06-05 08:33:24.060 [ERROR] src.enrichment.client_base: gtex HTTP 422: Unprocessable Entity
2026-06-05 08:33:24.092 [ERROR] src.enrichment.client_base: gtex HTTP 422: Unprocessable Entity
2026-06-05 08:33:24.096 [ERROR] src.enrichment.client_base: gtex HTTP 422: Unprocessable Entity
2026-06-05 08:33:24.103 [ERROR] src.enrichment.client_base: gtex HTTP 422: Unprocessable Entity
2026-06-05 08:33:24.220 [WARNING] src.enrichment.client_base: clinvar rate limited (429), retrying in 2s...
2026-06-05 08:33:24.290 [WARNING] src.enrichment.client_base: clinvar rate limited (429), retrying in 1s...
2026-06-05 08:33:24.470 [WARNING] src.enrichment.client_base: clinvar rate limited (429), retrying in 1s...
2026-06-05 08:33:24.554 [ERROR] src.enrichment.client_base: gtex HTTP 422: Unprocessable Entity
2026-06-05 08:33:24.643 [ERROR] src.enrichment.client_base: gtex HTTP 422: Unprocessable Entity
2026-06-05 08:33:24.866 [ERROR] src.enrichment.client_base: gtex HTTP 422: Unprocessable Entity
2026-06-05 08:33:24.912 [ERROR] src.enrichment.client_base: gtex HTTP 422: Unprocessable Entity
2026-06-05 08:33:24.966 [ERROR] src.enrichment.client_base: gtex HTTP 422: Unprocessable Entity
2026-06-05 08:33:24.969 [ERROR] src.enrichment.client_base: gtex HTTP 422: Unprocessable Entity
2026-06-05 08:33:24.990 [ERROR] src.enrichment.client_base: gtex HTTP 422: Unprocessable Entity
2026-06-05 08:33:25.391 [ERROR] src.enrichment.client_base: gtex HTTP 422: Unprocessable Entity
2026-06-05 08:33:25.497 [WARNING] src.enrichment.client_base: gnomad rate limited (429), retrying in 4s...
2026-06-05 08:33:25.515 [WARNING] src.enrichment.client_base: gnomad rate limited (429), retrying in 4s...
2026-06-05 08:33:25.524 [WARNING] src.enrichment.client_base: gnomad rate limited (429), retrying in 4s...
2026-06-05 08:33:25.593 [ERROR] src.enrichment.client_base: gtex HTTP 422: Unprocessable Entity
2026-06-05 08:33:25.596 [ERROR] src.enrichment.client_base: gtex HTTP 422: Unprocessable Entity
2026-06-05 08:33:25.657 [WARNING] src.enrichment.client_base: gnomad rate limited (429), retrying in 4s...
2026-06-05 08:33:25.853 [WARNING] src.enrichment.client_base: gnomad rate limited (429), retrying in 4s...
2026-06-05 08:33:25.974 [WARNING] src.enrichment.client_base: clinvar rate limited (429), retrying in 2s...
2026-06-05 08:33:26.052 [ERROR] src.enrichment.client_base: gtex HTTP 422: Unprocessable Entity
2026-06-05 08:33:26.146 [ERROR] src.enrichment.client_base: gtex HTTP 422: Unprocessable Entity
2026-06-05 08:33:26.467 [WARNING] src.enrichment.client_base: clinvar rate limited (429), retrying in 4s...
2026-06-05 08:33:26.468 [ERROR] src.enrichment.client_base: gtex HTTP 422: Unprocessable Entity
2026-06-05 08:33:27.361 [ERROR] src.enrichment.client_base: gtex HTTP 422: Unprocessable Entity
2026-06-05 08:33:27.468 [ERROR] src.enrichment.client_base: gtex HTTP 422: Unprocessable Entity
2026-06-05 08:33:27.479 [ERROR] src.enrichment.client_base: gtex HTTP 422: Unprocessable Entity
2026-06-05 08:33:27.489 [ERROR] src.enrichment.client_base: gtex HTTP 422: Unprocessable Entity
2026-06-05 08:33:27.887 [ERROR] src.enrichment.client_base: gtex HTTP 422: Unprocessable Entity
2026-06-05 08:33:28.095 [ERROR] src.enrichment.client_base: gtex HTTP 422: Unprocessable Entity
2026-06-05 08:33:28.096 [ERROR] src.enrichment.client_base: gtex HTTP 422: Unprocessable Entity
2026-06-05 08:33:28.212 [WARNING] src.enrichment.client_base: clinvar rate limited (429), retrying in 4s...
2026-06-05 08:33:28.553 [ERROR] src.enrichment.client_base: gtex HTTP 422: Unprocessable Entity
2026-06-05 08:33:28.586 [WARNING] src.enrichment.client_base: clinvar rate limited (429), retrying in 1s...
2026-06-05 08:33:28.642 [ERROR] src.enrichment.client_base: gtex HTTP 422: Unprocessable Entity
2026-06-05 08:33:28.963 [ERROR] src.enrichment.client_base: gtex HTTP 422: Unprocessable Entity
2026-06-05 08:33:29.871 [ERROR] src.enrichment.client_base: clinvar HTTP 502: Bad Gateway
2026-06-05 08:33:29.875 [WARNING] src.enrichment.client_base: gnomad rate limited (429), retrying in 8s...
2026-06-05 08:33:29.884 [WARNING] src.enrichment.client_base: gnomad rate limited (429), retrying in 8s...
2026-06-05 08:33:29.899 [WARNING] src.enrichment.client_base: gnomad rate limited (429), retrying in 8s...
2026-06-05 08:33:30.034 [WARNING] src.enrichment.client_base: gnomad rate limited (429), retrying in 8s...
2026-06-05 08:33:30.224 [WARNING] src.enrichment.client_base: gnomad rate limited (429), retrying in 8s...
2026-06-05 08:33:31.975 [ERROR] src.enrichment.client_base: gtex HTTP 422: Unprocessable Entity
2026-06-05 08:33:31.978 [ERROR] src.enrichment.client_base: gtex HTTP 422: Unprocessable Entity
2026-06-05 08:33:31.985 [ERROR] src.enrichment.client_base: gtex HTTP 422: Unprocessable Entity
2026-06-05 08:33:31.997 [ERROR] src.enrichment.client_base: gtex HTTP 422: Unprocessable Entity
2026-06-05 08:33:32.106 [WARNING] src.enrichment.client_base: clinvar rate limited (429), retrying in 4s...
2026-06-05 08:33:32.241 [WARNING] src.enrichment.client_base: clinvar rate limited (429), retrying in 1s...
2026-06-05 08:33:32.386 [ERROR] src.enrichment.client_base: gtex HTTP 422: Unprocessable Entity
2026-06-05 08:33:32.455 [WARNING] src.enrichment.client_base: clinvar rate limited (429), retrying in 8s...
2026-06-05 08:33:32.468 [ERROR] src.enrichment.client_base: gtex HTTP 422: Unprocessable Entity
2026-06-05 08:33:32.470 [ERROR] src.enrichment.client_base: gtex HTTP 422: Unprocessable Entity
2026-06-05 08:33:32.494 [ERROR] src.enrichment.client_base: gtex HTTP 422: Unprocessable Entity
2026-06-05 08:33:32.495 [ERROR] src.enrichment.client_base: gtex HTTP 422: Unprocessable Entity
2026-06-05 08:33:32.592 [ERROR] src.enrichment.client_base: gtex HTTP 422: Unprocessable Entity
2026-06-05 08:33:32.598 [ERROR] src.enrichment.client_base: gtex HTTP 422: Unprocessable Entity
2026-06-05 08:33:32.889 [ERROR] src.enrichment.client_base: gtex HTTP 422: Unprocessable Entity
2026-06-05 08:33:33.057 [ERROR] src.enrichment.client_base: gtex HTTP 422: Unprocessable Entity
2026-06-05 08:33:33.097 [ERROR] src.enrichment.client_base: gtex HTTP 422: Unprocessable Entity
2026-06-05 08:33:33.102 [ERROR] src.enrichment.client_base: gtex HTTP 422: Unprocessable Entity
2026-06-05 08:33:33.145 [ERROR] src.enrichment.client_base: gtex HTTP 422: Unprocessable Entity
2026-06-05 08:33:33.513 [ERROR] src.enrichment.client_base: gtex HTTP 422: Unprocessable Entity
2026-06-05 08:33:33.569 [ERROR] src.enrichment.client_base: gtex HTTP 422: Unprocessable Entity
2026-06-05 08:33:33.966 [ERROR] src.enrichment.client_base: gtex HTTP 422: Unprocessable Entity
2026-06-05 08:33:33.971 [ERROR] src.enrichment.client_base: gtex HTTP 422: Unprocessable Entity
2026-06-05 08:33:33.998 [ERROR] src.enrichment.client_base: gtex HTTP 422: Unprocessable Entity
2026-06-05 08:33:34.010 [ERROR] src.enrichment.client_base: gtex HTTP 422: Unprocessable Entity
2026-06-05 08:33:34.392 [ERROR] src.enrichment.client_base: gtex HTTP 422: Unprocessable Entity
2026-06-05 08:33:34.597 [ERROR] src.enrichment.client_base: gtex HTTP 422: Unprocessable Entity
2026-06-05 08:33:34.599 [ERROR] src.enrichment.client_base: gtex HTTP 422: Unprocessable Entity
2026-06-05 08:33:35.067 [ERROR] src.enrichment.client_base: gtex HTTP 422: Unprocessable Entity
2026-06-05 08:33:35.962 [WARNING] src.enrichment.client_base: clinvar rate limited (429), retrying in 1s...
2026-06-05 08:33:36.486 [ERROR] src.enrichment.client_base: gtex HTTP 422: Unprocessable Entity
2026-06-05 08:33:36.503 [ERROR] src.enrichment.client_base: gtex HTTP 422: Unprocessable Entity
2026-06-05 08:33:36.506 [ERROR] src.enrichment.client_base: gtex HTTP 422: Unprocessable Entity
2026-06-05 08:33:36.749 [ERROR] src.enrichment.client_base: gtex HTTP 422: Unprocessable Entity
2026-06-05 08:33:37.093 [ERROR] src.enrichment.client_base: gtex HTTP 422: Unprocessable Entity
2026-06-05 08:33:37.101 [ERROR] src.enrichment.client_base: gtex HTTP 422: Unprocessable Entity
2026-06-05 08:33:37.236 [WARNING] src.enrichment.client_base: clinvar rate limited (429), retrying in 1s...
2026-06-05 08:33:37.468 [ERROR] src.enrichment.client_base: gtex HTTP 422: Unprocessable Entity
2026-06-05 08:33:37.574 [ERROR] src.enrichment.client_base: gtex HTTP 422: Unprocessable Entity
2026-06-05 08:33:38.245 [WARNING] src.enrichment.client_base: gnomad rate limited (429), retrying in 1s...
2026-06-05 08:33:38.250 [WARNING] src.enrichment.client_base: gnomad rate limited (429), retrying in 1s...
2026-06-05 08:33:38.252 [WARNING] src.enrichment.client_base: gnomad rate limited (429), retrying in 1s...
2026-06-05 08:33:38.412 [WARNING] src.enrichment.client_base: gnomad rate limited (429), retrying in 1s...
2026-06-05 08:33:38.476 [WARNING] src.enrichment.client_base: clinvar rate limited (429), retrying in 2s...
2026-06-05 08:33:38.602 [WARNING] src.enrichment.client_base: gnomad rate limited (429), retrying in 1s...
2026-06-05 08:33:39.611 [WARNING] src.enrichment.client_base: gnomad rate limited (429), retrying in 2s...
2026-06-05 08:33:39.614 [WARNING] src.enrichment.client_base: gnomad rate limited (429), retrying in 2s...
2026-06-05 08:33:39.624 [WARNING] src.enrichment.client_base: clinvar rate limited (429), retrying in 1s...
2026-06-05 08:33:39.626 [WARNING] src.enrichment.client_base: gnomad rate limited (429), retrying in 2s...
2026-06-05 08:33:39.778 [WARNING] src.enrichment.client_base: gnomad rate limited (429), retrying in 2s...
2026-06-05 08:33:39.971 [WARNING] src.enrichment.client_base: gnomad rate limited (429), retrying in 2s...
2026-06-05 08:33:40.965 [WARNING] src.enrichment.client_base: clinvar rate limited (429), retrying in 4s...
2026-06-05 08:33:40.986 [ERROR] src.enrichment.client_base: gtex HTTP 422: Unprocessable Entity
2026-06-05 08:33:41.000 [ERROR] src.enrichment.client_base: gtex HTTP 422: Unprocessable Entity
2026-06-05 08:33:41.001 [ERROR] src.enrichment.client_base: gtex HTTP 422: Unprocessable Entity
2026-06-05 08:33:41.248 [ERROR] src.enrichment.client_base: gtex HTTP 422: Unprocessable Entity
2026-06-05 08:33:41.419 [WARNING] src.enrichment.client_base: clinvar rate limited (429), retrying in 2s...
2026-06-05 08:33:41.581 [WARNING] src.enrichment.client_base: clinvar rate limited (429), retrying in 1s...
2026-06-05 08:33:41.582 [ERROR] src.enrichment.client_base: gtex HTTP 422: Unprocessable Entity
2026-06-05 08:33:41.617 [ERROR] src.enrichment.client_base: gtex HTTP 422: Unprocessable Entity
2026-06-05 08:33:41.963 [ERROR] src.enrichment.client_base: gtex HTTP 422: Unprocessable Entity
2026-06-05 08:33:41.980 [WARNING] src.enrichment.client_base: gnomad rate limited (429), retrying in 4s...
2026-06-05 08:33:41.981 [WARNING] src.enrichment.client_base: gnomad rate limited (429), retrying in 4s...
2026-06-05 08:33:41.982 [WARNING] src.enrichment.client_base: gnomad rate limited (429), retrying in 4s...
2026-06-05 08:33:42.081 [ERROR] src.enrichment.client_base: gtex HTTP 422: Unprocessable Entity
2026-06-05 08:33:42.157 [WARNING] src.enrichment.client_base: gnomad rate limited (429), retrying in 4s...
2026-06-05 08:33:42.343 [WARNING] src.enrichment.client_base: gnomad rate limited (429), retrying in 4s...
2026-06-05 08:33:43.586 [WARNING] src.enrichment.client_base: clinvar rate limited (429), retrying in 1s...
2026-06-05 08:33:43.664 [WARNING] src.enrichment.client_base: clinvar rate limited (429), retrying in 4s...
2026-06-05 08:33:45.348 [WARNING] src.enrichment.client_base: clinvar rate limited (429), retrying in 1s...
2026-06-05 08:33:46.358 [WARNING] src.enrichment.client_base: gnomad rate limited (429), retrying in 8s...
2026-06-05 08:33:46.359 [WARNING] src.enrichment.client_base: gnomad rate limited (429), retrying in 8s...
2026-06-05 08:33:46.360 [WARNING] src.enrichment.client_base: gnomad rate limited (429), retrying in 8s...
2026-06-05 08:33:46.534 [WARNING] src.enrichment.client_base: gnomad rate limited (429), retrying in 8s...
2026-06-05 08:33:46.587 [WARNING] src.enrichment.client_base: clinvar rate limited (429), retrying in 2s...
2026-06-05 08:33:46.713 [WARNING] src.enrichment.client_base: gnomad rate limited (429), retrying in 8s...
2026-06-05 08:33:54.731 [WARNING] src.enrichment.client_base: gnomad rate limited (429), retrying in 1s...
2026-06-05 08:33:54.744 [WARNING] src.enrichment.client_base: gnomad rate limited (429), retrying in 1s...
2026-06-05 08:33:54.744 [WARNING] src.enrichment.client_base: gnomad rate limited (429), retrying in 1s...
2026-06-05 08:33:54.905 [WARNING] src.enrichment.client_base: gnomad rate limited (429), retrying in 1s...
2026-06-05 08:33:55.086 [WARNING] src.enrichment.client_base: gnomad rate limited (429), retrying in 1s...
2026-06-05 08:33:56.103 [WARNING] src.enrichment.client_base: gnomad rate limited (429), retrying in 2s...
2026-06-05 08:33:56.113 [WARNING] src.enrichment.client_base: gnomad rate limited (429), retrying in 2s...
2026-06-05 08:33:56.113 [WARNING] src.enrichment.client_base: gnomad rate limited (429), retrying in 2s...
2026-06-05 08:33:56.275 [WARNING] src.enrichment.client_base: gnomad rate limited (429), retrying in 2s...
2026-06-05 08:33:56.457 [WARNING] src.enrichment.client_base: gnomad rate limited (429), retrying in 2s...
2026-06-05 08:33:58.461 [WARNING] src.enrichment.client_base: gnomad rate limited (429), retrying in 4s...
2026-06-05 08:33:58.472 [WARNING] src.enrichment.client_base: gnomad rate limited (429), retrying in 4s...
2026-06-05 08:33:58.483 [WARNING] src.enrichment.client_base: gnomad rate limited (429), retrying in 4s...
2026-06-05 08:33:58.655 [WARNING] src.enrichment.client_base: gnomad rate limited (429), retrying in 4s...
2026-06-05 08:33:58.827 [WARNING] src.enrichment.client_base: gnomad rate limited (429), retrying in 4s...
2026-06-05 08:34:02.839 [WARNING] src.enrichment.client_base: gnomad rate limited (429), retrying in 8s...
2026-06-05 08:34:02.842 [WARNING] src.enrichment.client_base: gnomad rate limited (429), retrying in 8s...
2026-06-05 08:34:02.861 [WARNING] src.enrichment.client_base: gnomad rate limited (429), retrying in 8s...
2026-06-05 08:34:03.040 [WARNING] src.enrichment.client_base: gnomad rate limited (429), retrying in 8s...
2026-06-05 08:34:03.199 [WARNING] src.enrichment.client_base: gnomad rate limited (429), retrying in 8s...
2026-06-05 08:34:11.117 [ERROR] src.enrichment.client_base: gnomad HTTP 400: Bad Request
2026-06-05 08:34:11.124 [ERROR] src.enrichment.client_base: gnomad HTTP 400: Bad Request
2026-06-05 08:34:11.125 [ERROR] src.enrichment.client_base: gnomad HTTP 400: Bad Request
2026-06-05 08:34:11.324 [ERROR] src.enrichment.client_base: gnomad HTTP 400: Bad Request
2026-06-05 08:34:11.474 [ERROR] src.enrichment.client_base: gnomad HTTP 400: Bad Request
2026-06-05 08:34:12.468 [ERROR] src.enrichment.client_base: gnomad HTTP 400: Bad Request
2026-06-05 08:34:12.469 [ERROR] src.enrichment.client_base: gnomad HTTP 400: Bad Request
2026-06-05 08:34:12.469 [ERROR] src.enrichment.client_base: gnomad HTTP 400: Bad Request
2026-06-05 08:34:12.607 [ERROR] src.enrichment.client_base: gnomad HTTP 400: Bad Request
2026-06-05 08:34:12.759 [ERROR] src.enrichment.client_base: gnomad HTTP 400: Bad Request
2026-06-05 08:34:14.842 [WARNING] src.enrichment.client_base: gnomad rate limited (429), retrying in 4s...
2026-06-05 08:34:14.843 [WARNING] src.enrichment.client_base: gnomad rate limited (429), retrying in 4s...
2026-06-05 08:34:14.856 [WARNING] src.enrichment.client_base: gnomad rate limited (429), retrying in 4s...
2026-06-05 08:34:14.985 [WARNING] src.enrichment.client_base: gnomad rate limited (429), retrying in 4s...
2026-06-05 08:34:15.134 [WARNING] src.enrichment.client_base: gnomad rate limited (429), retrying in 4s...
2026-06-05 08:34:19.214 [WARNING] src.enrichment.client_base: gnomad rate limited (429), retrying in 8s...
2026-06-05 08:34:19.215 [WARNING] src.enrichment.client_base: gnomad rate limited (429), retrying in 8s...
2026-06-05 08:34:19.231 [WARNING] src.enrichment.client_base: gnomad rate limited (429), retrying in 8s...
2026-06-05 08:34:19.364 [WARNING] src.enrichment.client_base: gnomad rate limited (429), retrying in 8s...
2026-06-05 08:34:19.503 [WARNING] src.enrichment.client_base: gnomad rate limited (429), retrying in 8s...
2026-06-05 08:34:27.584 [WARNING] src.enrichment.client_base: gnomad rate limited (429), retrying in 1s...
2026-06-05 08:34:27.586 [WARNING] src.enrichment.client_base: gnomad rate limited (429), retrying in 1s...
2026-06-05 08:34:27.595 [WARNING] src.enrichment.client_base: gnomad rate limited (429), retrying in 1s...
2026-06-05 08:34:27.732 [WARNING] src.enrichment.client_base: gnomad rate limited (429), retrying in 1s...
2026-06-05 08:34:27.862 [WARNING] src.enrichment.client_base: gnomad rate limited (429), retrying in 1s...
2026-06-05 08:34:28.955 [WARNING] src.enrichment.client_base: gnomad rate limited (429), retrying in 2s...
2026-06-05 08:34:28.962 [WARNING] src.enrichment.client_base: gnomad rate limited (429), retrying in 2s...
2026-06-05 08:34:28.964 [WARNING] src.enrichment.client_base: gnomad rate limited (429), retrying in 2s...
2026-06-05 08:34:29.104 [WARNING] src.enrichment.client_base: gnomad rate limited (429), retrying in 2s...
2026-06-05 08:34:29.233 [WARNING] src.enrichment.client_base: gnomad rate limited (429), retrying in 2s...
2026-06-05 08:34:31.334 [WARNING] src.enrichment.client_base: gnomad rate limited (429), retrying in 4s...
2026-06-05 08:34:31.340 [WARNING] src.enrichment.client_base: gnomad rate limited (429), retrying in 4s...
2026-06-05 08:34:31.341 [WARNING] src.enrichment.client_base: gnomad rate limited (429), retrying in 4s...
2026-06-05 08:34:31.472 [WARNING] src.enrichment.client_base: gnomad rate limited (429), retrying in 4s...
2026-06-05 08:34:31.614 [WARNING] src.enrichment.client_base: gnomad rate limited (429), retrying in 4s...
2026-06-05 08:34:35.693 [WARNING] src.enrichment.client_base: gnomad rate limited (429), retrying in 8s...
2026-06-05 08:34:35.695 [WARNING] src.enrichment.client_base: gnomad rate limited (429), retrying in 8s...
2026-06-05 08:34:35.698 [WARNING] src.enrichment.client_base: gnomad rate limited (429), retrying in 8s...
2026-06-05 08:34:35.852 [WARNING] src.enrichment.client_base: gnomad rate limited (429), retrying in 8s...
2026-06-05 08:34:35.985 [WARNING] src.enrichment.client_base: gnomad rate limited (429), retrying in 8s...
2026-06-05 08:34:44.056 [WARNING] src.enrichment.client_base: gnomad rate limited (429), retrying in 1s...
2026-06-05 08:34:44.063 [WARNING] src.enrichment.client_base: gnomad rate limited (429), retrying in 1s...
2026-06-05 08:34:44.080 [WARNING] src.enrichment.client_base: gnomad rate limited (429), retrying in 1s...
2026-06-05 08:34:44.228 [WARNING] src.enrichment.client_base: gnomad rate limited (429), retrying in 1s...
2026-06-05 08:34:44.366 [WARNING] src.enrichment.client_base: gnomad rate limited (429), retrying in 1s...
2026-06-05 08:34:45.434 [WARNING] src.enrichment.client_base: gnomad rate limited (429), retrying in 2s...
2026-06-05 08:34:45.441 [WARNING] src.enrichment.client_base: gnomad rate limited (429), retrying in 2s...
2026-06-05 08:34:45.448 [WARNING] src.enrichment.client_base: gnomad rate limited (429), retrying in 2s...
2026-06-05 08:34:45.623 [WARNING] src.enrichment.client_base: gnomad rate limited (429), retrying in 2s...
2026-06-05 08:34:45.752 [WARNING] src.enrichment.client_base: gnomad rate limited (429), retrying in 2s...
2026-06-05 08:34:47.797 [WARNING] src.enrichment.client_base: gnomad rate limited (429), retrying in 4s...
2026-06-05 08:34:47.803 [WARNING] src.enrichment.client_base: gnomad rate limited (429), retrying in 4s...
2026-06-05 08:34:47.810 [WARNING] src.enrichment.client_base: gnomad rate limited (429), retrying in 4s...
2026-06-05 08:34:47.991 [WARNING] src.enrichment.client_base: gnomad rate limited (429), retrying in 4s...
2026-06-05 08:34:48.132 [WARNING] src.enrichment.client_base: gnomad rate limited (429), retrying in 4s...
2026-06-05 08:34:52.159 [WARNING] src.enrichment.client_base: gnomad rate limited (429), retrying in 8s...
2026-06-05 08:34:52.166 [WARNING] src.enrichment.client_base: gnomad rate limited (429), retrying in 8s...
2026-06-05 08:34:52.186 [WARNING] src.enrichment.client_base: gnomad rate limited (429), retrying in 8s...
2026-06-05 08:34:52.374 [WARNING] src.enrichment.client_base: gnomad rate limited (429), retrying in 8s...
2026-06-05 08:34:52.502 [WARNING] src.enrichment.client_base: gnomad rate limited (429), retrying in 8s...
2026-06-05 08:35:00.520 [WARNING] src.enrichment.client_base: gnomad rate limited (429), retrying in 1s...
2026-06-05 08:35:00.547 [WARNING] src.enrichment.client_base: gnomad rate limited (429), retrying in 1s...
2026-06-05 08:35:00.564 [WARNING] src.enrichment.client_base: gnomad rate limited (429), retrying in 1s...
2026-06-05 08:35:01.888 [WARNING] src.enrichment.client_base: gnomad rate limited (429), retrying in 2s...
2026-06-05 08:35:01.928 [WARNING] src.enrichment.client_base: gnomad rate limited (429), retrying in 2s...
2026-06-05 08:35:01.944 [WARNING] src.enrichment.client_base: gnomad rate limited (429), retrying in 2s...
2026-06-05 08:35:04.246 [WARNING] src.enrichment.client_base: gnomad rate limited (429), retrying in 4s...
2026-06-05 08:35:04.319 [WARNING] src.enrichment.client_base: gnomad rate limited (429), retrying in 4s...
2026-06-05 08:35:04.327 [WARNING] src.enrichment.client_base: gnomad rate limited (429), retrying in 4s...
2026-06-05 08:35:08.513 [ERROR] src.enrichment.client_base: gnomad HTTP 400: Bad Request
2026-06-05 08:35:08.585 [ERROR] src.enrichment.client_base: gnomad HTTP 400: Bad Request
2026-06-05 08:35:08.610 [ERROR] src.enrichment.client_base: gnomad HTTP 400: Bad Request
2026-06-05 08:35:08.611 [INFO] main: Stage 6 complete: enriched 38 genes
2026-06-05 08:35:08.613 [INFO] main: Stage 7 complete: report built
2026-06-05 08:35:08.613 [INFO] main: Pipeline completed successfully
2026-06-05 08:35:08.782 [INFO] main: Reports saved: markdown=/Users/zhaorongli/WorkBuddy/2026-06-05-07-55-31/sensory_output/sensory_report_20260605_083508.md, json=/Users/zhaorongli/WorkBuddy/2026-06-05-07-55-31/sensory_output/sensory_report_20260605_083508.json
