2026-06-06 16:23:09.486 [INFO] src.assessment.inheritance: Logger initialized. Log file: /Users/zhaorongli/.workbuddy/skills/sensory-genomics/logs/sensory_genomics_20260606_162309.log
2026-06-06 16:23:09.497 [INFO] src.gene_sets.loader: Logger initialized. Log file: /Users/zhaorongli/.workbuddy/skills/sensory-genomics/logs/sensory_genomics_20260606_162309.log
2026-06-06 16:23:09.497 [INFO] src.assessment.engine: Logger initialized. Log file: /Users/zhaorongli/.workbuddy/skills/sensory-genomics/logs/sensory_genomics_20260606_162309.log
2026-06-06 16:23:09.498 [INFO] src.config_loader: Logger initialized. Log file: /Users/zhaorongli/.workbuddy/skills/sensory-genomics/logs/sensory_genomics_20260606_162309.log
2026-06-06 16:23:09.507 [INFO] src.enrichment.cache: Logger initialized. Log file: /Users/zhaorongli/.workbuddy/skills/sensory-genomics/logs/sensory_genomics_20260606_162309.log
2026-06-06 16:23:09.633 [INFO] src.enrichment.client_base: Logger initialized. Log file: /Users/zhaorongli/.workbuddy/skills/sensory-genomics/logs/sensory_genomics_20260606_162309.log
2026-06-06 16:23:09.634 [INFO] src.gene_sets.bed_mapper: Logger initialized. Log file: /Users/zhaorongli/.workbuddy/skills/sensory-genomics/logs/sensory_genomics_20260606_162309.log
2026-06-06 16:23:09.634 [INFO] src.gene_sets.filter: Logger initialized. Log file: /Users/zhaorongli/.workbuddy/skills/sensory-genomics/logs/sensory_genomics_20260606_162309.log
2026-06-06 16:23:09.635 [INFO] src.report.json_generator: Logger initialized. Log file: /Users/zhaorongli/.workbuddy/skills/sensory-genomics/logs/sensory_genomics_20260606_162309.log
2026-06-06 16:23:09.654 [INFO] src.report.markdown_generator: Logger initialized. Log file: /Users/zhaorongli/.workbuddy/skills/sensory-genomics/logs/sensory_genomics_20260606_162309.log
2026-06-06 16:23:09.655 [INFO] src.specialized.mitochondrial: Logger initialized. Log file: /Users/zhaorongli/.workbuddy/skills/sensory-genomics/logs/sensory_genomics_20260606_162309.log
2026-06-06 16:23:09.655 [INFO] src.specialized.or_tiers: Logger initialized. Log file: /Users/zhaorongli/.workbuddy/skills/sensory-genomics/logs/sensory_genomics_20260606_162309.log
2026-06-06 16:23:09.656 [INFO] src.specialized.tas2r38: Logger initialized. Log file: /Users/zhaorongli/.workbuddy/skills/sensory-genomics/logs/sensory_genomics_20260606_162309.log
2026-06-06 16:23:09.656 [INFO] src.report.report_context: Logger initialized. Log file: /Users/zhaorongli/.workbuddy/skills/sensory-genomics/logs/sensory_genomics_20260606_162309.log
2026-06-06 16:23:09.692 [INFO] src.vcf.parser: Logger initialized. Log file: /Users/zhaorongli/.workbuddy/skills/sensory-genomics/logs/sensory_genomics_20260606_162309.log
2026-06-06 16:23:09.692 [INFO] src.vcf.prefilter: Logger initialized. Log file: /Users/zhaorongli/.workbuddy/skills/sensory-genomics/logs/sensory_genomics_20260606_162309.log
2026-06-06 16:23:09.693 [INFO] src.vep.client: Logger initialized. Log file: /Users/zhaorongli/.workbuddy/skills/sensory-genomics/logs/sensory_genomics_20260606_162309.log
2026-06-06 16:23:09.694 [INFO] src.vep.local_client: Logger initialized. Log file: /Users/zhaorongli/.workbuddy/skills/sensory-genomics/logs/sensory_genomics_20260606_162309.log
2026-06-06 16:23:09.694 [INFO] src.vep.hybrid_client: Logger initialized. Log file: /Users/zhaorongli/.workbuddy/skills/sensory-genomics/logs/sensory_genomics_20260606_162309.log
2026-06-06 16:23:09.694 [INFO] src.main: Logger initialized. Log file: /Users/zhaorongli/.workbuddy/skills/sensory-genomics/logs/sensory_genomics_20260606_162309.log
2026-06-06 16:23:09.695 [INFO] sensory_genomics: Logger initialized. Log file: /Users/zhaorongli/.workbuddy/skills/sensory-genomics/logs/sensory_genomics_20260606_162309.log
2026-06-06 16:23:20.259 [INFO] src.main: BED-filtered VCF: /var/folders/g5/gdb7vzxd6_5fwkmkt6j_nrx00000gn/T/tmpq1cylldj.vcf.gz -> 24609 variants
2026-06-06 16:23:20.263 [INFO] src.config_loader: Config loaded from /Users/zhaorongli/.workbuddy/skills/sensory-genomics/config.yaml
2026-06-06 16:23:20.299 [INFO] src.gene_sets.loader: Loaded gene sets: 391 genes across 9 subsystems
2026-06-06 16:23:20.300 [INFO] src.gene_sets.bed_mapper: Loaded BED regions: 382 intervals across 23 chromosomes (bisect indexed)
2026-06-06 16:23:20.301 [INFO] src.specialized.tas2r38: Loaded TAS2R38 SNP definitions: 3 SNPs
2026-06-06 16:23:20.301 [INFO] src.specialized.mitochondrial: Loaded mitochondrial variant database: 8 entries
2026-06-06 16:23:20.302 [INFO] src.specialized.or_tiers: Loaded OR ligand map: 11 entries
2026-06-06 16:23:20.302 [INFO] src.main: Loaded precomputed transcript map: 384 genes
2026-06-06 16:23:20.308 [INFO] src.gene_sets.bed_mapper: Loaded BED regions: 6931 intervals across 23 chromosomes (bisect indexed)
2026-06-06 16:23:20.308 [INFO] src.main: Loaded exon BED for strict filtering
2026-06-06 16:23:20.308 [INFO] src.main: Using LocalVepClient (Docker offline)
2026-06-06 16:23:20.309 [INFO] src.gene_sets.bed_mapper: Loaded BED regions: 382 intervals across 23 chromosomes (bisect indexed)
2026-06-06 16:23:20.309 [INFO] src.main: Pipeline started for /var/folders/g5/gdb7vzxd6_5fwkmkt6j_nrx00000gn/T/tmpq1cylldj.vcf.gz
2026-06-06 16:23:20.311 [INFO] src.vcf.parser: Parsing VCF for sample: ML150006935_L01_184
2026-06-06 16:23:20.554 [INFO] src.main: Stage 1 complete: 23821 variants after prefilter
2026-06-06 16:23:20.568 [INFO] src.vep.local_client: Running local VEP for 23821 variants via Docker
2026-06-06 16:25:36.668 [INFO] src.vep.local_client: Local VEP annotated 23821 variants
2026-06-06 16:25:36.936 [INFO] src.main: Stage 2 complete: 23821 variants annotated
2026-06-06 16:25:36.945 [INFO] src.main: Stage 2.5 complete: BED mapped 101 variants to genes
2026-06-06 16:25:37.031 [INFO] src.gene_sets.filter: Sensory filter: 23812 / 23821 variants retained (22547 unique variants x genes)
2026-06-06 16:25:37.031 [INFO] src.main: Stage 3 complete: 23812 sensory variants
2026-06-06 16:25:37.221 [INFO] src.main: Stage 4 complete: 370 gene cards
2026-06-06 16:25:37.381 [INFO] src.main: Stage 5 complete: TAS2R38=yes, MT=0, OR=12310
2026-06-06 16:25:37.382 [INFO] src.main: Stage 6 complete: enriched 0 genes
2026-06-06 16:25:37.383 [INFO] src.main: Stage 7 complete: report built
2026-06-06 16:25:37.383 [INFO] src.main: Pipeline completed successfully
2026-06-06 16:25:38.251 [INFO] src.main: Reports saved: markdown=/Users/zhaorongli/.workbuddy/skills/sensory-genomics/output/sensory_report_20260606_162538.md, json=/Users/zhaorongli/.workbuddy/skills/sensory-genomics/output/sensory_report_20260606_162538.json
