2026-06-04 16:36:15.217 [INFO] src.assessment.inheritance: Logger initialized. Log file: /Users/zhaorongli/.workbuddy/skills/sensory-genomics/logs/sensory_genomics_20260604_163615.log
2026-06-04 16:36:15.225 [INFO] src.gene_sets.loader: Logger initialized. Log file: /Users/zhaorongli/.workbuddy/skills/sensory-genomics/logs/sensory_genomics_20260604_163615.log
2026-06-04 16:36:15.225 [INFO] src.assessment.engine: Logger initialized. Log file: /Users/zhaorongli/.workbuddy/skills/sensory-genomics/logs/sensory_genomics_20260604_163615.log
2026-06-04 16:36:15.233 [INFO] src.enrichment.cache: Logger initialized. Log file: /Users/zhaorongli/.workbuddy/skills/sensory-genomics/logs/sensory_genomics_20260604_163615.log
2026-06-04 16:36:15.235 [INFO] src.config_loader: Logger initialized. Log file: /Users/zhaorongli/.workbuddy/skills/sensory-genomics/logs/sensory_genomics_20260604_163615.log
2026-06-04 16:36:15.240 [INFO] src.gene_sets.filter: Logger initialized. Log file: /Users/zhaorongli/.workbuddy/skills/sensory-genomics/logs/sensory_genomics_20260604_163615.log
2026-06-04 16:36:15.241 [INFO] src.report.json_generator: Logger initialized. Log file: /Users/zhaorongli/.workbuddy/skills/sensory-genomics/logs/sensory_genomics_20260604_163615.log
2026-06-04 16:36:15.260 [INFO] src.report.markdown_generator: Logger initialized. Log file: /Users/zhaorongli/.workbuddy/skills/sensory-genomics/logs/sensory_genomics_20260604_163615.log
2026-06-04 16:36:15.262 [INFO] src.specialized.mitochondrial: Logger initialized. Log file: /Users/zhaorongli/.workbuddy/skills/sensory-genomics/logs/sensory_genomics_20260604_163615.log
2026-06-04 16:36:15.262 [INFO] src.specialized.or_tiers: Logger initialized. Log file: /Users/zhaorongli/.workbuddy/skills/sensory-genomics/logs/sensory_genomics_20260604_163615.log
2026-06-04 16:36:15.262 [INFO] src.specialized.tas2r38: Logger initialized. Log file: /Users/zhaorongli/.workbuddy/skills/sensory-genomics/logs/sensory_genomics_20260604_163615.log
2026-06-04 16:36:15.263 [INFO] src.report.report_context: Logger initialized. Log file: /Users/zhaorongli/.workbuddy/skills/sensory-genomics/logs/sensory_genomics_20260604_163615.log
2026-06-04 16:36:15.287 [INFO] src.vcf.parser: Logger initialized. Log file: /Users/zhaorongli/.workbuddy/skills/sensory-genomics/logs/sensory_genomics_20260604_163615.log
2026-06-04 16:36:15.288 [INFO] src.vcf.prefilter: Logger initialized. Log file: /Users/zhaorongli/.workbuddy/skills/sensory-genomics/logs/sensory_genomics_20260604_163615.log
2026-06-04 16:36:15.332 [INFO] src.gene_sets.loader: Loaded gene sets: 376 genes across 5 subsystems
2026-06-04 16:36:15.357 [INFO] src.gene_sets.loader: Loaded gene sets: 376 genes across 5 subsystems
2026-06-04 16:36:15.383 [INFO] src.gene_sets.loader: Loaded gene sets: 376 genes across 5 subsystems
2026-06-04 16:36:15.405 [INFO] src.gene_sets.loader: Loaded gene sets: 376 genes across 5 subsystems
2026-06-04 16:36:15.428 [INFO] src.gene_sets.loader: Loaded gene sets: 376 genes across 5 subsystems
2026-06-04 16:36:15.450 [INFO] src.gene_sets.loader: Loaded gene sets: 376 genes across 5 subsystems
2026-06-04 16:36:15.472 [INFO] src.gene_sets.loader: Loaded gene sets: 376 genes across 5 subsystems
2026-06-04 16:36:15.494 [INFO] src.gene_sets.loader: Loaded gene sets: 376 genes across 5 subsystems
2026-06-04 16:36:15.516 [INFO] src.gene_sets.loader: Loaded gene sets: 376 genes across 5 subsystems
2026-06-04 16:36:15.542 [INFO] src.gene_sets.loader: Loaded gene sets: 376 genes across 5 subsystems
2026-06-04 16:36:15.564 [INFO] src.gene_sets.loader: Loaded gene sets: 376 genes across 5 subsystems
2026-06-04 16:36:15.586 [INFO] src.gene_sets.loader: Loaded gene sets: 376 genes across 5 subsystems
2026-06-04 16:36:15.608 [INFO] src.gene_sets.loader: Loaded gene sets: 376 genes across 5 subsystems
2026-06-04 16:36:15.630 [INFO] src.gene_sets.loader: Loaded gene sets: 376 genes across 5 subsystems
2026-06-04 16:36:15.651 [INFO] src.gene_sets.loader: Loaded gene sets: 376 genes across 5 subsystems
2026-06-04 16:36:15.673 [INFO] src.gene_sets.loader: Loaded gene sets: 376 genes across 5 subsystems
2026-06-04 16:36:15.696 [INFO] src.gene_sets.loader: Loaded gene sets: 376 genes across 5 subsystems
2026-06-04 16:36:15.717 [INFO] src.gene_sets.loader: Loaded gene sets: 376 genes across 5 subsystems
2026-06-04 16:36:15.740 [INFO] src.gene_sets.loader: Loaded gene sets: 376 genes across 5 subsystems
2026-06-04 16:36:15.762 [INFO] src.gene_sets.loader: Loaded gene sets: 376 genes across 5 subsystems
2026-06-04 16:36:15.785 [INFO] src.gene_sets.loader: Loaded gene sets: 376 genes across 5 subsystems
2026-06-04 16:36:15.812 [INFO] src.gene_sets.loader: Loaded gene sets: 376 genes across 5 subsystems
2026-06-04 16:36:15.897 [INFO] src.config_loader: Config loaded from config.yaml
2026-06-04 16:36:15.899 [INFO] src.config_loader: Config loaded from config.yaml
2026-06-04 16:36:15.900 [INFO] src.config_loader: Config loaded from /Users/zhaorongli/.workbuddy/skills/sensory-genomics/config.yaml
2026-06-04 16:36:15.901 [INFO] src.config_loader: Config loaded from /private/var/folders/g5/gdb7vzxd6_5fwkmkt6j_nrx00000gn/T/pytest-of-root/pytest-12/test_load_empty_yaml0/empty.yaml
2026-06-04 16:36:15.902 [INFO] src.config_loader: Config loaded from /private/var/folders/g5/gdb7vzxd6_5fwkmkt6j_nrx00000gn/T/pytest-of-root/pytest-12/test_custom_values0/custom.yaml
2026-06-04 16:36:15.974 [INFO] src.enrichment.client_base: Logger initialized. Log file: /Users/zhaorongli/.workbuddy/skills/sensory-genomics/logs/sensory_genomics_20260604_163615.log
2026-06-04 16:36:15.975 [INFO] src.vep.client: Logger initialized. Log file: /Users/zhaorongli/.workbuddy/skills/sensory-genomics/logs/sensory_genomics_20260604_163615.log
2026-06-04 16:36:15.975 [INFO] src.main: Logger initialized. Log file: /Users/zhaorongli/.workbuddy/skills/sensory-genomics/logs/sensory_genomics_20260604_163615.log
2026-06-04 16:36:15.997 [INFO] src.gene_sets.loader: Loaded gene sets: 376 genes across 5 subsystems
2026-06-04 16:36:15.999 [INFO] src.config_loader: Config loaded from config.yaml
2026-06-04 16:36:16.000 [INFO] src.specialized.tas2r38: Loaded TAS2R38 SNP definitions: 3 SNPs
2026-06-04 16:36:16.000 [INFO] src.specialized.mitochondrial: Loaded mitochondrial variant database: 8 entries
2026-06-04 16:36:16.000 [INFO] src.specialized.or_tiers: Loaded OR ligand map: 11 entries
2026-06-04 16:36:16.022 [INFO] src.gene_sets.loader: Loaded gene sets: 376 genes across 5 subsystems
2026-06-04 16:36:16.022 [INFO] src.gene_sets.filter: Sensory filter: 4 / 4 variants retained
2026-06-04 16:36:16.044 [INFO] src.gene_sets.loader: Loaded gene sets: 376 genes across 5 subsystems
2026-06-04 16:36:16.066 [INFO] src.gene_sets.loader: Loaded gene sets: 376 genes across 5 subsystems
2026-06-04 16:36:16.088 [INFO] src.gene_sets.loader: Loaded gene sets: 376 genes across 5 subsystems
2026-06-04 16:36:16.089 [INFO] src.specialized.tas2r38: Loaded TAS2R38 SNP definitions: 3 SNPs
2026-06-04 16:36:16.090 [INFO] src.specialized.mitochondrial: Loaded mitochondrial variant database: 8 entries
2026-06-04 16:36:16.112 [INFO] src.gene_sets.loader: Loaded gene sets: 376 genes across 5 subsystems
2026-06-04 16:36:16.112 [INFO] src.specialized.or_tiers: Loaded OR ligand map: 11 entries
2026-06-04 16:36:16.134 [INFO] src.gene_sets.loader: Loaded gene sets: 376 genes across 5 subsystems
2026-06-04 16:36:16.134 [INFO] src.specialized.tas2r38: Loaded TAS2R38 SNP definitions: 3 SNPs
2026-06-04 16:36:16.134 [INFO] src.specialized.mitochondrial: Loaded mitochondrial variant database: 8 entries
2026-06-04 16:36:16.134 [INFO] src.specialized.or_tiers: Loaded OR ligand map: 11 entries
2026-06-04 16:36:16.156 [INFO] src.gene_sets.loader: Loaded gene sets: 376 genes across 5 subsystems
2026-06-04 16:36:16.157 [INFO] src.specialized.tas2r38: Loaded TAS2R38 SNP definitions: 3 SNPs
2026-06-04 16:36:16.157 [INFO] src.specialized.mitochondrial: Loaded mitochondrial variant database: 8 entries
2026-06-04 16:36:16.157 [INFO] src.specialized.or_tiers: Loaded OR ligand map: 11 entries
2026-06-04 16:36:16.194 [INFO] src.gene_sets.loader: Loaded gene sets: 376 genes across 5 subsystems
2026-06-04 16:36:16.195 [INFO] src.specialized.tas2r38: Loaded TAS2R38 SNP definitions: 3 SNPs
2026-06-04 16:36:16.195 [INFO] src.specialized.mitochondrial: Loaded mitochondrial variant database: 8 entries
2026-06-04 16:36:16.195 [INFO] src.specialized.or_tiers: Loaded OR ligand map: 11 entries
2026-06-04 16:36:16.219 [INFO] src.gene_sets.loader: Loaded gene sets: 376 genes across 5 subsystems
2026-06-04 16:36:16.244 [INFO] src.gene_sets.loader: Loaded gene sets: 376 genes across 5 subsystems
2026-06-04 16:36:16.266 [INFO] src.gene_sets.loader: Loaded gene sets: 376 genes across 5 subsystems
2026-06-04 16:36:16.288 [INFO] src.gene_sets.loader: Loaded gene sets: 376 genes across 5 subsystems
2026-06-04 16:36:16.310 [INFO] src.gene_sets.loader: Loaded gene sets: 376 genes across 5 subsystems
2026-06-04 16:36:16.333 [INFO] src.gene_sets.loader: Loaded gene sets: 376 genes across 5 subsystems
2026-06-04 16:36:16.356 [INFO] src.gene_sets.loader: Loaded gene sets: 376 genes across 5 subsystems
2026-06-04 16:36:16.356 [ERROR] src.gene_sets.loader: sensory_gene_sets.yaml not found at /nonexistent/path/sensory_gene_sets.yaml
2026-06-04 16:36:16.358 [INFO] src.gene_sets.loader: Loaded gene sets: 2 genes across 1 subsystems
2026-06-04 16:36:16.385 [INFO] src.gene_sets.loader: Loaded gene sets: 376 genes across 5 subsystems
2026-06-04 16:36:16.481 [INFO] src.specialized.tas2r38: Loaded TAS2R38 SNP definitions: 3 SNPs
2026-06-04 16:36:16.481 [INFO] src.specialized.tas2r38: Loaded TAS2R38 SNP definitions: 3 SNPs
2026-06-04 16:36:16.482 [INFO] src.specialized.tas2r38: Loaded TAS2R38 SNP definitions: 3 SNPs
2026-06-04 16:36:16.482 [INFO] src.specialized.tas2r38: Loaded TAS2R38 SNP definitions: 3 SNPs
2026-06-04 16:36:16.483 [INFO] src.specialized.tas2r38: Loaded TAS2R38 SNP definitions: 3 SNPs
2026-06-04 16:36:16.483 [WARNING] src.specialized.tas2r38: tas2r38_snps.json not found, using built-in defaults
2026-06-04 16:36:16.484 [INFO] src.specialized.tas2r38: Loaded TAS2R38 SNP definitions: 3 SNPs
2026-06-04 16:36:16.484 [INFO] src.specialized.mitochondrial: Loaded mitochondrial variant database: 8 entries
2026-06-04 16:36:16.484 [INFO] src.specialized.mitochondrial: Loaded mitochondrial variant database: 8 entries
2026-06-04 16:36:16.485 [INFO] src.specialized.mitochondrial: Loaded mitochondrial variant database: 8 entries
2026-06-04 16:36:16.485 [INFO] src.specialized.mitochondrial: Loaded mitochondrial variant database: 8 entries
2026-06-04 16:36:16.486 [INFO] src.specialized.mitochondrial: Loaded mitochondrial variant database: 8 entries
2026-06-04 16:36:16.486 [INFO] src.specialized.mitochondrial: Loaded mitochondrial variant database: 8 entries
2026-06-04 16:36:16.486 [INFO] src.specialized.or_tiers: Loaded OR ligand map: 11 entries
2026-06-04 16:36:16.508 [INFO] src.gene_sets.loader: Loaded gene sets: 376 genes across 5 subsystems
2026-06-04 16:36:16.509 [INFO] src.specialized.or_tiers: Loaded OR ligand map: 11 entries
2026-06-04 16:36:16.530 [INFO] src.gene_sets.loader: Loaded gene sets: 376 genes across 5 subsystems
2026-06-04 16:36:16.531 [INFO] src.specialized.or_tiers: Loaded OR ligand map: 11 entries
2026-06-04 16:36:16.552 [INFO] src.gene_sets.loader: Loaded gene sets: 376 genes across 5 subsystems
2026-06-04 16:36:16.553 [INFO] src.specialized.or_tiers: Loaded OR ligand map: 11 entries
2026-06-04 16:36:16.575 [INFO] src.gene_sets.loader: Loaded gene sets: 376 genes across 5 subsystems
2026-06-04 16:36:16.575 [INFO] src.specialized.or_tiers: Loaded OR ligand map: 11 entries
2026-06-04 16:36:16.597 [INFO] src.gene_sets.loader: Loaded gene sets: 376 genes across 5 subsystems
2026-06-04 16:36:16.598 [INFO] src.specialized.or_tiers: Loaded OR ligand map: 11 entries
2026-06-04 16:36:16.619 [INFO] src.gene_sets.loader: Loaded gene sets: 376 genes across 5 subsystems
