2026-06-06 16:14:38.021 [INFO] src.assessment.inheritance: Logger initialized. Log file: /Users/zhaorongli/.workbuddy/skills/sensory-genomics/logs/sensory_genomics_20260606_161438.log
2026-06-06 16:14:38.032 [INFO] src.gene_sets.loader: Logger initialized. Log file: /Users/zhaorongli/.workbuddy/skills/sensory-genomics/logs/sensory_genomics_20260606_161438.log
2026-06-06 16:14:38.032 [INFO] src.assessment.engine: Logger initialized. Log file: /Users/zhaorongli/.workbuddy/skills/sensory-genomics/logs/sensory_genomics_20260606_161438.log
2026-06-06 16:14:38.033 [INFO] src.config_loader: Logger initialized. Log file: /Users/zhaorongli/.workbuddy/skills/sensory-genomics/logs/sensory_genomics_20260606_161438.log
2026-06-06 16:14:38.043 [INFO] src.enrichment.cache: Logger initialized. Log file: /Users/zhaorongli/.workbuddy/skills/sensory-genomics/logs/sensory_genomics_20260606_161438.log
2026-06-06 16:14:38.154 [INFO] src.enrichment.client_base: Logger initialized. Log file: /Users/zhaorongli/.workbuddy/skills/sensory-genomics/logs/sensory_genomics_20260606_161438.log
2026-06-06 16:14:38.155 [INFO] src.gene_sets.bed_mapper: Logger initialized. Log file: /Users/zhaorongli/.workbuddy/skills/sensory-genomics/logs/sensory_genomics_20260606_161438.log
2026-06-06 16:14:38.155 [INFO] src.gene_sets.filter: Logger initialized. Log file: /Users/zhaorongli/.workbuddy/skills/sensory-genomics/logs/sensory_genomics_20260606_161438.log
2026-06-06 16:14:38.156 [INFO] src.report.json_generator: Logger initialized. Log file: /Users/zhaorongli/.workbuddy/skills/sensory-genomics/logs/sensory_genomics_20260606_161438.log
2026-06-06 16:14:38.172 [INFO] src.report.markdown_generator: Logger initialized. Log file: /Users/zhaorongli/.workbuddy/skills/sensory-genomics/logs/sensory_genomics_20260606_161438.log
2026-06-06 16:14:38.173 [INFO] src.specialized.mitochondrial: Logger initialized. Log file: /Users/zhaorongli/.workbuddy/skills/sensory-genomics/logs/sensory_genomics_20260606_161438.log
2026-06-06 16:14:38.173 [INFO] src.specialized.or_tiers: Logger initialized. Log file: /Users/zhaorongli/.workbuddy/skills/sensory-genomics/logs/sensory_genomics_20260606_161438.log
2026-06-06 16:14:38.174 [INFO] src.specialized.tas2r38: Logger initialized. Log file: /Users/zhaorongli/.workbuddy/skills/sensory-genomics/logs/sensory_genomics_20260606_161438.log
2026-06-06 16:14:38.174 [INFO] src.report.report_context: Logger initialized. Log file: /Users/zhaorongli/.workbuddy/skills/sensory-genomics/logs/sensory_genomics_20260606_161438.log
2026-06-06 16:14:38.198 [INFO] src.vcf.parser: Logger initialized. Log file: /Users/zhaorongli/.workbuddy/skills/sensory-genomics/logs/sensory_genomics_20260606_161438.log
2026-06-06 16:14:38.198 [INFO] src.vcf.prefilter: Logger initialized. Log file: /Users/zhaorongli/.workbuddy/skills/sensory-genomics/logs/sensory_genomics_20260606_161438.log
2026-06-06 16:14:38.199 [INFO] src.vep.client: Logger initialized. Log file: /Users/zhaorongli/.workbuddy/skills/sensory-genomics/logs/sensory_genomics_20260606_161438.log
2026-06-06 16:14:38.200 [INFO] src.vep.local_client: Logger initialized. Log file: /Users/zhaorongli/.workbuddy/skills/sensory-genomics/logs/sensory_genomics_20260606_161438.log
2026-06-06 16:14:38.200 [INFO] src.vep.hybrid_client: Logger initialized. Log file: /Users/zhaorongli/.workbuddy/skills/sensory-genomics/logs/sensory_genomics_20260606_161438.log
2026-06-06 16:14:38.200 [INFO] src.main: Logger initialized. Log file: /Users/zhaorongli/.workbuddy/skills/sensory-genomics/logs/sensory_genomics_20260606_161438.log
2026-06-06 16:14:38.202 [INFO] src.config_loader: Config loaded from /Users/zhaorongli/.workbuddy/skills/sensory-genomics/config.yaml
2026-06-06 16:14:38.226 [INFO] src.gene_sets.loader: Loaded gene sets: 391 genes across 9 subsystems
2026-06-06 16:14:38.226 [INFO] src.gene_sets.bed_mapper: Loaded BED regions: 382 intervals across 23 chromosomes (bisect indexed)
2026-06-06 16:14:38.227 [INFO] src.specialized.tas2r38: Loaded TAS2R38 SNP definitions: 3 SNPs
2026-06-06 16:14:38.227 [INFO] src.specialized.mitochondrial: Loaded mitochondrial variant database: 8 entries
2026-06-06 16:14:38.228 [INFO] src.specialized.or_tiers: Loaded OR ligand map: 11 entries
2026-06-06 16:14:38.228 [INFO] src.main: Loaded precomputed transcript map: 384 genes
2026-06-06 16:14:38.232 [INFO] src.gene_sets.bed_mapper: Loaded BED regions: 6931 intervals across 23 chromosomes (bisect indexed)
2026-06-06 16:14:38.232 [INFO] src.main: Loaded exon BED for strict filtering
2026-06-06 16:14:38.232 [INFO] src.main: Using LocalVepClient (Docker offline)
2026-06-06 16:14:38.263 [INFO] src.vcf.parser: Parsing VCF for sample: ML150006935_L01_184
2026-06-06 16:15:21.074 [INFO] src.vep.local_client: Running local VEP for 4880173 variants via Docker
