2026-06-06 13:34:39.027 [INFO] src.vcf.parser: Logger initialized. Log file: /Users/zhaorongli/.workbuddy/skills/sensory-genomics/logs/sensory_genomics_20260606_133439.log
2026-06-06 13:34:39.028 [INFO] src.vcf.prefilter: Logger initialized. Log file: /Users/zhaorongli/.workbuddy/skills/sensory-genomics/logs/sensory_genomics_20260606_133439.log
2026-06-06 13:34:39.030 [INFO] src.vep.client: Logger initialized. Log file: /Users/zhaorongli/.workbuddy/skills/sensory-genomics/logs/sensory_genomics_20260606_133439.log
2026-06-06 13:34:39.032 [INFO] src.vep.local_client: Logger initialized. Log file: /Users/zhaorongli/.workbuddy/skills/sensory-genomics/logs/sensory_genomics_20260606_133439.log
2026-06-06 13:34:39.032 [INFO] src.vep.hybrid_client: Logger initialized. Log file: /Users/zhaorongli/.workbuddy/skills/sensory-genomics/logs/sensory_genomics_20260606_133439.log
2026-06-06 13:34:39.032 [INFO] src.main: Logger initialized. Log file: /Users/zhaorongli/.workbuddy/skills/sensory-genomics/logs/sensory_genomics_20260606_133439.log
2026-06-06 13:34:39.034 [INFO] sensory_genomics: Logger initialized. Log file: /Users/zhaorongli/.workbuddy/skills/sensory-genomics/logs/sensory_genomics_20260606_133439.log
2026-06-06 13:34:39.966 [INFO] src.main: BED-filtered VCF: /var/folders/g5/gdb7vzxd6_5fwkmkt6j_nrx00000gn/T/tmpflc4vnn3.vcf.gz -> 9727 variants
2026-06-06 13:34:40.396 [INFO] src.main: Loaded precomputed transcript map: 384 genes
2026-06-06 13:34:40.410 [INFO] src.main: Loaded exon BED for strict filtering
2026-06-06 13:34:40.411 [INFO] src.main: Using LocalVepClient (Docker offline)
2026-06-06 13:34:40.412 [INFO] src.main: Pipeline started for /var/folders/g5/gdb7vzxd6_5fwkmkt6j_nrx00000gn/T/tmpflc4vnn3.vcf.gz
2026-06-06 13:34:40.423 [INFO] src.vcf.parser: Parsing VCF for sample: ML150006935_L01_184
2026-06-06 13:34:40.673 [INFO] src.main: Stage 1 complete: 9404 variants after prefilter
2026-06-06 13:34:40.706 [INFO] src.vep.local_client: Running local VEP for 9404 variants via Docker
2026-06-06 13:35:11.812 [INFO] src.vep.local_client: Local VEP annotated 9404 variants
2026-06-06 13:35:11.893 [INFO] src.main: Stage 2 complete: 9404 variants annotated
2026-06-06 13:35:11.895 [INFO] src.main: Stage 2.5 complete: BED mapped 13 variants to genes
2026-06-06 13:35:11.929 [INFO] src.main: Stage 3 complete: 9278 sensory variants
2026-06-06 13:35:12.037 [INFO] src.main: Stage 4 complete: 38 gene cards
2026-06-06 13:35:12.038 [INFO] src.main: Stage 5 complete: TAS2R38=yes, MT=0, OR=111
2026-06-06 13:36:23.827 [INFO] src.main: Stage 6 complete: enriched 38 genes
2026-06-06 13:36:23.829 [INFO] src.main: Stage 7 complete: report built
2026-06-06 13:36:23.829 [INFO] src.main: Pipeline completed successfully
2026-06-06 13:36:24.639 [INFO] src.main: Reports saved: markdown=/Users/zhaorongli/.workbuddy/skills/sensory-genomics/output/sensory_report_20260606_133624.md, json=/Users/zhaorongli/.workbuddy/skills/sensory-genomics/output/sensory_report_20260606_133624.json
