2026-06-05 08:13:00.724 [INFO] src.assessment.inheritance: Logger initialized. Log file: /Users/zhaorongli/.workbuddy/skills/sensory-genomics/logs/sensory_genomics_20260605_081300.log
2026-06-05 08:13:00.739 [INFO] src.gene_sets.loader: Logger initialized. Log file: /Users/zhaorongli/.workbuddy/skills/sensory-genomics/logs/sensory_genomics_20260605_081300.log
2026-06-05 08:13:00.739 [INFO] src.assessment.engine: Logger initialized. Log file: /Users/zhaorongli/.workbuddy/skills/sensory-genomics/logs/sensory_genomics_20260605_081300.log
2026-06-05 08:13:00.740 [INFO] src.config_loader: Logger initialized. Log file: /Users/zhaorongli/.workbuddy/skills/sensory-genomics/logs/sensory_genomics_20260605_081300.log
2026-06-05 08:13:00.757 [INFO] src.enrichment.cache: Logger initialized. Log file: /Users/zhaorongli/.workbuddy/skills/sensory-genomics/logs/sensory_genomics_20260605_081300.log
2026-06-05 08:13:00.869 [INFO] src.enrichment.client_base: Logger initialized. Log file: /Users/zhaorongli/.workbuddy/skills/sensory-genomics/logs/sensory_genomics_20260605_081300.log
2026-06-05 08:13:00.871 [INFO] src.gene_sets.bed_mapper: Logger initialized. Log file: /Users/zhaorongli/.workbuddy/skills/sensory-genomics/logs/sensory_genomics_20260605_081300.log
2026-06-05 08:13:00.871 [INFO] src.gene_sets.filter: Logger initialized. Log file: /Users/zhaorongli/.workbuddy/skills/sensory-genomics/logs/sensory_genomics_20260605_081300.log
2026-06-05 08:13:00.872 [INFO] src.report.json_generator: Logger initialized. Log file: /Users/zhaorongli/.workbuddy/skills/sensory-genomics/logs/sensory_genomics_20260605_081300.log
2026-06-05 08:13:00.887 [INFO] src.report.markdown_generator: Logger initialized. Log file: /Users/zhaorongli/.workbuddy/skills/sensory-genomics/logs/sensory_genomics_20260605_081300.log
2026-06-05 08:13:00.888 [INFO] src.specialized.mitochondrial: Logger initialized. Log file: /Users/zhaorongli/.workbuddy/skills/sensory-genomics/logs/sensory_genomics_20260605_081300.log
2026-06-05 08:13:00.888 [INFO] src.specialized.or_tiers: Logger initialized. Log file: /Users/zhaorongli/.workbuddy/skills/sensory-genomics/logs/sensory_genomics_20260605_081300.log
2026-06-05 08:13:00.889 [INFO] src.specialized.tas2r38: Logger initialized. Log file: /Users/zhaorongli/.workbuddy/skills/sensory-genomics/logs/sensory_genomics_20260605_081300.log
2026-06-05 08:13:00.889 [INFO] src.report.report_context: Logger initialized. Log file: /Users/zhaorongli/.workbuddy/skills/sensory-genomics/logs/sensory_genomics_20260605_081300.log
2026-06-05 08:13:00.913 [INFO] src.vcf.parser: Logger initialized. Log file: /Users/zhaorongli/.workbuddy/skills/sensory-genomics/logs/sensory_genomics_20260605_081300.log
2026-06-05 08:13:00.914 [INFO] src.vcf.prefilter: Logger initialized. Log file: /Users/zhaorongli/.workbuddy/skills/sensory-genomics/logs/sensory_genomics_20260605_081300.log
2026-06-05 08:13:00.914 [INFO] src.vep.client: Logger initialized. Log file: /Users/zhaorongli/.workbuddy/skills/sensory-genomics/logs/sensory_genomics_20260605_081300.log
2026-06-05 08:13:00.915 [INFO] main: Logger initialized. Log file: /Users/zhaorongli/.workbuddy/skills/sensory-genomics/logs/sensory_genomics_20260605_081300.log
2026-06-05 08:13:00.915 [INFO] sensory_genomics: Logger initialized. Log file: /Users/zhaorongli/.workbuddy/skills/sensory-genomics/logs/sensory_genomics_20260605_081300.log
2026-06-05 08:13:14.154 [INFO] main: BED-filtered VCF: /var/folders/g5/gdb7vzxd6_5fwkmkt6j_nrx00000gn/T/tmp2_655cm1.vcf.gz -> 9727 variants
2026-06-05 08:13:14.157 [INFO] src.config_loader: Config loaded from /Users/zhaorongli/.workbuddy/skills/sensory-genomics/scripts/config.yaml
2026-06-05 08:13:14.231 [INFO] src.gene_sets.loader: Loaded gene sets: 376 genes across 5 subsystems
2026-06-05 08:13:14.231 [INFO] src.specialized.tas2r38: Loaded TAS2R38 SNP definitions: 3 SNPs
2026-06-05 08:13:14.232 [INFO] src.specialized.mitochondrial: Loaded mitochondrial variant database: 8 entries
2026-06-05 08:13:14.232 [INFO] src.specialized.or_tiers: Loaded OR ligand map: 11 entries
2026-06-05 08:13:14.232 [INFO] main: Loaded precomputed transcript map: 369 genes
2026-06-05 08:13:14.239 [INFO] src.gene_sets.bed_mapper: Loaded BED regions: 6705 intervals across 23 chromosomes (bisect indexed)
2026-06-05 08:13:14.239 [INFO] main: Loaded exon BED for strict filtering
2026-06-05 08:13:14.239 [INFO] src.gene_sets.bed_mapper: Loaded BED regions: 38 intervals across 19 chromosomes (bisect indexed)
2026-06-05 08:13:14.239 [INFO] main: Pipeline started for /var/folders/g5/gdb7vzxd6_5fwkmkt6j_nrx00000gn/T/tmp2_655cm1.vcf.gz
2026-06-05 08:13:14.241 [INFO] src.vcf.parser: Parsing VCF for sample: ML150006935_L01_184
2026-06-05 08:13:14.320 [INFO] main: Stage 1 complete: 9404 variants after prefilter
2026-06-05 08:13:19.305 [INFO] src.vep.client: VEP annotation: 9404 variants, mem_cache=3600 hits (38.3%), precompute=364 hits (6.3%), api=5440 to fetch, batch_size=50
2026-06-05 08:13:20.294 [ERROR] src.vep.client: VEP HTTP 500: 

<!DOCTYPE html>



<html lang="en">
<head>
        <script src="/static/js/20-prettify.js"></script>
        <script src="/static/js/30-jquery-1.11.1.min.js"></script>
	<script src="/static/js/highl
2026-06-05 08:13:22.298 [ERROR] src.vep.client: VEP HTTP 500: 

<!DOCTYPE html>



<html lang="en">
<head>
        <script src="/static/js/20-prettify.js"></script>
        <script src="/static/js/30-jquery-1.11.1.min.js"></script>
	<script src="/static/js/highl
2026-06-05 08:13:25.357 [ERROR] src.vep.client: VEP HTTP 500: 

<!DOCTYPE html>



<html lang="en">
<head>
        <script src="/static/js/20-prettify.js"></script>
        <script src="/static/js/30-jquery-1.11.1.min.js"></script>
	<script src="/static/js/highl
2026-06-05 08:13:33.090 [ERROR] src.vep.client: VEP HTTP 500: 

<!DOCTYPE html>



<html lang="en">
<head>
        <script src="/static/js/20-prettify.js"></script>
        <script src="/static/js/30-jquery-1.11.1.min.js"></script>
	<script src="/static/js/highl
2026-06-05 08:13:33.179 [INFO] src.vep.client: VEP batch 1/109 done
2026-06-05 08:13:36.254 [ERROR] src.vep.client: VEP HTTP 500: 

<!DOCTYPE html>



<html lang="en">
<head>
        <script src="/static/js/20-prettify.js"></script>
        <script src="/static/js/30-jquery-1.11.1.min.js"></script>
	<script src="/static/js/highl
2026-06-05 08:13:46.421 [ERROR] src.vep.client: VEP HTTP 500: 

<!DOCTYPE html>



<html lang="en">
<head>
        <script src="/static/js/20-prettify.js"></script>
        <script src="/static/js/30-jquery-1.11.1.min.js"></script>
	<script src="/static/js/highl
2026-06-05 08:13:49.440 [ERROR] src.vep.client: VEP HTTP 500: 

<!DOCTYPE html>



<html lang="en">
<head>
        <script src="/static/js/20-prettify.js"></script>
        <script src="/static/js/30-jquery-1.11.1.min.js"></script>
	<script src="/static/js/highl
2026-06-05 08:14:01.246 [ERROR] src.vep.client: VEP HTTP 500: 

<!DOCTYPE html>



<html lang="en">
<head>
        <script src="/static/js/20-prettify.js"></script>
        <script src="/static/js/30-jquery-1.11.1.min.js"></script>
	<script src="/static/js/highl
2026-06-05 08:14:01.343 [INFO] src.vep.client: VEP batch 2/109 done
2026-06-05 08:14:06.289 [ERROR] src.vep.client: VEP HTTP 500: 

<!DOCTYPE html>



<html lang="en">
<head>
        <script src="/static/js/20-prettify.js"></script>
        <script src="/static/js/30-jquery-1.11.1.min.js"></script>
	<script src="/static/js/highl
2026-06-05 08:14:31.203 [ERROR] src.vep.client: VEP HTTP 500: 

<!DOCTYPE html>



<html lang="en">
<head>
        <script src="/static/js/20-prettify.js"></script>
        <script src="/static/js/30-jquery-1.11.1.min.js"></script>
	<script src="/static/js/highl
2026-06-05 08:14:34.268 [ERROR] src.vep.client: VEP HTTP 500: 

<!DOCTYPE html>



<html lang="en">
<head>
        <script src="/static/js/20-prettify.js"></script>
        <script src="/static/js/30-jquery-1.11.1.min.js"></script>
	<script src="/static/js/highl
2026-06-05 08:14:39.289 [ERROR] src.vep.client: VEP HTTP 500: 

<!DOCTYPE html>



<html lang="en">
<head>
        <script src="/static/js/20-prettify.js"></script>
        <script src="/static/js/30-jquery-1.11.1.min.js"></script>
	<script src="/static/js/highl
2026-06-05 08:14:39.414 [INFO] src.vep.client: VEP batch 3/109 done
2026-06-05 08:14:42.557 [ERROR] src.vep.client: VEP HTTP 500: 

<!DOCTYPE html>



<html lang="en">
<head>
        <script src="/static/js/20-prettify.js"></script>
        <script src="/static/js/30-jquery-1.11.1.min.js"></script>
	<script src="/static/js/highl
2026-06-05 08:14:45.561 [ERROR] src.vep.client: VEP HTTP 500: 

<!DOCTYPE html>



<html lang="en">
<head>
        <script src="/static/js/20-prettify.js"></script>
        <script src="/static/js/30-jquery-1.11.1.min.js"></script>
	<script src="/static/js/highl
2026-06-05 08:14:54.669 [ERROR] src.vep.client: VEP HTTP 500: 

<!DOCTYPE html>



<html lang="en">
<head>
        <script src="/static/js/20-prettify.js"></script>
        <script src="/static/js/30-jquery-1.11.1.min.js"></script>
	<script src="/static/js/highl
2026-06-05 08:15:03.842 [ERROR] src.vep.client: VEP HTTP 500: 

<!DOCTYPE html>



<html lang="en">
<head>
        <script src="/static/js/20-prettify.js"></script>
        <script src="/static/js/30-jquery-1.11.1.min.js"></script>
	<script src="/static/js/highl
2026-06-05 08:15:03.967 [INFO] src.vep.client: VEP batch 4/109 done
2026-06-05 08:15:26.259 [ERROR] src.vep.client: VEP HTTP 500: 

<!DOCTYPE html>



<html lang="en">
<head>
        <script src="/static/js/20-prettify.js"></script>
        <script src="/static/js/30-jquery-1.11.1.min.js"></script>
	<script src="/static/js/highl
2026-06-05 08:15:29.222 [ERROR] src.vep.client: VEP HTTP 500: 

<!DOCTYPE html>



<html lang="en">
<head>
        <script src="/static/js/20-prettify.js"></script>
        <script src="/static/js/30-jquery-1.11.1.min.js"></script>
	<script src="/static/js/highl
2026-06-05 08:15:41.902 [ERROR] src.vep.client: VEP HTTP 500: 

<!DOCTYPE html>



<html lang="en">
<head>
        <script src="/static/js/20-prettify.js"></script>
        <script src="/static/js/30-jquery-1.11.1.min.js"></script>
	<script src="/static/js/highl
2026-06-05 08:15:51.154 [ERROR] src.vep.client: VEP HTTP 500: 

<!DOCTYPE html>



<html lang="en">
<head>
        <script src="/static/js/20-prettify.js"></script>
        <script src="/static/js/30-jquery-1.11.1.min.js"></script>
	<script src="/static/js/highl
2026-06-05 08:15:51.302 [INFO] src.vep.client: VEP batch 5/109 done
2026-06-05 08:15:56.683 [ERROR] src.vep.client: VEP HTTP 500: 

<!DOCTYPE html>



<html lang="en">
<head>
        <script src="/static/js/20-prettify.js"></script>
        <script src="/static/js/30-jquery-1.11.1.min.js"></script>
	<script src="/static/js/highl
2026-06-05 08:16:03.611 [ERROR] src.vep.client: VEP HTTP 500: 

<!DOCTYPE html>



<html lang="en">
<head>
        <script src="/static/js/20-prettify.js"></script>
        <script src="/static/js/30-jquery-1.11.1.min.js"></script>
	<script src="/static/js/highl
2026-06-05 08:16:06.648 [ERROR] src.vep.client: VEP HTTP 500: 

<!DOCTYPE html>



<html lang="en">
<head>
        <script src="/static/js/20-prettify.js"></script>
        <script src="/static/js/30-jquery-1.11.1.min.js"></script>
	<script src="/static/js/highl
