2026-06-05 07:59:16.207 [INFO] src.assessment.inheritance: Logger initialized. Log file: /Users/zhaorongli/.workbuddy/skills/sensory-genomics/logs/sensory_genomics_20260605_075916.log
2026-06-05 07:59:16.236 [INFO] src.gene_sets.loader: Logger initialized. Log file: /Users/zhaorongli/.workbuddy/skills/sensory-genomics/logs/sensory_genomics_20260605_075916.log
2026-06-05 07:59:16.237 [INFO] src.assessment.engine: Logger initialized. Log file: /Users/zhaorongli/.workbuddy/skills/sensory-genomics/logs/sensory_genomics_20260605_075916.log
2026-06-05 07:59:16.238 [INFO] src.config_loader: Logger initialized. Log file: /Users/zhaorongli/.workbuddy/skills/sensory-genomics/logs/sensory_genomics_20260605_075916.log
2026-06-05 07:59:16.258 [INFO] src.enrichment.cache: Logger initialized. Log file: /Users/zhaorongli/.workbuddy/skills/sensory-genomics/logs/sensory_genomics_20260605_075916.log
2026-06-05 07:59:16.420 [INFO] src.enrichment.client_base: Logger initialized. Log file: /Users/zhaorongli/.workbuddy/skills/sensory-genomics/logs/sensory_genomics_20260605_075916.log
2026-06-05 07:59:16.428 [INFO] src.gene_sets.bed_mapper: Logger initialized. Log file: /Users/zhaorongli/.workbuddy/skills/sensory-genomics/logs/sensory_genomics_20260605_075916.log
2026-06-05 07:59:16.429 [INFO] src.gene_sets.filter: Logger initialized. Log file: /Users/zhaorongli/.workbuddy/skills/sensory-genomics/logs/sensory_genomics_20260605_075916.log
2026-06-05 07:59:16.432 [INFO] src.report.json_generator: Logger initialized. Log file: /Users/zhaorongli/.workbuddy/skills/sensory-genomics/logs/sensory_genomics_20260605_075916.log
2026-06-05 07:59:16.459 [INFO] src.report.markdown_generator: Logger initialized. Log file: /Users/zhaorongli/.workbuddy/skills/sensory-genomics/logs/sensory_genomics_20260605_075916.log
2026-06-05 07:59:16.460 [INFO] src.specialized.mitochondrial: Logger initialized. Log file: /Users/zhaorongli/.workbuddy/skills/sensory-genomics/logs/sensory_genomics_20260605_075916.log
2026-06-05 07:59:16.461 [INFO] src.specialized.or_tiers: Logger initialized. Log file: /Users/zhaorongli/.workbuddy/skills/sensory-genomics/logs/sensory_genomics_20260605_075916.log
2026-06-05 07:59:16.461 [INFO] src.specialized.tas2r38: Logger initialized. Log file: /Users/zhaorongli/.workbuddy/skills/sensory-genomics/logs/sensory_genomics_20260605_075916.log
2026-06-05 07:59:16.461 [INFO] src.report.report_context: Logger initialized. Log file: /Users/zhaorongli/.workbuddy/skills/sensory-genomics/logs/sensory_genomics_20260605_075916.log
2026-06-05 07:59:16.505 [INFO] src.vcf.parser: Logger initialized. Log file: /Users/zhaorongli/.workbuddy/skills/sensory-genomics/logs/sensory_genomics_20260605_075916.log
2026-06-05 07:59:16.505 [INFO] src.vcf.prefilter: Logger initialized. Log file: /Users/zhaorongli/.workbuddy/skills/sensory-genomics/logs/sensory_genomics_20260605_075916.log
2026-06-05 07:59:16.507 [INFO] src.vep.client: Logger initialized. Log file: /Users/zhaorongli/.workbuddy/skills/sensory-genomics/logs/sensory_genomics_20260605_075916.log
2026-06-05 07:59:16.507 [INFO] main: Logger initialized. Log file: /Users/zhaorongli/.workbuddy/skills/sensory-genomics/logs/sensory_genomics_20260605_075916.log
2026-06-05 07:59:16.507 [INFO] sensory_genomics: Logger initialized. Log file: /Users/zhaorongli/.workbuddy/skills/sensory-genomics/logs/sensory_genomics_20260605_075916.log
2026-06-05 07:59:31.346 [INFO] main: BED-filtered VCF: /var/folders/g5/gdb7vzxd6_5fwkmkt6j_nrx00000gn/T/tmpm1jh_535.vcf.gz -> 9727 variants
2026-06-05 07:59:31.347 [WARNING] src.config_loader: Config file not found at /Users/zhaorongli/.workbuddy/skills/sensory-genomics/scripts/config.yaml, using defaults.
2026-06-05 07:59:31.421 [INFO] src.gene_sets.loader: Loaded gene sets: 376 genes across 5 subsystems
2026-06-05 07:59:31.422 [INFO] src.specialized.tas2r38: Loaded TAS2R38 SNP definitions: 3 SNPs
2026-06-05 07:59:31.422 [INFO] src.specialized.mitochondrial: Loaded mitochondrial variant database: 8 entries
2026-06-05 07:59:31.422 [INFO] src.specialized.or_tiers: Loaded OR ligand map: 11 entries
2026-06-05 07:59:31.423 [INFO] main: Loaded precomputed transcript map: 369 genes
2026-06-05 07:59:31.429 [INFO] src.gene_sets.bed_mapper: Loaded BED regions: 6705 intervals across 23 chromosomes (bisect indexed)
2026-06-05 07:59:31.429 [INFO] main: Loaded exon BED for strict filtering
2026-06-05 07:59:31.429 [INFO] src.gene_sets.bed_mapper: Loaded BED regions: 38 intervals across 19 chromosomes (bisect indexed)
2026-06-05 07:59:31.429 [INFO] main: Pipeline started for /var/folders/g5/gdb7vzxd6_5fwkmkt6j_nrx00000gn/T/tmpm1jh_535.vcf.gz
2026-06-05 07:59:31.432 [INFO] src.vcf.parser: Parsing VCF for sample: ML150006935_L01_184
2026-06-05 07:59:31.504 [INFO] main: Stage 1 complete: 9404 variants after prefilter
2026-06-05 07:59:34.771 [INFO] src.vep.client: VEP annotation: 9404 variants, mem_cache=0 hits (0.0%), precompute=0 hits (0.0%), api=9404 to fetch, batch_size=200
2026-06-05 07:59:37.805 [ERROR] src.vep.client: VEP HTTP 500: 

<!DOCTYPE html>



<html lang="en">
<head>
        <script src="/static/js/20-prettify.js"></script>
        <script src="/static/js/30-jquery-1.11.1.min.js"></script>
	<script src="/static/js/highl
2026-06-05 07:59:44.522 [ERROR] src.vep.client: VEP HTTP 500: 

<!DOCTYPE html>



<html lang="en">
<head>
        <script src="/static/js/20-prettify.js"></script>
        <script src="/static/js/30-jquery-1.11.1.min.js"></script>
	<script src="/static/js/highl
2026-06-05 07:59:47.523 [ERROR] src.vep.client: VEP HTTP 500: 

<!DOCTYPE html>



<html lang="en">
<head>
        <script src="/static/js/20-prettify.js"></script>
        <script src="/static/js/30-jquery-1.11.1.min.js"></script>
	<script src="/static/js/highl
2026-06-05 07:59:52.533 [ERROR] src.vep.client: VEP HTTP 500: 

<!DOCTYPE html>



<html lang="en">
<head>
        <script src="/static/js/20-prettify.js"></script>
        <script src="/static/js/30-jquery-1.11.1.min.js"></script>
	<script src="/static/js/highl
2026-06-05 07:59:52.950 [INFO] src.vep.client: VEP batch 1/48 done
2026-06-05 08:00:04.549 [ERROR] src.vep.client: VEP HTTP 500: 

<!DOCTYPE html>



<html lang="en">
<head>
        <script src="/static/js/20-prettify.js"></script>
        <script src="/static/js/30-jquery-1.11.1.min.js"></script>
	<script src="/static/js/highl
2026-06-05 08:00:07.498 [ERROR] src.vep.client: VEP HTTP 500: 

<!DOCTYPE html>



<html lang="en">
<head>
        <script src="/static/js/20-prettify.js"></script>
        <script src="/static/js/30-jquery-1.11.1.min.js"></script>
	<script src="/static/js/highl
2026-06-05 08:00:38.840 [ERROR] src.vep.client: VEP HTTP 500: 

<!DOCTYPE html>



<html lang="en">
<head>
        <script src="/static/js/20-prettify.js"></script>
        <script src="/static/js/30-jquery-1.11.1.min.js"></script>
	<script src="/static/js/highl
2026-06-05 08:00:43.872 [ERROR] src.vep.client: VEP HTTP 500: 

<!DOCTYPE html>



<html lang="en">
<head>
        <script src="/static/js/20-prettify.js"></script>
        <script src="/static/js/30-jquery-1.11.1.min.js"></script>
	<script src="/static/js/highl
2026-06-05 08:00:44.214 [INFO] src.vep.client: VEP batch 2/48 done
2026-06-05 08:00:45.783 [ERROR] src.vep.client: VEP HTTP 500: 

<!DOCTYPE html>



<html lang="en">
<head>
        <script src="/static/js/20-prettify.js"></script>
        <script src="/static/js/30-jquery-1.11.1.min.js"></script>
	<script src="/static/js/highl
2026-06-05 08:00:47.873 [ERROR] src.vep.client: VEP HTTP 500: 

<!DOCTYPE html>



<html lang="en">
<head>
        <script src="/static/js/20-prettify.js"></script>
        <script src="/static/js/30-jquery-1.11.1.min.js"></script>
	<script src="/static/js/highl
2026-06-05 08:01:23.905 [ERROR] src.vep.client: VEP HTTP 500: 

<!DOCTYPE html>



<html lang="en">
<head>
        <script src="/static/js/20-prettify.js"></script>
        <script src="/static/js/30-jquery-1.11.1.min.js"></script>
	<script src="/static/js/highl
2026-06-05 08:01:39.722 [ERROR] src.vep.client: VEP HTTP 500: 

<!DOCTYPE html>



<html lang="en">
<head>
        <script src="/static/js/20-prettify.js"></script>
        <script src="/static/js/30-jquery-1.11.1.min.js"></script>
	<script src="/static/js/highl
2026-06-05 08:01:40.067 [INFO] src.vep.client: VEP batch 3/48 done
2026-06-05 08:01:41.745 [ERROR] src.vep.client: VEP HTTP 500: 

<!DOCTYPE html>



<html lang="en">
<head>
        <script src="/static/js/20-prettify.js"></script>
        <script src="/static/js/30-jquery-1.11.1.min.js"></script>
	<script src="/static/js/highl
2026-06-05 08:01:47.010 [ERROR] src.vep.client: VEP HTTP 500: 

<!DOCTYPE html>



<html lang="en">
<head>
        <script src="/static/js/20-prettify.js"></script>
        <script src="/static/js/30-jquery-1.11.1.min.js"></script>
	<script src="/static/js/highl
2026-06-05 08:01:53.861 [ERROR] src.vep.client: VEP HTTP 500: 

<!DOCTYPE html>



<html lang="en">
<head>
        <script src="/static/js/20-prettify.js"></script>
        <script src="/static/js/30-jquery-1.11.1.min.js"></script>
	<script src="/static/js/highl
2026-06-05 08:02:27.765 [ERROR] src.vep.client: VEP HTTP 500: 

<!DOCTYPE html>



<html lang="en">
<head>
        <script src="/static/js/20-prettify.js"></script>
        <script src="/static/js/30-jquery-1.11.1.min.js"></script>
	<script src="/static/js/highl
2026-06-05 08:02:28.180 [INFO] src.vep.client: VEP batch 4/48 done
2026-06-05 08:02:29.201 [ERROR] src.vep.client: VEP HTTP 500: 

<!DOCTYPE html>



<html lang="en">
<head>
        <script src="/static/js/20-prettify.js"></script>
        <script src="/static/js/30-jquery-1.11.1.min.js"></script>
	<script src="/static/js/highl
2026-06-05 08:02:31.239 [ERROR] src.vep.client: VEP HTTP 500: 

<!DOCTYPE html>



<html lang="en">
<head>
        <script src="/static/js/20-prettify.js"></script>
        <script src="/static/js/30-jquery-1.11.1.min.js"></script>
	<script src="/static/js/highl
2026-06-05 08:02:35.243 [ERROR] src.vep.client: VEP HTTP 500: 

<!DOCTYPE html>



<html lang="en">
<head>
        <script src="/static/js/20-prettify.js"></script>
        <script src="/static/js/30-jquery-1.11.1.min.js"></script>
	<script src="/static/js/highl
2026-06-05 08:02:44.531 [ERROR] src.vep.client: VEP HTTP 500: 

<!DOCTYPE html>



<html lang="en">
<head>
        <script src="/static/js/20-prettify.js"></script>
        <script src="/static/js/30-jquery-1.11.1.min.js"></script>
	<script src="/static/js/highl
2026-06-05 08:02:44.969 [INFO] src.vep.client: VEP batch 5/48 done
2026-06-05 08:02:58.285 [ERROR] src.vep.client: VEP HTTP 500: 

<!DOCTYPE html>



<html lang="en">
<head>
        <script src="/static/js/20-prettify.js"></script>
        <script src="/static/js/30-jquery-1.11.1.min.js"></script>
	<script src="/static/js/highl
2026-06-05 08:03:01.017 [ERROR] src.vep.client: VEP POST request error: Server disconnected
2026-06-05 08:03:12.810 [ERROR] src.vep.client: VEP HTTP 500: 

<!DOCTYPE html>



<html lang="en">
<head>
        <script src="/static/js/20-prettify.js"></script>
        <script src="/static/js/30-jquery-1.11.1.min.js"></script>
	<script src="/static/js/highl
2026-06-05 08:03:17.849 [ERROR] src.vep.client: VEP HTTP 500: 

<!DOCTYPE html>



<html lang="en">
<head>
        <script src="/static/js/20-prettify.js"></script>
        <script src="/static/js/30-jquery-1.11.1.min.js"></script>
	<script src="/static/js/highl
2026-06-05 08:03:18.328 [INFO] src.vep.client: VEP batch 6/48 done
2026-06-05 08:03:19.744 [ERROR] src.vep.client: VEP HTTP 500: 

<!DOCTYPE html>



<html lang="en">
<head>
        <script src="/static/js/20-prettify.js"></script>
        <script src="/static/js/30-jquery-1.11.1.min.js"></script>
	<script src="/static/js/highl
2026-06-05 08:03:22.736 [ERROR] src.vep.client: VEP HTTP 500: 

<!DOCTYPE html>



<html lang="en">
<head>
        <script src="/static/js/20-prettify.js"></script>
        <script src="/static/js/30-jquery-1.11.1.min.js"></script>
	<script src="/static/js/highl
2026-06-05 08:03:30.159 [ERROR] src.vep.client: VEP HTTP 500: 

<!DOCTYPE html>



<html lang="en">
<head>
        <script src="/static/js/20-prettify.js"></script>
        <script src="/static/js/30-jquery-1.11.1.min.js"></script>
	<script src="/static/js/highl
2026-06-05 08:03:35.166 [ERROR] src.vep.client: VEP HTTP 500: 

<!DOCTYPE html>



<html lang="en">
<head>
        <script src="/static/js/20-prettify.js"></script>
        <script src="/static/js/30-jquery-1.11.1.min.js"></script>
	<script src="/static/js/highl
2026-06-05 08:03:35.411 [INFO] src.vep.client: VEP batch 7/48 done
2026-06-05 08:03:44.008 [ERROR] src.vep.client: VEP HTTP 500: 

<!DOCTYPE html>



<html lang="en">
<head>
        <script src="/static/js/20-prettify.js"></script>
        <script src="/static/js/30-jquery-1.11.1.min.js"></script>
	<script src="/static/js/highl
2026-06-05 08:03:46.000 [ERROR] src.vep.client: VEP HTTP 500: 

<!DOCTYPE html>



<html lang="en">
<head>
        <script src="/static/js/20-prettify.js"></script>
        <script src="/static/js/30-jquery-1.11.1.min.js"></script>
	<script src="/static/js/highl
2026-06-05 08:03:50.386 [ERROR] src.vep.client: VEP HTTP 500: 

<!DOCTYPE html>



<html lang="en">
<head>
        <script src="/static/js/20-prettify.js"></script>
        <script src="/static/js/30-jquery-1.11.1.min.js"></script>
	<script src="/static/js/highl
2026-06-05 08:04:00.981 [ERROR] src.vep.client: VEP HTTP 500: 

<!DOCTYPE html>



<html lang="en">
<head>
        <script src="/static/js/20-prettify.js"></script>
        <script src="/static/js/30-jquery-1.11.1.min.js"></script>
	<script src="/static/js/highl
2026-06-05 08:04:01.486 [INFO] src.vep.client: VEP batch 8/48 done
2026-06-05 08:04:02.927 [ERROR] src.vep.client: VEP HTTP 500: 

<!DOCTYPE html>



<html lang="en">
<head>
        <script src="/static/js/20-prettify.js"></script>
        <script src="/static/js/30-jquery-1.11.1.min.js"></script>
	<script src="/static/js/highl
2026-06-05 08:04:09.795 [ERROR] src.vep.client: VEP HTTP 500: 

<!DOCTYPE html>



<html lang="en">
<head>
        <script src="/static/js/20-prettify.js"></script>
        <script src="/static/js/30-jquery-1.11.1.min.js"></script>
	<script src="/static/js/highl
2026-06-05 08:04:15.901 [ERROR] src.vep.client: VEP HTTP 500: 

<!DOCTYPE html>



<html lang="en">
<head>
        <script src="/static/js/20-prettify.js"></script>
        <script src="/static/js/30-jquery-1.11.1.min.js"></script>
	<script src="/static/js/highl
2026-06-05 08:04:23.737 [ERROR] src.vep.client: VEP HTTP 500: 

<!DOCTYPE html>



<html lang="en">
<head>
        <script src="/static/js/20-prettify.js"></script>
        <script src="/static/js/30-jquery-1.11.1.min.js"></script>
	<script src="/static/js/highl
2026-06-05 08:04:24.232 [INFO] src.vep.client: VEP batch 9/48 done
2026-06-05 08:04:28.827 [ERROR] src.vep.client: VEP HTTP 500: 

<!DOCTYPE html>



<html lang="en">
<head>
        <script src="/static/js/20-prettify.js"></script>
        <script src="/static/js/30-jquery-1.11.1.min.js"></script>
	<script src="/static/js/highl
2026-06-05 08:04:39.208 [ERROR] src.vep.client: VEP HTTP 500: 

<!DOCTYPE html>



<html lang="en">
<head>
        <script src="/static/js/20-prettify.js"></script>
        <script src="/static/js/30-jquery-1.11.1.min.js"></script>
	<script src="/static/js/highl
2026-06-05 08:04:59.080 [ERROR] src.vep.client: VEP HTTP 500: 

<!DOCTYPE html>



<html lang="en">
<head>
        <script src="/static/js/20-prettify.js"></script>
        <script src="/static/js/30-jquery-1.11.1.min.js"></script>
	<script src="/static/js/highl
2026-06-05 08:05:04.644 [ERROR] src.vep.client: VEP HTTP 500: 

<!DOCTYPE html>



<html lang="en">
<head>
        <script src="/static/js/20-prettify.js"></script>
        <script src="/static/js/30-jquery-1.11.1.min.js"></script>
	<script src="/static/js/highl
2026-06-05 08:05:05.091 [INFO] src.vep.client: VEP batch 10/48 done
2026-06-05 08:05:07.320 [ERROR] src.vep.client: VEP HTTP 500: 

<!DOCTYPE html>



<html lang="en">
<head>
        <script src="/static/js/20-prettify.js"></script>
        <script src="/static/js/30-jquery-1.11.1.min.js"></script>
	<script src="/static/js/highl
2026-06-05 08:05:14.497 [ERROR] src.vep.client: VEP HTTP 500: 

<!DOCTYPE html>



<html lang="en">
<head>
        <script src="/static/js/20-prettify.js"></script>
        <script src="/static/js/30-jquery-1.11.1.min.js"></script>
	<script src="/static/js/highl
2026-06-05 08:05:25.189 [ERROR] src.vep.client: VEP HTTP 500: 

<!DOCTYPE html>



<html lang="en">
<head>
        <script src="/static/js/20-prettify.js"></script>
        <script src="/static/js/30-jquery-1.11.1.min.js"></script>
	<script src="/static/js/highl
2026-06-05 08:05:30.192 [ERROR] src.vep.client: VEP HTTP 500: 

<!DOCTYPE html>



<html lang="en">
<head>
        <script src="/static/js/20-prettify.js"></script>
        <script src="/static/js/30-jquery-1.11.1.min.js"></script>
	<script src="/static/js/highl
2026-06-05 08:05:30.610 [INFO] src.vep.client: VEP batch 11/48 done
2026-06-05 08:05:31.617 [ERROR] src.vep.client: VEP HTTP 500: 

<!DOCTYPE html>



<html lang="en">
<head>
        <script src="/static/js/20-prettify.js"></script>
        <script src="/static/js/30-jquery-1.11.1.min.js"></script>
	<script src="/static/js/highl
2026-06-05 08:05:33.648 [ERROR] src.vep.client: VEP HTTP 500: 

<!DOCTYPE html>



<html lang="en">
<head>
        <script src="/static/js/20-prettify.js"></script>
        <script src="/static/js/30-jquery-1.11.1.min.js"></script>
	<script src="/static/js/highl
2026-06-05 08:05:38.278 [ERROR] src.vep.client: VEP HTTP 500: 

<!DOCTYPE html>



<html lang="en">
<head>
        <script src="/static/js/20-prettify.js"></script>
        <script src="/static/js/30-jquery-1.11.1.min.js"></script>
	<script src="/static/js/highl
2026-06-05 08:05:48.714 [ERROR] src.vep.client: VEP HTTP 500: 

<!DOCTYPE html>



<html lang="en">
<head>
        <script src="/static/js/20-prettify.js"></script>
        <script src="/static/js/30-jquery-1.11.1.min.js"></script>
	<script src="/static/js/highl
2026-06-05 08:05:49.086 [INFO] src.vep.client: VEP batch 12/48 done
2026-06-05 08:05:51.571 [ERROR] src.vep.client: VEP HTTP 500: 

<!DOCTYPE html>



<html lang="en">
<head>
        <script src="/static/js/20-prettify.js"></script>
        <script src="/static/js/30-jquery-1.11.1.min.js"></script>
	<script src="/static/js/highl
2026-06-05 08:06:38.807 [ERROR] src.vep.client: VEP HTTP 500: 

<!DOCTYPE html>



<html lang="en">
<head>
        <script src="/static/js/20-prettify.js"></script>
        <script src="/static/js/30-jquery-1.11.1.min.js"></script>
	<script src="/static/js/highl
2026-06-05 08:06:57.827 [ERROR] src.vep.client: VEP HTTP 500: 

<!DOCTYPE html>



<html lang="en">
<head>
        <script src="/static/js/20-prettify.js"></script>
        <script src="/static/js/30-jquery-1.11.1.min.js"></script>
	<script src="/static/js/highl
2026-06-05 08:07:25.798 [ERROR] src.vep.client: VEP HTTP 500: 

<!DOCTYPE html>



<html lang="en">
<head>
        <script src="/static/js/20-prettify.js"></script>
        <script src="/static/js/30-jquery-1.11.1.min.js"></script>
	<script src="/static/js/highl
2026-06-05 08:07:26.241 [INFO] src.vep.client: VEP batch 13/48 done
2026-06-05 08:07:27.256 [ERROR] src.vep.client: VEP HTTP 500: 

<!DOCTYPE html>



<html lang="en">
<head>
        <script src="/static/js/20-prettify.js"></script>
        <script src="/static/js/30-jquery-1.11.1.min.js"></script>
	<script src="/static/js/highl
2026-06-05 08:07:29.240 [ERROR] src.vep.client: VEP HTTP 500: 

<!DOCTYPE html>



<html lang="en">
<head>
        <script src="/static/js/20-prettify.js"></script>
        <script src="/static/js/30-jquery-1.11.1.min.js"></script>
	<script src="/static/js/highl
2026-06-05 08:07:32.229 [ERROR] src.vep.client: VEP HTTP 500: 

<!DOCTYPE html>



<html lang="en">
<head>
        <script src="/static/js/20-prettify.js"></script>
        <script src="/static/js/30-jquery-1.11.1.min.js"></script>
	<script src="/static/js/highl
2026-06-05 08:07:40.659 [ERROR] src.vep.client: VEP HTTP 500: 

<!DOCTYPE html>



<html lang="en">
<head>
        <script src="/static/js/20-prettify.js"></script>
        <script src="/static/js/30-jquery-1.11.1.min.js"></script>
	<script src="/static/js/highl
2026-06-05 08:07:41.167 [INFO] src.vep.client: VEP batch 14/48 done
2026-06-05 08:07:42.220 [ERROR] src.vep.client: VEP HTTP 500: 

<!DOCTYPE html>



<html lang="en">
<head>
        <script src="/static/js/20-prettify.js"></script>
        <script src="/static/js/30-jquery-1.11.1.min.js"></script>
	<script src="/static/js/highl
2026-06-05 08:08:13.893 [ERROR] src.vep.client: VEP HTTP 500: 

<!DOCTYPE html>



<html lang="en">
<head>
        <script src="/static/js/20-prettify.js"></script>
        <script src="/static/js/30-jquery-1.11.1.min.js"></script>
	<script src="/static/js/highl
2026-06-05 08:08:20.974 [ERROR] src.vep.client: VEP HTTP 500: 

<!DOCTYPE html>



<html lang="en">
<head>
        <script src="/static/js/20-prettify.js"></script>
        <script src="/static/js/30-jquery-1.11.1.min.js"></script>
	<script src="/static/js/highl
2026-06-05 08:08:53.399 [ERROR] src.vep.client: VEP HTTP 500: 

<!DOCTYPE html>



<html lang="en">
<head>
        <script src="/static/js/20-prettify.js"></script>
        <script src="/static/js/30-jquery-1.11.1.min.js"></script>
	<script src="/static/js/highl
2026-06-05 08:08:53.841 [INFO] src.vep.client: VEP batch 15/48 done
2026-06-05 08:08:54.814 [ERROR] src.vep.client: VEP HTTP 500: 

<!DOCTYPE html>



<html lang="en">
<head>
        <script src="/static/js/20-prettify.js"></script>
        <script src="/static/js/30-jquery-1.11.1.min.js"></script>
	<script src="/static/js/highl
2026-06-05 08:09:01.342 [ERROR] src.vep.client: VEP HTTP 500: 

<!DOCTYPE html>



<html lang="en">
<head>
        <script src="/static/js/20-prettify.js"></script>
        <script src="/static/js/30-jquery-1.11.1.min.js"></script>
	<script src="/static/js/highl
2026-06-05 08:09:40.589 [ERROR] src.vep.client: VEP HTTP 500: 

<!DOCTYPE html>



<html lang="en">
<head>
        <script src="/static/js/20-prettify.js"></script>
        <script src="/static/js/30-jquery-1.11.1.min.js"></script>
	<script src="/static/js/highl
2026-06-05 08:09:51.401 [ERROR] src.vep.client: VEP HTTP 500: 

<!DOCTYPE html>



<html lang="en">
<head>
        <script src="/static/js/20-prettify.js"></script>
        <script src="/static/js/30-jquery-1.11.1.min.js"></script>
	<script src="/static/js/highl
2026-06-05 08:09:51.931 [INFO] src.vep.client: VEP batch 16/48 done
2026-06-05 08:10:04.164 [ERROR] src.vep.client: VEP HTTP 500: 

<!DOCTYPE html>



<html lang="en">
<head>
        <script src="/static/js/20-prettify.js"></script>
        <script src="/static/js/30-jquery-1.11.1.min.js"></script>
	<script src="/static/js/highl
2026-06-05 08:10:22.207 [ERROR] src.vep.client: VEP HTTP 500: 

<!DOCTYPE html>



<html lang="en">
<head>
        <script src="/static/js/20-prettify.js"></script>
        <script src="/static/js/30-jquery-1.11.1.min.js"></script>
	<script src="/static/js/highl
2026-06-05 08:10:25.211 [ERROR] src.vep.client: VEP HTTP 500: 

<!DOCTYPE html>



<html lang="en">
<head>
        <script src="/static/js/20-prettify.js"></script>
        <script src="/static/js/30-jquery-1.11.1.min.js"></script>
	<script src="/static/js/highl
2026-06-05 08:10:33.112 [ERROR] src.vep.client: VEP HTTP 500: 

<!DOCTYPE html>



<html lang="en">
<head>
        <script src="/static/js/20-prettify.js"></script>
        <script src="/static/js/30-jquery-1.11.1.min.js"></script>
	<script src="/static/js/highl
2026-06-05 08:10:33.515 [INFO] src.vep.client: VEP batch 17/48 done
2026-06-05 08:10:34.919 [ERROR] src.vep.client: VEP HTTP 500: 

<!DOCTYPE html>



<html lang="en">
<head>
        <script src="/static/js/20-prettify.js"></script>
        <script src="/static/js/30-jquery-1.11.1.min.js"></script>
	<script src="/static/js/highl
2026-06-05 08:11:19.076 [ERROR] src.vep.client: VEP HTTP 500: 

<!DOCTYPE html>



<html lang="en">
<head>
        <script src="/static/js/20-prettify.js"></script>
        <script src="/static/js/30-jquery-1.11.1.min.js"></script>
	<script src="/static/js/highl
2026-06-05 08:11:34.522 [ERROR] src.vep.client: VEP HTTP 500: 

<!DOCTYPE html>



<html lang="en">
<head>
        <script src="/static/js/20-prettify.js"></script>
        <script src="/static/js/30-jquery-1.11.1.min.js"></script>
	<script src="/static/js/highl
2026-06-05 08:11:39.715 [ERROR] src.vep.client: VEP HTTP 500: 

<!DOCTYPE html>



<html lang="en">
<head>
        <script src="/static/js/20-prettify.js"></script>
        <script src="/static/js/30-jquery-1.11.1.min.js"></script>
	<script src="/static/js/highl
2026-06-05 08:11:40.075 [INFO] src.vep.client: VEP batch 18/48 done
