2026-06-06 16:27:38.195 [INFO] src.assessment.inheritance: Logger initialized. Log file: /Users/zhaorongli/.workbuddy/skills/sensory-genomics/logs/sensory_genomics_20260606_162738.log
2026-06-06 16:27:38.211 [INFO] src.gene_sets.loader: Logger initialized. Log file: /Users/zhaorongli/.workbuddy/skills/sensory-genomics/logs/sensory_genomics_20260606_162738.log
2026-06-06 16:27:38.212 [INFO] src.assessment.engine: Logger initialized. Log file: /Users/zhaorongli/.workbuddy/skills/sensory-genomics/logs/sensory_genomics_20260606_162738.log
2026-06-06 16:27:38.213 [INFO] src.config_loader: Logger initialized. Log file: /Users/zhaorongli/.workbuddy/skills/sensory-genomics/logs/sensory_genomics_20260606_162738.log
2026-06-06 16:27:38.229 [INFO] src.enrichment.cache: Logger initialized. Log file: /Users/zhaorongli/.workbuddy/skills/sensory-genomics/logs/sensory_genomics_20260606_162738.log
2026-06-06 16:27:38.422 [INFO] src.enrichment.client_base: Logger initialized. Log file: /Users/zhaorongli/.workbuddy/skills/sensory-genomics/logs/sensory_genomics_20260606_162738.log
2026-06-06 16:27:38.424 [INFO] src.gene_sets.bed_mapper: Logger initialized. Log file: /Users/zhaorongli/.workbuddy/skills/sensory-genomics/logs/sensory_genomics_20260606_162738.log
2026-06-06 16:27:38.425 [INFO] src.gene_sets.filter: Logger initialized. Log file: /Users/zhaorongli/.workbuddy/skills/sensory-genomics/logs/sensory_genomics_20260606_162738.log
2026-06-06 16:27:38.426 [INFO] src.report.json_generator: Logger initialized. Log file: /Users/zhaorongli/.workbuddy/skills/sensory-genomics/logs/sensory_genomics_20260606_162738.log
2026-06-06 16:27:38.454 [INFO] src.report.markdown_generator: Logger initialized. Log file: /Users/zhaorongli/.workbuddy/skills/sensory-genomics/logs/sensory_genomics_20260606_162738.log
2026-06-06 16:27:38.455 [INFO] src.specialized.mitochondrial: Logger initialized. Log file: /Users/zhaorongli/.workbuddy/skills/sensory-genomics/logs/sensory_genomics_20260606_162738.log
2026-06-06 16:27:38.457 [INFO] src.specialized.or_tiers: Logger initialized. Log file: /Users/zhaorongli/.workbuddy/skills/sensory-genomics/logs/sensory_genomics_20260606_162738.log
2026-06-06 16:27:38.458 [INFO] src.specialized.tas2r38: Logger initialized. Log file: /Users/zhaorongli/.workbuddy/skills/sensory-genomics/logs/sensory_genomics_20260606_162738.log
2026-06-06 16:27:38.458 [INFO] src.report.report_context: Logger initialized. Log file: /Users/zhaorongli/.workbuddy/skills/sensory-genomics/logs/sensory_genomics_20260606_162738.log
2026-06-06 16:27:38.521 [INFO] src.vcf.parser: Logger initialized. Log file: /Users/zhaorongli/.workbuddy/skills/sensory-genomics/logs/sensory_genomics_20260606_162738.log
2026-06-06 16:27:38.521 [INFO] src.vcf.prefilter: Logger initialized. Log file: /Users/zhaorongli/.workbuddy/skills/sensory-genomics/logs/sensory_genomics_20260606_162738.log
2026-06-06 16:27:38.523 [INFO] src.vep.client: Logger initialized. Log file: /Users/zhaorongli/.workbuddy/skills/sensory-genomics/logs/sensory_genomics_20260606_162738.log
2026-06-06 16:27:38.524 [INFO] src.vep.local_client: Logger initialized. Log file: /Users/zhaorongli/.workbuddy/skills/sensory-genomics/logs/sensory_genomics_20260606_162738.log
2026-06-06 16:27:38.524 [INFO] src.vep.hybrid_client: Logger initialized. Log file: /Users/zhaorongli/.workbuddy/skills/sensory-genomics/logs/sensory_genomics_20260606_162738.log
2026-06-06 16:27:38.524 [INFO] src.main: Logger initialized. Log file: /Users/zhaorongli/.workbuddy/skills/sensory-genomics/logs/sensory_genomics_20260606_162738.log
2026-06-06 16:27:38.526 [INFO] sensory_genomics: Logger initialized. Log file: /Users/zhaorongli/.workbuddy/skills/sensory-genomics/logs/sensory_genomics_20260606_162738.log
2026-06-06 16:27:49.761 [INFO] src.main: BED-filtered VCF: /var/folders/g5/gdb7vzxd6_5fwkmkt6j_nrx00000gn/T/tmpigk6lo1k.vcf.gz -> 24609 variants
2026-06-06 16:27:49.766 [INFO] src.config_loader: Config loaded from /Users/zhaorongli/.workbuddy/skills/sensory-genomics/config.yaml
2026-06-06 16:27:49.802 [INFO] src.gene_sets.loader: Loaded gene sets: 391 genes across 9 subsystems
2026-06-06 16:27:49.804 [INFO] src.gene_sets.bed_mapper: Loaded BED regions: 382 intervals across 23 chromosomes (bisect indexed)
2026-06-06 16:27:49.804 [INFO] src.specialized.tas2r38: Loaded TAS2R38 SNP definitions: 3 SNPs
2026-06-06 16:27:49.805 [INFO] src.specialized.mitochondrial: Loaded mitochondrial variant database: 8 entries
2026-06-06 16:27:49.806 [INFO] src.specialized.or_tiers: Loaded OR ligand map: 11 entries
2026-06-06 16:27:49.806 [INFO] src.main: Loaded precomputed transcript map: 384 genes
2026-06-06 16:27:49.812 [INFO] src.gene_sets.bed_mapper: Loaded BED regions: 6931 intervals across 23 chromosomes (bisect indexed)
2026-06-06 16:27:49.812 [INFO] src.main: Loaded exon BED for strict filtering
2026-06-06 16:27:49.812 [INFO] src.main: Using LocalVepClient (Docker offline)
2026-06-06 16:27:49.814 [INFO] src.gene_sets.bed_mapper: Loaded BED regions: 382 intervals across 23 chromosomes (bisect indexed)
2026-06-06 16:27:49.814 [INFO] src.main: Pipeline started for /var/folders/g5/gdb7vzxd6_5fwkmkt6j_nrx00000gn/T/tmpigk6lo1k.vcf.gz
2026-06-06 16:27:49.820 [INFO] src.vcf.parser: Parsing VCF for sample: ML150006935_L01_184
2026-06-06 16:27:50.090 [INFO] src.main: Stage 1 complete: 23821 variants after prefilter
2026-06-06 16:27:50.102 [INFO] src.vep.local_client: Running local VEP for 23821 variants via Docker
2026-06-06 16:30:08.163 [INFO] src.vep.local_client: Local VEP annotated 23821 variants
2026-06-06 16:30:08.440 [INFO] src.main: Stage 2 complete: 23821 variants annotated
2026-06-06 16:30:08.449 [INFO] src.main: Stage 2.5 complete: BED mapped 101 variants to genes
2026-06-06 16:30:08.538 [INFO] src.gene_sets.filter: Sensory filter: 23812 / 23821 variants retained (22547 unique variants x genes)
2026-06-06 16:30:08.538 [INFO] src.main: Stage 3 complete: 23812 sensory variants
2026-06-06 16:30:08.739 [INFO] src.main: Stage 4 complete: 370 gene cards
2026-06-06 16:30:08.834 [INFO] src.main: Stage 5 complete: TAS2R38=yes, MT=0, OR=313
2026-06-06 16:30:08.834 [INFO] src.main: Stage 6 complete: enriched 0 genes
2026-06-06 16:30:08.835 [INFO] src.main: Stage 7 complete: report built
2026-06-06 16:30:08.835 [INFO] src.main: Pipeline completed successfully
2026-06-06 16:30:09.270 [INFO] src.main: Reports saved: markdown=/Users/zhaorongli/.workbuddy/skills/sensory-genomics/output/sensory_report_20260606_163009.md, json=/Users/zhaorongli/.workbuddy/skills/sensory-genomics/output/sensory_report_20260606_163009.json
