2026-06-06 12:32:12.176 [INFO] src.enrichment.client_base: Logger initialized. Log file: /Users/zhaorongli/.workbuddy/skills/sensory-genomics/logs/sensory_genomics_20260606_123212.log
2026-06-06 12:32:12.181 [INFO] src.gene_sets.bed_mapper: Logger initialized. Log file: /Users/zhaorongli/.workbuddy/skills/sensory-genomics/logs/sensory_genomics_20260606_123212.log
2026-06-06 12:32:12.182 [INFO] src.gene_sets.filter: Logger initialized. Log file: /Users/zhaorongli/.workbuddy/skills/sensory-genomics/logs/sensory_genomics_20260606_123212.log
2026-06-06 12:32:12.184 [INFO] src.report.json_generator: Logger initialized. Log file: /Users/zhaorongli/.workbuddy/skills/sensory-genomics/logs/sensory_genomics_20260606_123212.log
2026-06-06 12:32:12.251 [INFO] src.report.markdown_generator: Logger initialized. Log file: /Users/zhaorongli/.workbuddy/skills/sensory-genomics/logs/sensory_genomics_20260606_123212.log
2026-06-06 12:32:12.253 [INFO] src.specialized.mitochondrial: Logger initialized. Log file: /Users/zhaorongli/.workbuddy/skills/sensory-genomics/logs/sensory_genomics_20260606_123212.log
2026-06-06 12:32:12.254 [INFO] src.specialized.or_tiers: Logger initialized. Log file: /Users/zhaorongli/.workbuddy/skills/sensory-genomics/logs/sensory_genomics_20260606_123212.log
2026-06-06 12:32:12.255 [INFO] src.specialized.tas2r38: Logger initialized. Log file: /Users/zhaorongli/.workbuddy/skills/sensory-genomics/logs/sensory_genomics_20260606_123212.log
2026-06-06 12:32:12.256 [INFO] src.report.report_context: Logger initialized. Log file: /Users/zhaorongli/.workbuddy/skills/sensory-genomics/logs/sensory_genomics_20260606_123212.log
2026-06-06 12:32:12.356 [INFO] src.vcf.parser: Logger initialized. Log file: /Users/zhaorongli/.workbuddy/skills/sensory-genomics/logs/sensory_genomics_20260606_123212.log
2026-06-06 12:32:12.357 [INFO] src.vcf.prefilter: Logger initialized. Log file: /Users/zhaorongli/.workbuddy/skills/sensory-genomics/logs/sensory_genomics_20260606_123212.log
2026-06-06 12:32:12.359 [INFO] src.vep.client: Logger initialized. Log file: /Users/zhaorongli/.workbuddy/skills/sensory-genomics/logs/sensory_genomics_20260606_123212.log
2026-06-06 12:32:12.360 [INFO] src.vep.local_client: Logger initialized. Log file: /Users/zhaorongli/.workbuddy/skills/sensory-genomics/logs/sensory_genomics_20260606_123212.log
2026-06-06 12:32:12.361 [INFO] src.vep.hybrid_client: Logger initialized. Log file: /Users/zhaorongli/.workbuddy/skills/sensory-genomics/logs/sensory_genomics_20260606_123212.log
2026-06-06 12:32:12.362 [INFO] main: Logger initialized. Log file: /Users/zhaorongli/.workbuddy/skills/sensory-genomics/logs/sensory_genomics_20260606_123212.log
2026-06-06 12:32:12.390 [INFO] sensory_genomics: Logger initialized. Log file: /Users/zhaorongli/.workbuddy/skills/sensory-genomics/logs/sensory_genomics_20260606_123212.log
2026-06-06 12:32:23.498 [INFO] main: BED-filtered VCF: /var/folders/g5/gdb7vzxd6_5fwkmkt6j_nrx00000gn/T/tmpoiyovj5e.vcf.gz -> 24609 variants
2026-06-06 12:32:23.544 [INFO] src.specialized.tas2r38: Loaded TAS2R38 SNP definitions: 3 SNPs
2026-06-06 12:32:23.545 [INFO] src.specialized.mitochondrial: Loaded mitochondrial variant database: 8 entries
2026-06-06 12:32:23.546 [INFO] src.specialized.or_tiers: Loaded OR ligand map: 11 entries
2026-06-06 12:32:23.547 [INFO] main: Loaded precomputed transcript map: 384 genes
2026-06-06 12:32:23.554 [INFO] src.gene_sets.bed_mapper: Loaded BED regions: 6931 intervals across 23 chromosomes (bisect indexed)
2026-06-06 12:32:23.554 [INFO] main: Loaded exon BED for strict filtering
2026-06-06 12:32:23.554 [INFO] main: Using LocalVepClient (Docker offline)
2026-06-06 12:32:23.555 [INFO] src.gene_sets.bed_mapper: Loaded BED regions: 382 intervals across 23 chromosomes (bisect indexed)
2026-06-06 12:32:23.555 [INFO] main: Pipeline started for /var/folders/g5/gdb7vzxd6_5fwkmkt6j_nrx00000gn/T/tmpoiyovj5e.vcf.gz
2026-06-06 12:32:23.561 [INFO] src.vcf.parser: Parsing VCF for sample: ML150006935_L01_184
2026-06-06 12:32:23.829 [INFO] main: Stage 1 complete: 23821 variants after prefilter
2026-06-06 12:32:23.841 [INFO] src.vep.local_client: Running local VEP for 23821 variants via Docker
2026-06-06 12:33:29.318 [INFO] src.vep.local_client: Local VEP annotated 23821 variants
2026-06-06 12:33:29.450 [INFO] main: Stage 2 complete: 23821 variants annotated
2026-06-06 12:33:29.455 [INFO] main: Stage 2.5 complete: BED mapped 101 variants to genes
2026-06-06 12:33:29.522 [INFO] src.gene_sets.filter: Sensory filter: 22507 / 23821 variants retained
2026-06-06 12:33:29.522 [INFO] main: Stage 3 complete: 22507 sensory variants
2026-06-06 12:33:29.731 [INFO] main: Stage 4 complete: 367 gene cards
2026-06-06 12:33:29.826 [INFO] main: Stage 5 complete: TAS2R38=yes, MT=0, OR=11031
2026-06-06 12:33:29.827 [INFO] main: Stage 6 complete: enriched 0 genes
2026-06-06 12:33:29.828 [INFO] main: Stage 7 complete: report built
2026-06-06 12:33:29.828 [INFO] main: Pipeline completed successfully
2026-06-06 12:33:31.017 [INFO] main: Reports saved: markdown=/Users/zhaorongli/WorkBuddy/2026-06-06-10-32-52/output_v3/sensory_report_20260606_123330.md, json=/Users/zhaorongli/WorkBuddy/2026-06-06-10-32-52/output_v3/sensory_report_20260606_123330.json
