2026-06-06 15:34:04.614 [INFO] src.assessment.inheritance: Logger initialized. Log file: /Users/zhaorongli/.workbuddy/skills/sensory-genomics/logs/sensory_genomics_20260606_153404.log
2026-06-06 15:34:04.634 [INFO] src.gene_sets.loader: Logger initialized. Log file: /Users/zhaorongli/.workbuddy/skills/sensory-genomics/logs/sensory_genomics_20260606_153404.log
2026-06-06 15:34:04.634 [INFO] src.assessment.engine: Logger initialized. Log file: /Users/zhaorongli/.workbuddy/skills/sensory-genomics/logs/sensory_genomics_20260606_153404.log
2026-06-06 15:34:04.639 [INFO] src.config_loader: Logger initialized. Log file: /Users/zhaorongli/.workbuddy/skills/sensory-genomics/logs/sensory_genomics_20260606_153404.log
2026-06-06 15:34:04.662 [INFO] src.enrichment.cache: Logger initialized. Log file: /Users/zhaorongli/.workbuddy/skills/sensory-genomics/logs/sensory_genomics_20260606_153404.log
2026-06-06 15:34:04.902 [INFO] src.enrichment.client_base: Logger initialized. Log file: /Users/zhaorongli/.workbuddy/skills/sensory-genomics/logs/sensory_genomics_20260606_153404.log
2026-06-06 15:34:04.909 [INFO] src.gene_sets.bed_mapper: Logger initialized. Log file: /Users/zhaorongli/.workbuddy/skills/sensory-genomics/logs/sensory_genomics_20260606_153404.log
2026-06-06 15:34:04.910 [INFO] src.gene_sets.filter: Logger initialized. Log file: /Users/zhaorongli/.workbuddy/skills/sensory-genomics/logs/sensory_genomics_20260606_153404.log
2026-06-06 15:34:04.917 [INFO] src.report.json_generator: Logger initialized. Log file: /Users/zhaorongli/.workbuddy/skills/sensory-genomics/logs/sensory_genomics_20260606_153404.log
2026-06-06 15:34:04.962 [INFO] src.report.markdown_generator: Logger initialized. Log file: /Users/zhaorongli/.workbuddy/skills/sensory-genomics/logs/sensory_genomics_20260606_153404.log
2026-06-06 15:34:04.967 [INFO] src.specialized.mitochondrial: Logger initialized. Log file: /Users/zhaorongli/.workbuddy/skills/sensory-genomics/logs/sensory_genomics_20260606_153404.log
2026-06-06 15:34:04.969 [INFO] src.specialized.or_tiers: Logger initialized. Log file: /Users/zhaorongli/.workbuddy/skills/sensory-genomics/logs/sensory_genomics_20260606_153404.log
2026-06-06 15:34:04.972 [INFO] src.specialized.tas2r38: Logger initialized. Log file: /Users/zhaorongli/.workbuddy/skills/sensory-genomics/logs/sensory_genomics_20260606_153404.log
2026-06-06 15:34:04.972 [INFO] src.report.report_context: Logger initialized. Log file: /Users/zhaorongli/.workbuddy/skills/sensory-genomics/logs/sensory_genomics_20260606_153404.log
2026-06-06 15:34:05.449 [INFO] src.config_loader: Config loaded from config.yaml
2026-06-06 15:34:05.517 [INFO] src.gene_sets.loader: Loaded gene sets: 391 genes across 9 subsystems
2026-06-06 15:34:05.520 [INFO] src.specialized.tas2r38: Loaded TAS2R38 SNP definitions: 3 SNPs
2026-06-06 15:34:05.520 [INFO] src.specialized.mitochondrial: Loaded mitochondrial variant database: 8 entries
2026-06-06 15:34:05.521 [INFO] src.specialized.or_tiers: Loaded OR ligand map: 11 entries
2026-06-06 15:34:05.529 [INFO] src.gene_sets.bed_mapper: Loaded BED regions: 6931 intervals across 23 chromosomes (bisect indexed)
2026-06-06 15:34:05.530 [INFO] src.gene_sets.bed_mapper: Loaded BED regions: 38 intervals across 19 chromosomes (bisect indexed)
2026-06-06 15:34:52.275 [INFO] src.gene_sets.filter: Sensory filter: 9278 / 9404 variants retained (9278 unique variants x genes)
2026-06-06 15:34:53.121 [ERROR] src.enrichment.client_base: gnomad HTTP 400: Bad Request
2026-06-06 15:34:53.137 [ERROR] src.enrichment.client_base: gnomad HTTP 400: Bad Request
2026-06-06 15:34:53.138 [ERROR] src.enrichment.client_base: gnomad HTTP 400: Bad Request
2026-06-06 15:34:53.154 [ERROR] src.enrichment.client_base: gnomad HTTP 400: Bad Request
2026-06-06 15:34:53.224 [ERROR] src.enrichment.client_base: gnomad HTTP 400: Bad Request
2026-06-06 15:34:53.258 [ERROR] src.enrichment.client_base: gnomad HTTP 400: Bad Request
2026-06-06 15:34:53.290 [ERROR] src.enrichment.client_base: gnomad HTTP 400: Bad Request
2026-06-06 15:34:53.298 [ERROR] src.enrichment.client_base: gnomad HTTP 400: Bad Request
2026-06-06 15:34:53.307 [ERROR] src.enrichment.client_base: gnomad HTTP 400: Bad Request
2026-06-06 15:34:53.414 [ERROR] src.enrichment.client_base: gnomad HTTP 400: Bad Request
2026-06-06 15:34:53.422 [ERROR] src.enrichment.client_base: gtex HTTP 422: Unprocessable Entity
2026-06-06 15:34:53.427 [ERROR] src.enrichment.client_base: gtex HTTP 422: Unprocessable Entity
2026-06-06 15:34:53.431 [ERROR] src.enrichment.client_base: gtex HTTP 422: Unprocessable Entity
2026-06-06 15:34:53.434 [ERROR] src.enrichment.client_base: gtex HTTP 422: Unprocessable Entity
2026-06-06 15:34:53.673 [ERROR] src.enrichment.client_base: gtex HTTP 422: Unprocessable Entity
2026-06-06 15:34:53.770 [ERROR] src.enrichment.client_base: gtex HTTP 422: Unprocessable Entity
2026-06-06 15:34:54.182 [ERROR] src.enrichment.client_base: gnomad HTTP 400: Bad Request
2026-06-06 15:34:54.188 [ERROR] src.enrichment.client_base: gnomad HTTP 400: Bad Request
2026-06-06 15:34:54.342 [ERROR] src.enrichment.client_base: gnomad HTTP 400: Bad Request
2026-06-06 15:34:54.433 [ERROR] src.enrichment.client_base: gnomad HTTP 400: Bad Request
2026-06-06 15:34:54.433 [ERROR] src.enrichment.client_base: gnomad HTTP 400: Bad Request
2026-06-06 15:34:54.440 [ERROR] src.enrichment.client_base: gtex HTTP 422: Unprocessable Entity
2026-06-06 15:34:54.473 [ERROR] src.enrichment.client_base: gnomad HTTP 400: Bad Request
2026-06-06 15:34:54.479 [ERROR] src.enrichment.client_base: gnomad HTTP 400: Bad Request
2026-06-06 15:34:54.531 [ERROR] src.enrichment.client_base: gnomad HTTP 400: Bad Request
2026-06-06 15:34:54.532 [ERROR] src.enrichment.client_base: gnomad HTTP 400: Bad Request
2026-06-06 15:34:54.533 [ERROR] src.enrichment.client_base: gnomad HTTP 400: Bad Request
2026-06-06 15:34:54.875 [ERROR] src.enrichment.client_base: gnomad HTTP 400: Bad Request
2026-06-06 15:34:54.901 [ERROR] src.enrichment.client_base: gtex HTTP 422: Unprocessable Entity
2026-06-06 15:34:54.905 [ERROR] src.enrichment.client_base: gtex HTTP 422: Unprocessable Entity
2026-06-06 15:34:54.926 [ERROR] src.enrichment.client_base: gtex HTTP 422: Unprocessable Entity
2026-06-06 15:34:54.932 [ERROR] src.enrichment.client_base: gtex HTTP 422: Unprocessable Entity
2026-06-06 15:34:54.940 [ERROR] src.enrichment.client_base: gnomad HTTP 400: Bad Request
2026-06-06 15:34:55.065 [ERROR] src.enrichment.client_base: gnomad HTTP 400: Bad Request
2026-06-06 15:34:55.141 [ERROR] src.enrichment.client_base: gnomad HTTP 400: Bad Request
2026-06-06 15:34:55.273 [ERROR] src.enrichment.client_base: gtex HTTP 422: Unprocessable Entity
2026-06-06 15:34:55.504 [WARNING] src.enrichment.client_base: gnomad rate limited (429), retrying in 2s...
2026-06-06 15:34:55.522 [WARNING] src.enrichment.client_base: gnomad rate limited (429), retrying in 2s...
2026-06-06 15:34:55.658 [WARNING] src.enrichment.client_base: gnomad rate limited (429), retrying in 2s...
2026-06-06 15:34:55.826 [ERROR] src.enrichment.client_base: gtex HTTP 422: Unprocessable Entity
2026-06-06 15:34:55.857 [ERROR] src.enrichment.client_base: gtex HTTP 422: Unprocessable Entity
2026-06-06 15:34:56.106 [ERROR] src.enrichment.client_base: gtex HTTP 422: Unprocessable Entity
2026-06-06 15:34:56.377 [ERROR] src.enrichment.client_base: gtex HTTP 422: Unprocessable Entity
2026-06-06 15:34:56.461 [WARNING] src.enrichment.client_base: gnomad rate limited (429), retrying in 2s...
2026-06-06 15:34:56.471 [WARNING] src.enrichment.client_base: gnomad rate limited (429), retrying in 1s...
2026-06-06 15:34:56.508 [ERROR] src.enrichment.client_base: gtex HTTP 422: Unprocessable Entity
2026-06-06 15:34:56.741 [WARNING] src.enrichment.client_base: gnomad rate limited (429), retrying in 4s...
2026-06-06 15:34:56.752 [WARNING] src.enrichment.client_base: gnomad rate limited (429), retrying in 4s...
2026-06-06 15:34:56.793 [WARNING] src.enrichment.client_base: gnomad rate limited (429), retrying in 4s...
2026-06-06 15:34:56.820 [WARNING] src.enrichment.client_base: gnomad rate limited (429), retrying in 4s...
2026-06-06 15:34:56.844 [WARNING] src.enrichment.client_base: gnomad rate limited (429), retrying in 4s...
2026-06-06 15:34:56.847 [WARNING] src.enrichment.client_base: gnomad rate limited (429), retrying in 4s...
2026-06-06 15:34:56.848 [WARNING] src.enrichment.client_base: gnomad rate limited (429), retrying in 4s...
2026-06-06 15:34:57.202 [WARNING] src.enrichment.client_base: gnomad rate limited (429), retrying in 4s...
2026-06-06 15:34:57.248 [WARNING] src.enrichment.client_base: gnomad rate limited (429), retrying in 4s...
2026-06-06 15:34:57.388 [ERROR] src.enrichment.client_base: gtex HTTP 422: Unprocessable Entity
2026-06-06 15:34:57.395 [ERROR] src.enrichment.client_base: gtex HTTP 422: Unprocessable Entity
2026-06-06 15:34:57.537 [ERROR] src.enrichment.client_base: gtex HTTP 422: Unprocessable Entity
2026-06-06 15:34:57.746 [ERROR] src.enrichment.client_base: gtex HTTP 422: Unprocessable Entity
2026-06-06 15:34:57.761 [ERROR] src.enrichment.client_base: gtex HTTP 422: Unprocessable Entity
2026-06-06 15:34:57.790 [WARNING] src.enrichment.client_base: gnomad rate limited (429), retrying in 2s...
2026-06-06 15:34:57.832 [WARNING] src.enrichment.client_base: gnomad rate limited (429), retrying in 4s...
2026-06-06 15:34:57.836 [WARNING] src.enrichment.client_base: gnomad rate limited (429), retrying in 4s...
2026-06-06 15:34:57.861 [ERROR] src.enrichment.client_base: gtex HTTP 422: Unprocessable Entity
2026-06-06 15:34:57.886 [WARNING] src.enrichment.client_base: gnomad rate limited (429), retrying in 4s...
2026-06-06 15:34:57.947 [ERROR] src.enrichment.client_base: gtex HTTP 422: Unprocessable Entity
2026-06-06 15:34:57.980 [WARNING] src.enrichment.client_base: gnomad rate limited (429), retrying in 4s...
2026-06-06 15:34:57.981 [ERROR] src.enrichment.client_base: gtex HTTP 422: Unprocessable Entity
2026-06-06 15:34:58.322 [ERROR] src.enrichment.client_base: gtex HTTP 422: Unprocessable Entity
2026-06-06 15:34:58.794 [WARNING] src.enrichment.client_base: gnomad rate limited (429), retrying in 4s...
2026-06-06 15:34:58.947 [ERROR] src.enrichment.client_base: gtex HTTP 422: Unprocessable Entity
2026-06-06 15:35:00.094 [WARNING] src.enrichment.client_base: gnomad rate limited (429), retrying in 4s...
2026-06-06 15:35:00.219 [ERROR] src.enrichment.client_base: gtex HTTP 422: Unprocessable Entity
2026-06-06 15:35:00.331 [ERROR] src.enrichment.client_base: gtex HTTP 422: Unprocessable Entity
2026-06-06 15:35:00.448 [ERROR] src.enrichment.client_base: gtex HTTP 422: Unprocessable Entity
2026-06-06 15:35:01.070 [WARNING] src.enrichment.client_base: gnomad rate limited (429), retrying in 8s...
2026-06-06 15:35:01.163 [WARNING] src.enrichment.client_base: gnomad rate limited (429), retrying in 8s...
2026-06-06 15:35:01.164 [WARNING] src.enrichment.client_base: gnomad rate limited (429), retrying in 8s...
2026-06-06 15:35:01.176 [WARNING] src.enrichment.client_base: gnomad rate limited (429), retrying in 8s...
2026-06-06 15:35:01.197 [WARNING] src.enrichment.client_base: gnomad rate limited (429), retrying in 8s...
2026-06-06 15:35:01.481 [WARNING] src.enrichment.client_base: gnomad rate limited (429), retrying in 8s...
2026-06-06 15:35:01.511 [WARNING] src.enrichment.client_base: gnomad rate limited (429), retrying in 8s...
2026-06-06 15:35:01.569 [WARNING] src.enrichment.client_base: gnomad rate limited (429), retrying in 8s...
2026-06-06 15:35:01.852 [ERROR] src.enrichment.client_base: gtex HTTP 422: Unprocessable Entity
2026-06-06 15:35:01.891 [ERROR] src.enrichment.client_base: gtex HTTP 422: Unprocessable Entity
2026-06-06 15:35:01.979 [WARNING] src.enrichment.client_base: gnomad rate limited (429), retrying in 8s...
2026-06-06 15:35:02.145 [WARNING] src.enrichment.client_base: gnomad rate limited (429), retrying in 8s...
2026-06-06 15:35:02.167 [WARNING] src.enrichment.client_base: gnomad rate limited (429), retrying in 8s...
2026-06-06 15:35:02.196 [ERROR] src.enrichment.client_base: gtex HTTP 422: Unprocessable Entity
2026-06-06 15:35:02.218 [WARNING] src.enrichment.client_base: gnomad rate limited (429), retrying in 8s...
2026-06-06 15:35:02.230 [ERROR] src.enrichment.client_base: gtex HTTP 422: Unprocessable Entity
2026-06-06 15:35:02.301 [WARNING] src.enrichment.client_base: gnomad rate limited (429), retrying in 8s...
2026-06-06 15:35:02.374 [ERROR] src.enrichment.client_base: gtex HTTP 422: Unprocessable Entity
2026-06-06 15:35:02.667 [ERROR] src.enrichment.client_base: gtex HTTP 422: Unprocessable Entity
2026-06-06 15:35:02.693 [ERROR] src.enrichment.client_base: gtex HTTP 422: Unprocessable Entity
2026-06-06 15:35:02.793 [ERROR] src.enrichment.client_base: gtex HTTP 422: Unprocessable Entity
2026-06-06 15:35:03.020 [ERROR] src.enrichment.client_base: gtex HTTP 422: Unprocessable Entity
2026-06-06 15:35:03.193 [ERROR] src.enrichment.client_base: gtex HTTP 422: Unprocessable Entity
2026-06-06 15:35:03.423 [ERROR] src.enrichment.client_base: gtex HTTP 422: Unprocessable Entity
2026-06-06 15:35:03.494 [ERROR] src.enrichment.client_base: gtex HTTP 422: Unprocessable Entity
2026-06-06 15:35:03.592 [WARNING] src.enrichment.client_base: gnomad rate limited (429), retrying in 8s...
2026-06-06 15:35:03.810 [ERROR] src.enrichment.client_base: gtex HTTP 422: Unprocessable Entity
2026-06-06 15:35:03.846 [ERROR] src.enrichment.client_base: gtex HTTP 422: Unprocessable Entity
2026-06-06 15:35:03.892 [ERROR] src.enrichment.client_base: gtex HTTP 422: Unprocessable Entity
2026-06-06 15:35:04.402 [WARNING] src.enrichment.client_base: gnomad rate limited (429), retrying in 8s...
2026-06-06 15:35:04.667 [ERROR] src.enrichment.client_base: gtex HTTP 422: Unprocessable Entity
2026-06-06 15:35:04.688 [ERROR] src.enrichment.client_base: gtex HTTP 422: Unprocessable Entity
2026-06-06 15:35:04.768 [ERROR] src.enrichment.client_base: gtex HTTP 422: Unprocessable Entity
2026-06-06 15:35:04.848 [ERROR] src.enrichment.client_base: gtex HTTP 422: Unprocessable Entity
2026-06-06 15:35:04.915 [ERROR] src.enrichment.client_base: gtex HTTP 422: Unprocessable Entity
2026-06-06 15:35:04.987 [ERROR] src.enrichment.client_base: gtex HTTP 422: Unprocessable Entity
2026-06-06 15:35:05.158 [ERROR] src.enrichment.client_base: gtex HTTP 422: Unprocessable Entity
2026-06-06 15:35:05.352 [ERROR] src.enrichment.client_base: gtex HTTP 422: Unprocessable Entity
2026-06-06 15:35:05.353 [ERROR] src.enrichment.client_base: gtex HTTP 422: Unprocessable Entity
2026-06-06 15:35:05.663 [ERROR] src.enrichment.client_base: gtex HTTP 422: Unprocessable Entity
2026-06-06 15:35:05.760 [ERROR] src.enrichment.client_base: gtex HTTP 422: Unprocessable Entity
2026-06-06 15:35:05.851 [ERROR] src.enrichment.client_base: gtex HTTP 422: Unprocessable Entity
2026-06-06 15:35:06.313 [ERROR] src.enrichment.client_base: gtex HTTP 422: Unprocessable Entity
2026-06-06 15:35:06.658 [ERROR] src.enrichment.client_base: gtex HTTP 422: Unprocessable Entity
2026-06-06 15:35:07.131 [ERROR] src.enrichment.client_base: gtex HTTP 422: Unprocessable Entity
2026-06-06 15:35:07.227 [ERROR] src.enrichment.client_base: gtex HTTP 422: Unprocessable Entity
2026-06-06 15:35:07.276 [ERROR] src.enrichment.client_base: gtex HTTP 422: Unprocessable Entity
2026-06-06 15:35:07.319 [ERROR] src.enrichment.client_base: gtex HTTP 422: Unprocessable Entity
2026-06-06 15:35:07.446 [ERROR] src.enrichment.client_base: gtex HTTP 422: Unprocessable Entity
2026-06-06 15:35:07.520 [ERROR] src.enrichment.client_base: gtex HTTP 422: Unprocessable Entity
2026-06-06 15:35:08.657 [ERROR] src.enrichment.client_base: gtex HTTP 422: Unprocessable Entity
2026-06-06 15:35:08.817 [ERROR] src.enrichment.client_base: gtex HTTP 422: Unprocessable Entity
2026-06-06 15:35:09.136 [ERROR] src.enrichment.client_base: gtex HTTP 422: Unprocessable Entity
2026-06-06 15:35:09.384 [WARNING] src.enrichment.client_base: gnomad rate limited (429), retrying in 1s...
2026-06-06 15:35:09.487 [WARNING] src.enrichment.client_base: gnomad rate limited (429), retrying in 1s...
2026-06-06 15:35:09.505 [WARNING] src.enrichment.client_base: gnomad rate limited (429), retrying in 1s...
2026-06-06 15:35:09.543 [WARNING] src.enrichment.client_base: gnomad rate limited (429), retrying in 1s...
2026-06-06 15:35:09.791 [ERROR] src.enrichment.client_base: gtex HTTP 422: Unprocessable Entity
2026-06-06 15:35:09.805 [WARNING] src.enrichment.client_base: gnomad rate limited (429), retrying in 1s...
2026-06-06 15:35:09.821 [WARNING] src.enrichment.client_base: gnomad rate limited (429), retrying in 1s...
2026-06-06 15:35:09.873 [WARNING] src.enrichment.client_base: gnomad rate limited (429), retrying in 1s...
2026-06-06 15:35:09.896 [WARNING] src.enrichment.client_base: gnomad rate limited (429), retrying in 1s...
2026-06-06 15:35:10.061 [ERROR] src.enrichment.client_base: gtex HTTP 422: Unprocessable Entity
2026-06-06 15:35:10.296 [WARNING] src.enrichment.client_base: gnomad rate limited (429), retrying in 1s...
2026-06-06 15:35:10.503 [WARNING] src.enrichment.client_base: gnomad rate limited (429), retrying in 1s...
2026-06-06 15:35:10.541 [WARNING] src.enrichment.client_base: gnomad rate limited (429), retrying in 1s...
2026-06-06 15:35:10.623 [WARNING] src.enrichment.client_base: gnomad rate limited (429), retrying in 1s...
2026-06-06 15:35:10.715 [WARNING] src.enrichment.client_base: gnomad rate limited (429), retrying in 2s...
2026-06-06 15:35:10.798 [ERROR] src.enrichment.client_base: gtex HTTP 422: Unprocessable Entity
2026-06-06 15:35:10.829 [WARNING] src.enrichment.client_base: gnomad rate limited (429), retrying in 2s...
2026-06-06 15:35:10.837 [WARNING] src.enrichment.client_base: gnomad rate limited (429), retrying in 2s...
2026-06-06 15:35:10.856 [WARNING] src.enrichment.client_base: gnomad rate limited (429), retrying in 2s...
2026-06-06 15:35:11.129 [WARNING] src.enrichment.client_base: gnomad rate limited (429), retrying in 2s...
2026-06-06 15:35:11.135 [ERROR] src.enrichment.client_base: gnomad HTTP 400: Bad Request
2026-06-06 15:35:11.169 [WARNING] src.enrichment.client_base: gnomad rate limited (429), retrying in 2s...
2026-06-06 15:35:11.192 [WARNING] src.enrichment.client_base: gnomad rate limited (429), retrying in 2s...
2026-06-06 15:35:11.239 [WARNING] src.enrichment.client_base: gnomad rate limited (429), retrying in 1s...
2026-06-06 15:35:11.475 [ERROR] src.enrichment.client_base: gtex HTTP 422: Unprocessable Entity
2026-06-06 15:35:11.531 [ERROR] src.enrichment.client_base: gnomad HTTP 400: Bad Request
2026-06-06 15:35:11.608 [ERROR] src.enrichment.client_base: gtex HTTP 422: Unprocessable Entity
2026-06-06 15:35:11.734 [ERROR] src.enrichment.client_base: gnomad HTTP 400: Bad Request
2026-06-06 15:35:11.764 [ERROR] src.enrichment.client_base: gnomad HTTP 400: Bad Request
2026-06-06 15:35:11.773 [ERROR] src.enrichment.client_base: gtex HTTP 422: Unprocessable Entity
2026-06-06 15:35:11.859 [ERROR] src.enrichment.client_base: gnomad HTTP 400: Bad Request
2026-06-06 15:35:12.246 [ERROR] src.enrichment.client_base: gtex HTTP 422: Unprocessable Entity
2026-06-06 15:35:12.280 [ERROR] src.enrichment.client_base: gtex HTTP 422: Unprocessable Entity
2026-06-06 15:35:12.343 [ERROR] src.enrichment.client_base: gtex HTTP 422: Unprocessable Entity
2026-06-06 15:35:12.361 [ERROR] src.enrichment.client_base: gtex HTTP 422: Unprocessable Entity
2026-06-06 15:35:12.467 [ERROR] src.enrichment.client_base: gnomad HTTP 400: Bad Request
2026-06-06 15:35:12.679 [ERROR] src.enrichment.client_base: gnomad HTTP 400: Bad Request
2026-06-06 15:35:12.735 [ERROR] src.enrichment.client_base: gtex HTTP 422: Unprocessable Entity
2026-06-06 15:35:12.838 [ERROR] src.enrichment.client_base: gtex HTTP 422: Unprocessable Entity
2026-06-06 15:35:12.926 [ERROR] src.enrichment.client_base: gnomad HTTP 400: Bad Request
2026-06-06 15:35:12.944 [ERROR] src.enrichment.client_base: gtex HTTP 422: Unprocessable Entity
2026-06-06 15:35:13.050 [ERROR] src.enrichment.client_base: gnomad HTTP 400: Bad Request
2026-06-06 15:35:13.063 [ERROR] src.enrichment.client_base: gnomad HTTP 400: Bad Request
2026-06-06 15:35:13.064 [ERROR] src.enrichment.client_base: gnomad HTTP 400: Bad Request
2026-06-06 15:35:13.089 [ERROR] src.enrichment.client_base: gnomad HTTP 400: Bad Request
2026-06-06 15:35:13.156 [ERROR] src.enrichment.client_base: gtex HTTP 422: Unprocessable Entity
2026-06-06 15:35:13.300 [ERROR] src.enrichment.client_base: gtex HTTP 422: Unprocessable Entity
2026-06-06 15:35:13.341 [ERROR] src.enrichment.client_base: gnomad HTTP 400: Bad Request
2026-06-06 15:35:13.384 [ERROR] src.enrichment.client_base: gnomad HTTP 400: Bad Request
2026-06-06 15:35:13.391 [ERROR] src.enrichment.client_base: gnomad HTTP 400: Bad Request
2026-06-06 15:35:13.407 [ERROR] src.enrichment.client_base: gnomad HTTP 400: Bad Request
2026-06-06 15:35:13.626 [ERROR] src.enrichment.client_base: gtex HTTP 422: Unprocessable Entity
2026-06-06 15:35:13.636 [ERROR] src.enrichment.client_base: gtex HTTP 422: Unprocessable Entity
2026-06-06 15:35:13.700 [ERROR] src.enrichment.client_base: gtex HTTP 422: Unprocessable Entity
2026-06-06 15:35:13.750 [ERROR] src.enrichment.client_base: gnomad HTTP 400: Bad Request
2026-06-06 15:35:13.759 [ERROR] src.enrichment.client_base: gtex HTTP 422: Unprocessable Entity
2026-06-06 15:35:13.813 [ERROR] src.enrichment.client_base: gtex HTTP 422: Unprocessable Entity
2026-06-06 15:35:13.905 [ERROR] src.enrichment.client_base: gnomad HTTP 400: Bad Request
2026-06-06 15:35:13.955 [ERROR] src.enrichment.client_base: gnomad HTTP 400: Bad Request
2026-06-06 15:35:14.015 [ERROR] src.enrichment.client_base: gnomad HTTP 400: Bad Request
2026-06-06 15:35:14.083 [ERROR] src.enrichment.client_base: gnomad HTTP 400: Bad Request
2026-06-06 15:35:14.114 [ERROR] src.enrichment.client_base: gtex HTTP 422: Unprocessable Entity
2026-06-06 15:35:14.247 [ERROR] src.enrichment.client_base: gtex HTTP 422: Unprocessable Entity
2026-06-06 15:35:14.250 [ERROR] src.enrichment.client_base: gtex HTTP 422: Unprocessable Entity
2026-06-06 15:35:14.535 [ERROR] src.enrichment.client_base: gtex HTTP 422: Unprocessable Entity
2026-06-06 15:35:14.680 [ERROR] src.enrichment.client_base: gnomad HTTP 400: Bad Request
2026-06-06 15:35:14.686 [ERROR] src.enrichment.client_base: gtex HTTP 422: Unprocessable Entity
2026-06-06 15:35:14.720 [ERROR] src.enrichment.client_base: gtex HTTP 422: Unprocessable Entity
2026-06-06 15:35:14.721 [ERROR] src.enrichment.client_base: gnomad HTTP 400: Bad Request
2026-06-06 15:35:15.017 [ERROR] src.enrichment.client_base: gtex HTTP 422: Unprocessable Entity
2026-06-06 15:35:15.092 [ERROR] src.enrichment.client_base: gtex HTTP 422: Unprocessable Entity
2026-06-06 15:35:15.453 [ERROR] src.enrichment.client_base: gtex HTTP 422: Unprocessable Entity
2026-06-06 15:35:15.597 [ERROR] src.enrichment.client_base: gtex HTTP 422: Unprocessable Entity
2026-06-06 15:35:15.928 [ERROR] src.enrichment.client_base: gtex HTTP 422: Unprocessable Entity
2026-06-06 15:35:16.132 [ERROR] src.enrichment.client_base: gnomad HTTP 400: Bad Request
2026-06-06 15:35:16.172 [ERROR] src.enrichment.client_base: gtex HTTP 422: Unprocessable Entity
2026-06-06 15:35:16.321 [ERROR] src.enrichment.client_base: gtex HTTP 422: Unprocessable Entity
2026-06-06 15:35:16.496 [ERROR] src.enrichment.client_base: gtex HTTP 422: Unprocessable Entity
2026-06-06 15:35:16.704 [ERROR] src.enrichment.client_base: gtex HTTP 422: Unprocessable Entity
2026-06-06 15:35:16.945 [ERROR] src.enrichment.client_base: gnomad HTTP 400: Bad Request
2026-06-06 15:35:17.160 [ERROR] src.enrichment.client_base: gnomad HTTP 400: Bad Request
2026-06-06 15:35:17.178 [ERROR] src.enrichment.client_base: gtex HTTP 422: Unprocessable Entity
2026-06-06 15:35:17.303 [ERROR] src.enrichment.client_base: gnomad HTTP 400: Bad Request
2026-06-06 15:35:17.344 [ERROR] src.enrichment.client_base: gnomad HTTP 400: Bad Request
2026-06-06 15:35:17.385 [ERROR] src.enrichment.client_base: gnomad HTTP 400: Bad Request
2026-06-06 15:35:17.440 [ERROR] src.enrichment.client_base: gtex HTTP 422: Unprocessable Entity
2026-06-06 15:35:17.518 [ERROR] src.enrichment.client_base: gnomad HTTP 400: Bad Request
2026-06-06 15:35:17.562 [ERROR] src.enrichment.client_base: gnomad HTTP 400: Bad Request
2026-06-06 15:35:17.567 [ERROR] src.enrichment.client_base: gtex HTTP 422: Unprocessable Entity
2026-06-06 15:35:17.573 [ERROR] src.enrichment.client_base: gnomad HTTP 400: Bad Request
2026-06-06 15:35:17.623 [ERROR] src.enrichment.client_base: gnomad HTTP 400: Bad Request
2026-06-06 15:35:17.629 [ERROR] src.enrichment.client_base: gnomad HTTP 400: Bad Request
2026-06-06 15:35:17.709 [ERROR] src.enrichment.client_base: gnomad HTTP 400: Bad Request
2026-06-06 15:35:17.771 [ERROR] src.enrichment.client_base: gnomad HTTP 400: Bad Request
2026-06-06 15:35:17.860 [ERROR] src.enrichment.client_base: gnomad HTTP 400: Bad Request
2026-06-06 15:35:17.985 [ERROR] src.enrichment.client_base: gnomad HTTP 400: Bad Request
2026-06-06 15:35:18.030 [ERROR] src.enrichment.client_base: gnomad HTTP 400: Bad Request
2026-06-06 15:35:18.066 [ERROR] src.enrichment.client_base: gtex HTTP 422: Unprocessable Entity
2026-06-06 15:35:18.173 [ERROR] src.enrichment.client_base: gnomad HTTP 400: Bad Request
2026-06-06 15:35:18.220 [ERROR] src.enrichment.client_base: gnomad HTTP 400: Bad Request
2026-06-06 15:35:18.235 [ERROR] src.enrichment.client_base: gnomad HTTP 400: Bad Request
2026-06-06 15:35:18.241 [ERROR] src.enrichment.client_base: gnomad HTTP 400: Bad Request
2026-06-06 15:35:18.299 [ERROR] src.enrichment.client_base: gnomad HTTP 400: Bad Request
2026-06-06 15:35:18.300 [ERROR] src.enrichment.client_base: gnomad HTTP 400: Bad Request
2026-06-06 15:35:18.311 [ERROR] src.enrichment.client_base: gtex HTTP 422: Unprocessable Entity
2026-06-06 15:35:18.606 [ERROR] src.enrichment.client_base: gnomad HTTP 400: Bad Request
2026-06-06 15:35:18.795 [ERROR] src.enrichment.client_base: gnomad HTTP 400: Bad Request
2026-06-06 15:35:18.946 [ERROR] src.enrichment.client_base: gnomad HTTP 400: Bad Request
2026-06-06 15:35:19.006 [ERROR] src.enrichment.client_base: gnomad HTTP 400: Bad Request
2026-06-06 15:35:19.073 [ERROR] src.enrichment.client_base: gnomad HTTP 400: Bad Request
2026-06-06 15:35:19.134 [ERROR] src.enrichment.client_base: gnomad HTTP 400: Bad Request
2026-06-06 15:35:19.458 [ERROR] src.enrichment.client_base: gnomad HTTP 400: Bad Request
2026-06-06 15:35:19.469 [ERROR] src.enrichment.client_base: gnomad HTTP 400: Bad Request
2026-06-06 15:35:19.541 [ERROR] src.enrichment.client_base: gnomad HTTP 400: Bad Request
2026-06-06 15:35:19.610 [ERROR] src.enrichment.client_base: gtex HTTP 422: Unprocessable Entity
2026-06-06 15:35:19.867 [ERROR] src.enrichment.client_base: gtex HTTP 422: Unprocessable Entity
2026-06-06 15:35:20.347 [ERROR] src.enrichment.client_base: gnomad HTTP 400: Bad Request
2026-06-06 15:35:20.737 [ERROR] src.enrichment.client_base: gtex HTTP 422: Unprocessable Entity
2026-06-06 15:35:20.793 [ERROR] src.enrichment.client_base: gtex HTTP 422: Unprocessable Entity
2026-06-06 15:35:20.920 [WARNING] src.enrichment.client_base: gnomad rate limited (429), retrying in 4s...
2026-06-06 15:35:21.141 [WARNING] src.enrichment.client_base: gnomad rate limited (429), retrying in 4s...
2026-06-06 15:35:21.268 [WARNING] src.enrichment.client_base: gnomad rate limited (429), retrying in 8s...
2026-06-06 15:35:21.291 [ERROR] src.enrichment.client_base: gtex HTTP 422: Unprocessable Entity
2026-06-06 15:35:21.323 [WARNING] src.enrichment.client_base: gnomad rate limited (429), retrying in 4s...
2026-06-06 15:35:21.383 [WARNING] src.enrichment.client_base: gnomad rate limited (429), retrying in 4s...
2026-06-06 15:35:21.446 [WARNING] src.enrichment.client_base: gnomad rate limited (429), retrying in 4s...
2026-06-06 15:35:21.637 [ERROR] src.enrichment.client_base: gtex HTTP 422: Unprocessable Entity
2026-06-06 15:35:21.730 [ERROR] src.enrichment.client_base: gtex HTTP 422: Unprocessable Entity
2026-06-06 15:35:21.774 [WARNING] src.enrichment.client_base: gnomad rate limited (429), retrying in 4s...
2026-06-06 15:35:21.788 [WARNING] src.enrichment.client_base: gnomad rate limited (429), retrying in 4s...
2026-06-06 15:35:21.907 [ERROR] src.enrichment.client_base: gtex HTTP 422: Unprocessable Entity
2026-06-06 15:35:22.138 [ERROR] src.enrichment.client_base: gtex HTTP 422: Unprocessable Entity
2026-06-06 15:35:22.253 [WARNING] src.enrichment.client_base: gnomad rate limited (429), retrying in 4s...
2026-06-06 15:35:22.259 [ERROR] src.enrichment.client_base: gtex HTTP 422: Unprocessable Entity
2026-06-06 15:35:22.297 [ERROR] src.enrichment.client_base: gtex HTTP 422: Unprocessable Entity
2026-06-06 15:35:22.781 [ERROR] src.enrichment.client_base: gtex HTTP 422: Unprocessable Entity
2026-06-06 15:35:22.782 [ERROR] src.enrichment.client_base: gtex HTTP 422: Unprocessable Entity
2026-06-06 15:35:22.798 [ERROR] src.enrichment.client_base: gtex HTTP 422: Unprocessable Entity
2026-06-06 15:35:22.905 [ERROR] src.enrichment.client_base: gtex HTTP 422: Unprocessable Entity
2026-06-06 15:35:23.015 [ERROR] src.enrichment.client_base: gtex HTTP 422: Unprocessable Entity
2026-06-06 15:35:23.195 [ERROR] src.enrichment.client_base: gtex HTTP 422: Unprocessable Entity
2026-06-06 15:35:23.212 [ERROR] src.enrichment.client_base: gtex HTTP 422: Unprocessable Entity
2026-06-06 15:35:23.299 [ERROR] src.enrichment.client_base: gtex HTTP 422: Unprocessable Entity
2026-06-06 15:35:23.482 [ERROR] src.enrichment.client_base: gtex HTTP 422: Unprocessable Entity
2026-06-06 15:35:23.633 [ERROR] src.enrichment.client_base: gtex HTTP 422: Unprocessable Entity
2026-06-06 15:35:24.234 [ERROR] src.enrichment.client_base: gtex HTTP 422: Unprocessable Entity
2026-06-06 15:35:24.272 [ERROR] src.enrichment.client_base: gtex HTTP 422: Unprocessable Entity
2026-06-06 15:35:24.353 [ERROR] src.enrichment.client_base: gtex HTTP 422: Unprocessable Entity
2026-06-06 15:35:24.746 [ERROR] src.enrichment.client_base: gtex HTTP 422: Unprocessable Entity
2026-06-06 15:35:24.778 [ERROR] src.enrichment.client_base: gtex HTTP 422: Unprocessable Entity
2026-06-06 15:35:24.840 [ERROR] src.enrichment.client_base: gtex HTTP 422: Unprocessable Entity
2026-06-06 15:35:25.225 [WARNING] src.enrichment.client_base: gnomad rate limited (429), retrying in 8s...
2026-06-06 15:35:25.326 [ERROR] src.enrichment.client_base: gtex HTTP 422: Unprocessable Entity
2026-06-06 15:35:25.462 [WARNING] src.enrichment.client_base: gnomad rate limited (429), retrying in 8s...
2026-06-06 15:35:25.658 [WARNING] src.enrichment.client_base: gnomad rate limited (429), retrying in 8s...
2026-06-06 15:35:25.703 [ERROR] src.enrichment.client_base: gtex HTTP 422: Unprocessable Entity
2026-06-06 15:35:25.712 [WARNING] src.enrichment.client_base: gnomad rate limited (429), retrying in 8s...
2026-06-06 15:35:25.899 [ERROR] src.enrichment.client_base: gtex HTTP 422: Unprocessable Entity
2026-06-06 15:35:26.083 [WARNING] src.enrichment.client_base: gnomad rate limited (429), retrying in 8s...
2026-06-06 15:35:26.088 [ERROR] src.enrichment.client_base: gtex HTTP 422: Unprocessable Entity
2026-06-06 15:35:26.101 [WARNING] src.enrichment.client_base: gnomad rate limited (429), retrying in 8s...
2026-06-06 15:35:26.158 [WARNING] src.enrichment.client_base: gnomad rate limited (429), retrying in 8s...
2026-06-06 15:35:26.599 [WARNING] src.enrichment.client_base: gnomad rate limited (429), retrying in 8s...
2026-06-06 15:35:26.734 [ERROR] src.enrichment.client_base: gtex HTTP 422: Unprocessable Entity
2026-06-06 15:35:27.263 [ERROR] src.enrichment.client_base: gtex HTTP 422: Unprocessable Entity
2026-06-06 15:35:27.329 [ERROR] src.enrichment.client_base: gtex HTTP 422: Unprocessable Entity
2026-06-06 15:35:27.741 [ERROR] src.enrichment.client_base: gtex HTTP 422: Unprocessable Entity
2026-06-06 15:35:28.311 [ERROR] src.enrichment.client_base: gtex HTTP 422: Unprocessable Entity
2026-06-06 15:35:30.191 [ERROR] src.enrichment.client_base: gtex HTTP 422: Unprocessable Entity
2026-06-06 15:35:30.418 [ERROR] src.enrichment.client_base: gtex HTTP 422: Unprocessable Entity
2026-06-06 15:35:30.582 [ERROR] src.enrichment.client_base: gtex HTTP 422: Unprocessable Entity
2026-06-06 15:35:31.202 [ERROR] src.enrichment.client_base: gtex HTTP 422: Unprocessable Entity
2026-06-06 15:35:31.726 [ERROR] src.enrichment.client_base: gtex HTTP 422: Unprocessable Entity
2026-06-06 15:35:31.790 [ERROR] src.enrichment.client_base: gtex HTTP 422: Unprocessable Entity
2026-06-06 15:35:32.588 [ERROR] src.enrichment.client_base: gtex HTTP 422: Unprocessable Entity
2026-06-06 15:35:33.015 [ERROR] src.enrichment.client_base: gtex HTTP 422: Unprocessable Entity
