2026-06-06 13:55:17.412 [INFO] src.vcf.parser: Logger initialized. Log file: /Users/zhaorongli/.workbuddy/skills/sensory-genomics/logs/sensory_genomics_20260606_135517.log
2026-06-06 13:55:17.418 [INFO] src.vcf.prefilter: Logger initialized. Log file: /Users/zhaorongli/.workbuddy/skills/sensory-genomics/logs/sensory_genomics_20260606_135517.log
2026-06-06 13:55:17.457 [INFO] src.vep.client: Logger initialized. Log file: /Users/zhaorongli/.workbuddy/skills/sensory-genomics/logs/sensory_genomics_20260606_135517.log
2026-06-06 13:55:17.476 [INFO] src.vep.local_client: Logger initialized. Log file: /Users/zhaorongli/.workbuddy/skills/sensory-genomics/logs/sensory_genomics_20260606_135517.log
2026-06-06 13:55:17.477 [INFO] src.vep.hybrid_client: Logger initialized. Log file: /Users/zhaorongli/.workbuddy/skills/sensory-genomics/logs/sensory_genomics_20260606_135517.log
2026-06-06 13:55:17.478 [INFO] src.main: Logger initialized. Log file: /Users/zhaorongli/.workbuddy/skills/sensory-genomics/logs/sensory_genomics_20260606_135517.log
2026-06-06 13:55:17.497 [INFO] sensory_genomics: Logger initialized. Log file: /Users/zhaorongli/.workbuddy/skills/sensory-genomics/logs/sensory_genomics_20260606_135517.log
2026-06-06 13:55:20.024 [INFO] src.main: BED-filtered VCF: /var/folders/g5/gdb7vzxd6_5fwkmkt6j_nrx00000gn/T/tmp1ykh44op.vcf.gz -> 9727 variants
2026-06-06 13:55:20.480 [INFO] src.main: Loaded precomputed transcript map: 384 genes
2026-06-06 13:55:20.517 [INFO] src.main: Loaded exon BED for strict filtering
2026-06-06 13:55:20.517 [INFO] src.main: Using LocalVepClient (Docker offline)
2026-06-06 13:55:20.558 [INFO] src.main: Pipeline started for /var/folders/g5/gdb7vzxd6_5fwkmkt6j_nrx00000gn/T/tmp1ykh44op.vcf.gz
2026-06-06 13:55:20.601 [INFO] src.vcf.parser: Parsing VCF for sample: ML150006935_L01_184
2026-06-06 13:55:21.600 [INFO] src.main: Stage 1 complete: 9404 variants after prefilter
2026-06-06 13:55:22.236 [INFO] src.vep.local_client: Running local VEP for 9404 variants via Docker
2026-06-06 13:57:46.256 [INFO] src.vep.local_client: Local VEP annotated 9404 variants
2026-06-06 13:57:46.412 [INFO] src.main: Stage 2 complete: 9404 variants annotated
2026-06-06 13:57:46.419 [INFO] src.main: Stage 2.5 complete: BED mapped 13 variants to genes
2026-06-06 13:57:46.478 [INFO] src.main: Stage 3 complete: 9278 sensory variants
2026-06-06 13:57:46.737 [INFO] src.main: Stage 4 complete: 38 gene cards
2026-06-06 13:57:46.739 [INFO] src.main: Stage 5 complete: TAS2R38=yes, MT=0, OR=111
2026-06-06 13:58:59.512 [INFO] src.main: Stage 6 complete: enriched 38 genes
2026-06-06 13:58:59.515 [INFO] src.main: Stage 7 complete: report built
2026-06-06 13:58:59.515 [INFO] src.main: Pipeline completed successfully
2026-06-06 13:59:00.077 [INFO] src.main: Reports saved: markdown=/Users/zhaorongli/.workbuddy/skills/sensory-genomics/output/sensory_report_20260606_135859.md, json=/Users/zhaorongli/.workbuddy/skills/sensory-genomics/output/sensory_report_20260606_135859.json
