2026-06-04 22:32:35.136 [INFO] __main__: Logger initialized. Log file: /Users/zhaorongli/.workbuddy/skills/sensory-genomics/logs/sensory_genomics_20260604_223235.log
2026-06-04 22:32:35.144 [INFO] __main__: Loaded 6705 BED intervals, merged to 1149 regions
2026-06-04 22:32:35.144 [INFO] __main__: Processing region 1/1149: 1:65419-65573
2026-06-04 22:32:35.776 [INFO] __main__:   gnomAD: 37, AF>=0.0010: 5
2026-06-04 22:33:05.439 [INFO] __main__: Saved 5 records to database
2026-06-04 22:33:05.440 [INFO] __main__: Processing region 2/1149: 1:69037-71585
2026-06-04 22:33:08.038 [INFO] __main__:   gnomAD: 1501, AF>=0.0010: 38
2026-06-04 22:33:10.054 [INFO] __main__: Saved 38 records to database
2026-06-04 22:33:10.055 [INFO] __main__: Processing region 3/1149: 1:1331280-1336515
2026-06-04 22:33:13.163 [INFO] __main__:   gnomAD: 7927, AF>=0.0010: 72
2026-06-04 22:33:15.304 [INFO] __main__: Saved 72 records to database
2026-06-04 22:33:15.304 [INFO] __main__: Processing region 4/1149: 1:6555307-6555564
2026-06-04 22:33:15.969 [INFO] __main__:   gnomAD: 357, AF>=0.0010: 3
2026-06-04 22:33:20.041 [INFO] __main__: Saved 3 records to database
2026-06-04 22:33:20.041 [INFO] __main__: Processing region 5/1149: 1:6570909-6571215
2026-06-04 22:33:20.446 [INFO] __main__:   gnomAD: 226, AF>=0.0010: 5
2026-06-04 22:33:21.251 [INFO] __main__: Saved 5 records to database
2026-06-04 22:33:21.251 [INFO] __main__: Processing region 6/1149: 1:6574631-6575392
2026-06-04 22:33:25.298 [INFO] __main__:   gnomAD: 645, AF>=0.0010: 13
2026-06-04 22:33:27.910 [INFO] __main__: Saved 13 records to database
2026-06-04 22:33:27.911 [INFO] __main__: Processing region 7/1149: 1:6576415-6577070
2026-06-04 22:33:28.445 [INFO] __main__:   gnomAD: 519, AF>=0.0010: 6
2026-06-04 22:33:29.392 [INFO] __main__: Saved 6 records to database
2026-06-04 22:33:29.392 [INFO] __main__: Processing region 8/1149: 1:6578653-6579755
2026-06-04 22:33:30.093 [INFO] __main__:   gnomAD: 945, AF>=0.0010: 8
2026-06-04 22:33:30.927 [INFO] __main__: Saved 8 records to database
2026-06-04 22:33:30.927 [INFO] __main__: Processing region 9/1149: 1:18839599-18840527
2026-06-04 22:33:31.430 [INFO] __main__:   gnomAD: 708, AF>=0.0010: 13
2026-06-04 22:33:33.313 [INFO] __main__: Saved 13 records to database
2026-06-04 22:33:33.314 [INFO] __main__: Processing region 10/1149: 1:18841729-18841852
2026-06-04 22:33:33.656 [INFO] __main__:   gnomAD: 103, AF>=0.0010: 0
2026-06-04 22:33:33.656 [INFO] __main__: Processing region 11/1149: 1:18849341-18849550
2026-06-04 22:33:34.032 [INFO] __main__:   gnomAD: 153, AF>=0.0010: 6
2026-06-04 22:33:34.537 [INFO] __main__: Saved 6 records to database
2026-06-04 22:33:34.537 [INFO] __main__: Processing region 12/1149: 1:18854213-18854986
2026-06-04 22:33:34.916 [WARNING] __main__: gnomAD HTTP 429 for 1:18854213-18854986
2026-06-04 22:33:34.917 [INFO] __main__:   gnomAD: 0, AF>=0.0010: 0
2026-06-04 22:33:34.917 [INFO] __main__: Processing region 13/1149: 1:18857331-18857631
2026-06-04 22:33:35.327 [WARNING] __main__: gnomAD HTTP 429 for 1:18857331-18857631
2026-06-04 22:33:35.327 [INFO] __main__:   gnomAD: 0, AF>=0.0010: 0
2026-06-04 22:33:35.328 [INFO] __main__: Processing region 14/1149: 1:18859479-18859660
2026-06-04 22:33:35.690 [WARNING] __main__: gnomAD HTTP 429 for 1:18859479-18859660
2026-06-04 22:33:35.691 [INFO] __main__:   gnomAD: 0, AF>=0.0010: 0
2026-06-04 22:33:35.691 [INFO] __main__: Processing region 15/1149: 1:40783675-40784407
2026-06-04 22:33:36.058 [WARNING] __main__: gnomAD HTTP 429 for 1:40783675-40784407
2026-06-04 22:33:36.059 [INFO] __main__:   gnomAD: 0, AF>=0.0010: 0
2026-06-04 22:33:36.059 [INFO] __main__: Processing region 16/1149: 1:40804846-40805141
2026-06-04 22:33:36.457 [WARNING] __main__: gnomAD HTTP 429 for 1:40804846-40805141
2026-06-04 22:33:36.458 [INFO] __main__:   gnomAD: 0, AF>=0.0010: 0
2026-06-04 22:33:36.458 [INFO] __main__: Processing region 17/1149: 1:40817265-40820260
2026-06-04 22:33:36.878 [WARNING] __main__: gnomAD HTTP 429 for 1:40817265-40820260
2026-06-04 22:33:36.878 [INFO] __main__:   gnomAD: 0, AF>=0.0010: 0
2026-06-04 22:33:36.878 [INFO] __main__: Processing region 18/1149: 1:40822314-40822402
2026-06-04 22:33:37.238 [WARNING] __main__: gnomAD HTTP 429 for 1:40822314-40822402
2026-06-04 22:33:37.239 [INFO] __main__:   gnomAD: 0, AF>=0.0010: 0
2026-06-04 22:33:37.239 [INFO] __main__: Processing region 19/1149: 1:40824097-40824651
2026-06-04 22:33:37.779 [WARNING] __main__: gnomAD HTTP 429 for 1:40824097-40824651
2026-06-04 22:33:37.780 [INFO] __main__:   gnomAD: 0, AF>=0.0010: 0
2026-06-04 22:33:37.780 [INFO] __main__: Processing region 20/1149: 1:40826371-40826694
2026-06-04 22:33:38.167 [WARNING] __main__: gnomAD HTTP 429 for 1:40826371-40826694
2026-06-04 22:33:38.167 [INFO] __main__:   gnomAD: 0, AF>=0.0010: 0
2026-06-04 22:33:38.167 [INFO] __main__: Processing region 21/1149: 1:40831084-40831304
2026-06-04 22:33:38.602 [WARNING] __main__: gnomAD HTTP 429 for 1:40831084-40831304
2026-06-04 22:33:38.603 [INFO] __main__:   gnomAD: 0, AF>=0.0010: 0
2026-06-04 22:33:38.603 [INFO] __main__: Processing region 22/1149: 1:40833014-40833113
2026-06-04 22:33:39.028 [WARNING] __main__: gnomAD HTTP 429 for 1:40833014-40833113
2026-06-04 22:33:39.028 [INFO] __main__:   gnomAD: 0, AF>=0.0010: 0
2026-06-04 22:33:39.028 [INFO] __main__: Processing region 23/1149: 1:40834967-40835098
2026-06-04 22:33:39.387 [WARNING] __main__: gnomAD HTTP 429 for 1:40834967-40835098
2026-06-04 22:33:39.387 [INFO] __main__:   gnomAD: 0, AF>=0.0010: 0
2026-06-04 22:33:39.387 [INFO] __main__: Processing region 24/1149: 1:40837665-40840452
2026-06-04 22:33:39.752 [WARNING] __main__: gnomAD HTTP 429 for 1:40837665-40840452
2026-06-04 22:33:39.753 [INFO] __main__:   gnomAD: 0, AF>=0.0010: 0
2026-06-04 22:33:39.753 [INFO] __main__: Processing region 25/1149: 1:93992834-93993242
2026-06-04 22:33:40.159 [WARNING] __main__: gnomAD HTTP 429 for 1:93992834-93993242
2026-06-04 22:33:40.159 [INFO] __main__:   gnomAD: 0, AF>=0.0010: 0
2026-06-04 22:33:40.159 [INFO] __main__: Processing region 26/1149: 1:93996109-93996195
2026-06-04 22:33:40.630 [WARNING] __main__: gnomAD HTTP 429 for 1:93996109-93996195
2026-06-04 22:33:40.631 [INFO] __main__:   gnomAD: 0, AF>=0.0010: 0
2026-06-04 22:33:40.631 [INFO] __main__: Processing region 27/1149: 1:93997861-93998110
2026-06-04 22:33:41.083 [WARNING] __main__: gnomAD HTTP 429 for 1:93997861-93998110
2026-06-04 22:33:41.084 [INFO] __main__:   gnomAD: 0, AF>=0.0010: 0
2026-06-04 22:33:41.084 [INFO] __main__: Processing region 28/1149: 1:94000836-94001992
2026-06-04 22:33:41.430 [WARNING] __main__: gnomAD HTTP 429 for 1:94000836-94001992
2026-06-04 22:33:41.431 [INFO] __main__:   gnomAD: 0, AF>=0.0010: 0
2026-06-04 22:33:41.431 [INFO] __main__: Processing region 29/1149: 1:94005375-94005582
2026-06-04 22:33:41.803 [WARNING] __main__: gnomAD HTTP 429 for 1:94005375-94005582
2026-06-04 22:33:41.803 [INFO] __main__:   gnomAD: 0, AF>=0.0010: 0
2026-06-04 22:33:41.804 [INFO] __main__: Processing region 30/1149: 1:94007634-94008871
2026-06-04 22:33:42.215 [WARNING] __main__: gnomAD HTTP 429 for 1:94007634-94008871
2026-06-04 22:33:42.216 [INFO] __main__:   gnomAD: 0, AF>=0.0010: 0
2026-06-04 22:33:42.216 [INFO] __main__: Processing region 31/1149: 1:94010800-94011385
2026-06-04 22:33:42.625 [WARNING] __main__: gnomAD HTTP 429 for 1:94010800-94011385
2026-06-04 22:33:42.626 [INFO] __main__:   gnomAD: 0, AF>=0.0010: 0
2026-06-04 22:33:42.626 [INFO] __main__: Processing region 32/1149: 1:94014543-94014690
2026-06-04 22:33:42.991 [WARNING] __main__: gnomAD HTTP 429 for 1:94014543-94014690
2026-06-04 22:33:42.991 [INFO] __main__:   gnomAD: 0, AF>=0.0010: 0
2026-06-04 22:33:42.991 [INFO] __main__: Processing region 33/1149: 1:94015739-94015854
2026-06-04 22:33:43.518 [WARNING] __main__: gnomAD HTTP 429 for 1:94015739-94015854
2026-06-04 22:33:43.519 [INFO] __main__:   gnomAD: 0, AF>=0.0010: 0
2026-06-04 22:33:43.519 [INFO] __main__: Processing region 34/1149: 1:94017537-94019759
2026-06-04 22:33:43.868 [WARNING] __main__: gnomAD HTTP 429 for 1:94017537-94019759
2026-06-04 22:33:43.868 [INFO] __main__:   gnomAD: 0, AF>=0.0010: 0
2026-06-04 22:33:43.868 [INFO] __main__: Processing region 35/1149: 1:94021240-94021951
2026-06-04 22:33:44.236 [WARNING] __main__: gnomAD HTTP 429 for 1:94021240-94021951
2026-06-04 22:33:44.237 [INFO] __main__:   gnomAD: 0, AF>=0.0010: 0
2026-06-04 22:33:44.237 [INFO] __main__: Processing region 36/1149: 1:94023386-94023418
2026-06-04 22:33:44.644 [WARNING] __main__: gnomAD HTTP 429 for 1:94023386-94023418
2026-06-04 22:33:44.644 [INFO] __main__:   gnomAD: 0, AF>=0.0010: 0
2026-06-04 22:33:44.645 [INFO] __main__: Processing region 37/1149: 1:94024954-94025595
2026-06-04 22:33:44.998 [WARNING] __main__: gnomAD HTTP 429 for 1:94024954-94025595
2026-06-04 22:33:44.998 [INFO] __main__:   gnomAD: 0, AF>=0.0010: 0
2026-06-04 22:33:44.999 [INFO] __main__: Processing region 38/1149: 1:94029445-94032043
2026-06-04 22:33:45.507 [WARNING] __main__: gnomAD HTTP 429 for 1:94029445-94032043
2026-06-04 22:33:45.507 [INFO] __main__:   gnomAD: 0, AF>=0.0010: 0
2026-06-04 22:33:45.507 [INFO] __main__: Processing region 39/1149: 1:94036740-94037350
2026-06-04 22:33:45.935 [WARNING] __main__: gnomAD HTTP 429 for 1:94036740-94037350
2026-06-04 22:33:45.935 [INFO] __main__:   gnomAD: 0, AF>=0.0010: 0
2026-06-04 22:33:45.935 [INFO] __main__: Processing region 40/1149: 1:94040043-94040127
2026-06-04 22:33:46.299 [WARNING] __main__: gnomAD HTTP 429 for 1:94040043-94040127
2026-06-04 22:33:46.300 [INFO] __main__:   gnomAD: 0, AF>=0.0010: 0
2026-06-04 22:33:46.300 [INFO] __main__: Processing region 41/1149: 1:94041209-94041402
2026-06-04 22:33:46.653 [WARNING] __main__: gnomAD HTTP 429 for 1:94041209-94041402
2026-06-04 22:33:46.654 [INFO] __main__:   gnomAD: 0, AF>=0.0010: 0
2026-06-04 22:33:46.654 [INFO] __main__: Processing region 42/1149: 1:94042761-94043475
2026-06-04 22:33:47.088 [WARNING] __main__: gnomAD HTTP 429 for 1:94042761-94043475
2026-06-04 22:33:47.088 [INFO] __main__:   gnomAD: 0, AF>=0.0010: 0
2026-06-04 22:33:47.089 [INFO] __main__: Processing region 43/1149: 1:94044613-94047093
2026-06-04 22:33:47.441 [WARNING] __main__: gnomAD HTTP 429 for 1:94044613-94047093
2026-06-04 22:33:47.441 [INFO] __main__:   gnomAD: 0, AF>=0.0010: 0
2026-06-04 22:33:47.441 [INFO] __main__: Processing region 44/1149: 1:94048868-94048957
2026-06-04 22:33:47.834 [WARNING] __main__: gnomAD HTTP 429 for 1:94048868-94048957
2026-06-04 22:33:47.834 [INFO] __main__:   gnomAD: 0, AF>=0.0010: 0
2026-06-04 22:33:47.834 [INFO] __main__: Processing region 45/1149: 1:94051633-94051698
2026-06-04 22:33:48.202 [WARNING] __main__: gnomAD HTTP 429 for 1:94051633-94051698
2026-06-04 22:33:48.203 [INFO] __main__:   gnomAD: 0, AF>=0.0010: 0
2026-06-04 22:33:48.203 [INFO] __main__: Processing region 46/1149: 1:94055111-94055315
2026-06-04 22:33:48.597 [WARNING] __main__: gnomAD HTTP 429 for 1:94055111-94055315
2026-06-04 22:33:48.597 [INFO] __main__:   gnomAD: 0, AF>=0.0010: 0
2026-06-04 22:33:48.597 [INFO] __main__: Processing region 47/1149: 1:94056601-94056822
2026-06-04 22:33:49.023 [WARNING] __main__: gnomAD HTTP 429 for 1:94056601-94056822
2026-06-04 22:33:49.023 [INFO] __main__:   gnomAD: 0, AF>=0.0010: 0
2026-06-04 22:33:49.023 [INFO] __main__: Processing region 48/1149: 1:94059469-94061439
2026-06-04 22:33:49.444 [WARNING] __main__: gnomAD HTTP 429 for 1:94059469-94061439
2026-06-04 22:33:49.444 [INFO] __main__:   gnomAD: 0, AF>=0.0010: 0
2026-06-04 22:33:49.444 [INFO] __main__: Processing region 49/1149: 1:94062577-94063317
2026-06-04 22:33:49.880 [WARNING] __main__: gnomAD HTTP 429 for 1:94062577-94063317
2026-06-04 22:33:49.880 [INFO] __main__:   gnomAD: 0, AF>=0.0010: 0
2026-06-04 22:33:49.880 [INFO] __main__: Processing region 50/1149: 1:94077690-94079461
2026-06-04 22:33:50.331 [WARNING] __main__: gnomAD HTTP 429 for 1:94077690-94079461
2026-06-04 22:33:50.332 [INFO] __main__:   gnomAD: 0, AF>=0.0010: 0
2026-06-04 22:33:50.332 [INFO] __main__: Processing region 51/1149: 1:94080478-94080718
2026-06-04 22:33:50.755 [WARNING] __main__: gnomAD HTTP 429 for 1:94080478-94080718
2026-06-04 22:33:50.755 [INFO] __main__:   gnomAD: 0, AF>=0.0010: 0
2026-06-04 22:33:50.755 [INFO] __main__: Processing region 52/1149: 1:94083352-94083441
2026-06-04 22:33:51.123 [WARNING] __main__: gnomAD HTTP 429 for 1:94083352-94083441
2026-06-04 22:33:51.123 [INFO] __main__:   gnomAD: 0, AF>=0.0010: 0
2026-06-04 22:33:51.123 [INFO] __main__: Processing region 53/1149: 1:94098794-94098991
2026-06-04 22:33:51.491 [WARNING] __main__: gnomAD HTTP 429 for 1:94098794-94098991
2026-06-04 22:33:51.492 [INFO] __main__:   gnomAD: 0, AF>=0.0010: 0
2026-06-04 22:33:51.492 [INFO] __main__: Processing region 54/1149: 1:94103015-94103142
2026-06-04 22:33:51.879 [WARNING] __main__: gnomAD HTTP 429 for 1:94103015-94103142
2026-06-04 22:33:51.879 [INFO] __main__:   gnomAD: 0, AF>=0.0010: 0
2026-06-04 22:33:51.879 [INFO] __main__: Processing region 55/1149: 1:94108577-94108716
2026-06-04 22:33:52.288 [WARNING] __main__: gnomAD HTTP 429 for 1:94108577-94108716
2026-06-04 22:33:52.288 [INFO] __main__:   gnomAD: 0, AF>=0.0010: 0
2026-06-04 22:33:52.288 [INFO] __main__: Processing region 56/1149: 1:94111438-94111579
2026-06-04 22:33:52.648 [WARNING] __main__: gnomAD HTTP 429 for 1:94111438-94111579
2026-06-04 22:33:52.648 [INFO] __main__:   gnomAD: 0, AF>=0.0010: 0
2026-06-04 22:33:52.648 [INFO] __main__: Processing region 57/1149: 1:94112973-94113066
2026-06-04 22:33:53.014 [WARNING] __main__: gnomAD HTTP 429 for 1:94112973-94113066
2026-06-04 22:33:53.014 [INFO] __main__:   gnomAD: 0, AF>=0.0010: 0
2026-06-04 22:33:53.014 [INFO] __main__: Processing region 58/1149: 1:94120980-94121148
2026-06-04 22:33:53.430 [WARNING] __main__: gnomAD HTTP 429 for 1:94120980-94121148
2026-06-04 22:33:53.430 [INFO] __main__:   gnomAD: 0, AF>=0.0010: 0
2026-06-04 22:33:53.430 [INFO] __main__: Processing region 59/1149: 1:115285904-115289021
2026-06-04 22:33:53.781 [WARNING] __main__: gnomAD HTTP 429 for 1:115285904-115289021
2026-06-04 22:33:53.781 [INFO] __main__:   gnomAD: 0, AF>=0.0010: 0
2026-06-04 22:33:53.782 [INFO] __main__: Processing region 60/1149: 1:115291755-115292224
2026-06-04 22:33:54.141 [WARNING] __main__: gnomAD HTTP 429 for 1:115291755-115292224
2026-06-04 22:33:54.141 [INFO] __main__:   gnomAD: 0, AF>=0.0010: 0
2026-06-04 22:33:54.142 [INFO] __main__: Processing region 61/1149: 1:115293627-115293768
2026-06-04 22:33:54.550 [WARNING] __main__: gnomAD HTTP 429 for 1:115293627-115293768
2026-06-04 22:33:54.550 [INFO] __main__:   gnomAD: 0, AF>=0.0010: 0
2026-06-04 22:33:54.550 [INFO] __main__: Processing region 62/1149: 1:115300397-115300483
2026-06-04 22:33:54.900 [WARNING] __main__: gnomAD HTTP 429 for 1:115300397-115300483
2026-06-04 22:33:54.900 [INFO] __main__:   gnomAD: 0, AF>=0.0010: 0
2026-06-04 22:33:54.900 [INFO] __main__: Processing region 63/1149: 1:115308116-115308378
2026-06-04 22:33:55.269 [WARNING] __main__: gnomAD HTTP 429 for 1:115308116-115308378
2026-06-04 22:33:55.269 [INFO] __main__:   gnomAD: 0, AF>=0.0010: 0
2026-06-04 22:33:55.269 [INFO] __main__: Processing region 64/1149: 1:115316366-115316442
2026-06-04 22:33:55.681 [WARNING] __main__: gnomAD HTTP 429 for 1:115316366-115316442
2026-06-04 22:33:55.681 [INFO] __main__:   gnomAD: 0, AF>=0.0010: 0
2026-06-04 22:33:55.681 [INFO] __main__: Processing region 65/1149: 1:115323899-115324247
2026-06-04 22:33:56.050 [WARNING] __main__: gnomAD HTTP 429 for 1:115323899-115324247
2026-06-04 22:33:56.050 [INFO] __main__:   gnomAD: 0, AF>=0.0010: 0
2026-06-04 22:33:56.050 [INFO] __main__: Processing region 66/1149: 1:115327725-115327884
2026-06-04 22:33:56.406 [WARNING] __main__: gnomAD HTTP 429 for 1:115327725-115327884
2026-06-04 22:33:56.406 [INFO] __main__:   gnomAD: 0, AF>=0.0010: 0
2026-06-04 22:33:56.407 [INFO] __main__: Processing region 67/1149: 1:115335105-115336639
2026-06-04 22:33:56.773 [WARNING] __main__: gnomAD HTTP 429 for 1:115335105-115336639
2026-06-04 22:33:56.773 [INFO] __main__:   gnomAD: 0, AF>=0.0010: 0
2026-06-04 22:33:56.773 [INFO] __main__: Processing region 68/1149: 1:115338204-115338770
2026-06-04 22:33:57.241 [WARNING] __main__: gnomAD HTTP 429 for 1:115338204-115338770
2026-06-04 22:33:57.241 [INFO] __main__:   gnomAD: 0, AF>=0.0010: 0
2026-06-04 22:33:57.241 [INFO] __main__: Processing region 69/1149: 1:147902795-147902861
2026-06-04 22:33:57.588 [WARNING] __main__: gnomAD HTTP 429 for 1:147902795-147902861
2026-06-04 22:33:57.589 [INFO] __main__:   gnomAD: 0, AF>=0.0010: 0
2026-06-04 22:33:57.589 [INFO] __main__: Processing region 70/1149: 1:147907945-147909269
2026-06-04 22:33:57.935 [WARNING] __main__: gnomAD HTTP 429 for 1:147907945-147909269
2026-06-04 22:33:57.936 [INFO] __main__:   gnomAD: 0, AF>=0.0010: 0
2026-06-04 22:33:57.936 [INFO] __main__: Processing region 71/1149: 1:156815636-156817014
2026-06-04 22:33:58.366 [WARNING] __main__: gnomAD HTTP 429 for 1:156815636-156817014
2026-06-04 22:33:58.366 [INFO] __main__:   gnomAD: 0, AF>=0.0010: 0
2026-06-04 22:33:58.366 [INFO] __main__: Processing region 72/1149: 1:156837209-156837865
2026-06-04 22:33:58.765 [WARNING] __main__: gnomAD HTTP 429 for 1:156837209-156837865
2026-06-04 22:33:58.765 [INFO] __main__:   gnomAD: 0, AF>=0.0010: 0
2026-06-04 22:33:58.765 [INFO] __main__: Processing region 73/1149: 1:156840063-156846757
2026-06-04 22:33:59.113 [WARNING] __main__: gnomAD HTTP 429 for 1:156840063-156846757
2026-06-04 22:33:59.113 [INFO] __main__:   gnomAD: 0, AF>=0.0010: 0
2026-06-04 22:33:59.113 [INFO] __main__: Processing region 74/1149: 1:156848921-156849460
2026-06-04 22:33:59.502 [WARNING] __main__: gnomAD HTTP 429 for 1:156848921-156849460
2026-06-04 22:33:59.502 [INFO] __main__:   gnomAD: 0, AF>=0.0010: 0
2026-06-04 22:33:59.502 [INFO] __main__: Processing region 75/1149: 1:156851290-156852191
2026-06-04 22:33:59.915 [WARNING] __main__: gnomAD HTTP 429 for 1:156851290-156852191
2026-06-04 22:33:59.916 [INFO] __main__:   gnomAD: 0, AF>=0.0010: 0
2026-06-04 22:33:59.916 [INFO] __main__: Processing region 76/1149: 1:156853752-156854303
2026-06-04 22:34:00.351 [WARNING] __main__: gnomAD HTTP 429 for 1:156853752-156854303
2026-06-04 22:34:00.351 [INFO] __main__:   gnomAD: 0, AF>=0.0010: 0
2026-06-04 22:34:00.351 [INFO] __main__: Processing region 77/1149: 1:156858537-156859117
2026-06-04 22:34:00.696 [WARNING] __main__: gnomAD HTTP 429 for 1:156858537-156859117
2026-06-04 22:34:00.696 [INFO] __main__:   gnomAD: 0, AF>=0.0010: 0
2026-06-04 22:34:00.696 [INFO] __main__: Processing region 78/1149: 1:156860815-156861146
2026-06-04 22:34:01.135 [WARNING] __main__: gnomAD HTTP 429 for 1:156860815-156861146
2026-06-04 22:34:01.135 [INFO] __main__:   gnomAD: 0, AF>=0.0010: 0
2026-06-04 22:34:01.135 [INFO] __main__: Processing region 79/1149: 1:156864354-156866978
2026-06-04 22:34:01.515 [WARNING] __main__: gnomAD HTTP 429 for 1:156864354-156866978
2026-06-04 22:34:01.515 [INFO] __main__:   gnomAD: 0, AF>=0.0010: 0
2026-06-04 22:34:01.515 [INFO] __main__: Processing region 80/1149: 1:156868104-156868647
2026-06-04 22:34:01.955 [WARNING] __main__: gnomAD HTTP 429 for 1:156868104-156868647
2026-06-04 22:34:01.956 [INFO] __main__:   gnomAD: 0, AF>=0.0010: 0
2026-06-04 22:34:01.956 [INFO] __main__: Processing region 81/1149: 1:156871623-156871755
2026-06-04 22:34:02.305 [WARNING] __main__: gnomAD HTTP 429 for 1:156871623-156871755
2026-06-04 22:34:02.305 [INFO] __main__:   gnomAD: 0, AF>=0.0010: 0
2026-06-04 22:34:02.305 [INFO] __main__: Processing region 82/1149: 1:156873633-156876572
2026-06-04 22:34:02.707 [WARNING] __main__: gnomAD HTTP 429 for 1:156873633-156876572
2026-06-04 22:34:02.707 [INFO] __main__:   gnomAD: 0, AF>=0.0010: 0
2026-06-04 22:34:02.707 [INFO] __main__: Processing region 83/1149: 1:156879122-156881850
2026-06-04 22:34:03.228 [WARNING] __main__: gnomAD HTTP 429 for 1:156879122-156881850
2026-06-04 22:34:03.228 [INFO] __main__:   gnomAD: 0, AF>=0.0010: 0
2026-06-04 22:34:03.228 [INFO] __main__: Processing region 84/1149: 1:158398522-158399466
2026-06-04 22:34:03.941 [WARNING] __main__: gnomAD HTTP 429 for 1:158398522-158399466
2026-06-04 22:34:03.941 [INFO] __main__:   gnomAD: 0, AF>=0.0010: 0
2026-06-04 22:34:03.942 [INFO] __main__: Processing region 85/1149: 1:158418210-158420927
2026-06-04 22:34:05.462 [WARNING] __main__: gnomAD HTTP 429 for 1:158418210-158420927
2026-06-04 22:34:05.462 [INFO] __main__:   gnomAD: 0, AF>=0.0010: 0
2026-06-04 22:34:05.462 [INFO] __main__: Processing region 86/1149: 1:158425933-158426237
2026-06-04 22:34:05.891 [WARNING] __main__: gnomAD HTTP 429 for 1:158425933-158426237
2026-06-04 22:34:05.891 [INFO] __main__:   gnomAD: 0, AF>=0.0010: 0
2026-06-04 22:34:05.891 [INFO] __main__: Processing region 87/1149: 1:158461574-158461904
2026-06-04 22:34:06.390 [INFO] __main__:   gnomAD: 261, AF>=0.0010: 2
2026-06-04 22:34:27.407 [INFO] __main__: Saved 2 records to database
2026-06-04 22:34:27.408 [INFO] __main__: Processing region 88/1149: 1:158465406-158468979
2026-06-04 22:34:28.818 [INFO] __main__:   gnomAD: 2603, AF>=0.0010: 65
