2026-06-04 19:38:03.695 [INFO] src.assessment.inheritance: Logger initialized. Log file: /Users/zhaorongli/.workbuddy/skills/sensory-genomics/logs/sensory_genomics_20260604_193803.log
2026-06-04 19:38:03.707 [INFO] src.gene_sets.loader: Logger initialized. Log file: /Users/zhaorongli/.workbuddy/skills/sensory-genomics/logs/sensory_genomics_20260604_193803.log
2026-06-04 19:38:03.707 [INFO] src.assessment.engine: Logger initialized. Log file: /Users/zhaorongli/.workbuddy/skills/sensory-genomics/logs/sensory_genomics_20260604_193803.log
2026-06-04 19:38:03.708 [INFO] src.config_loader: Logger initialized. Log file: /Users/zhaorongli/.workbuddy/skills/sensory-genomics/logs/sensory_genomics_20260604_193803.log
2026-06-04 19:38:03.719 [INFO] src.enrichment.cache: Logger initialized. Log file: /Users/zhaorongli/.workbuddy/skills/sensory-genomics/logs/sensory_genomics_20260604_193803.log
2026-06-04 19:38:03.828 [INFO] src.enrichment.client_base: Logger initialized. Log file: /Users/zhaorongli/.workbuddy/skills/sensory-genomics/logs/sensory_genomics_20260604_193803.log
2026-06-04 19:38:03.829 [INFO] src.gene_sets.filter: Logger initialized. Log file: /Users/zhaorongli/.workbuddy/skills/sensory-genomics/logs/sensory_genomics_20260604_193803.log
2026-06-04 19:38:03.830 [INFO] src.report.json_generator: Logger initialized. Log file: /Users/zhaorongli/.workbuddy/skills/sensory-genomics/logs/sensory_genomics_20260604_193803.log
2026-06-04 19:38:03.846 [INFO] src.report.markdown_generator: Logger initialized. Log file: /Users/zhaorongli/.workbuddy/skills/sensory-genomics/logs/sensory_genomics_20260604_193803.log
2026-06-04 19:38:03.847 [INFO] src.specialized.mitochondrial: Logger initialized. Log file: /Users/zhaorongli/.workbuddy/skills/sensory-genomics/logs/sensory_genomics_20260604_193803.log
2026-06-04 19:38:03.847 [INFO] src.specialized.or_tiers: Logger initialized. Log file: /Users/zhaorongli/.workbuddy/skills/sensory-genomics/logs/sensory_genomics_20260604_193803.log
2026-06-04 19:38:03.847 [INFO] src.specialized.tas2r38: Logger initialized. Log file: /Users/zhaorongli/.workbuddy/skills/sensory-genomics/logs/sensory_genomics_20260604_193803.log
2026-06-04 19:38:03.847 [INFO] src.report.report_context: Logger initialized. Log file: /Users/zhaorongli/.workbuddy/skills/sensory-genomics/logs/sensory_genomics_20260604_193803.log
2026-06-04 19:38:03.880 [INFO] src.vcf.parser: Logger initialized. Log file: /Users/zhaorongli/.workbuddy/skills/sensory-genomics/logs/sensory_genomics_20260604_193803.log
2026-06-04 19:38:03.880 [INFO] src.vcf.prefilter: Logger initialized. Log file: /Users/zhaorongli/.workbuddy/skills/sensory-genomics/logs/sensory_genomics_20260604_193803.log
2026-06-04 19:38:03.882 [INFO] src.vep.client: Logger initialized. Log file: /Users/zhaorongli/.workbuddy/skills/sensory-genomics/logs/sensory_genomics_20260604_193803.log
2026-06-04 19:38:03.882 [INFO] __main__: Logger initialized. Log file: /Users/zhaorongli/.workbuddy/skills/sensory-genomics/logs/sensory_genomics_20260604_193803.log
2026-06-04 19:38:03.883 [INFO] sensory_genomics: Logger initialized. Log file: /Users/zhaorongli/.workbuddy/skills/sensory-genomics/logs/sensory_genomics_20260604_193803.log
2026-06-04 19:38:03.885 [INFO] src.config_loader: Config loaded from config.yaml
2026-06-04 19:38:03.909 [INFO] src.gene_sets.loader: Loaded gene sets: 376 genes across 5 subsystems
2026-06-04 19:38:03.910 [INFO] src.specialized.tas2r38: Loaded TAS2R38 SNP definitions: 3 SNPs
2026-06-04 19:38:03.910 [INFO] src.specialized.mitochondrial: Loaded mitochondrial variant database: 8 entries
2026-06-04 19:38:03.910 [INFO] src.specialized.or_tiers: Loaded OR ligand map: 11 entries
2026-06-04 19:38:03.911 [INFO] __main__: Pipeline started for /tmp/daughter_sensory.vcf.gz
2026-06-04 19:38:03.913 [INFO] src.vcf.parser: Parsing VCF for sample: ML150006935_L01_184
2026-06-04 19:38:04.014 [INFO] __main__: Stage 1 complete: 14291 variants after prefilter
2026-06-04 19:38:04.014 [INFO] src.vep.client: VEP annotation started: 14291 variants, batch_size=200
2026-06-04 19:39:28.495 [ERROR] src.vep.client: VEP request timeout
2026-06-04 19:41:03.115 [ERROR] src.vep.client: VEP HTTP 400: {"error":"request for consequence of [T] matches reference [T]"}
2026-06-04 19:41:06.994 [ERROR] src.vep.client: VEP HTTP 400: {"error":"request for consequence of [T] matches reference [T]"}
2026-06-04 19:41:09.704 [ERROR] src.vep.client: VEP request error: Cannot connect to host rest.ensembl.org:443 ssl:default [Connection reset by peer]
2026-06-04 19:41:16.348 [ERROR] src.vep.client: VEP HTTP 400: {"error":"request for consequence of [T] matches reference [T]"}
2026-06-04 19:41:27.154 [ERROR] src.vep.client: VEP HTTP 400: {"error":"request for consequence of [C] matches reference [C]"}
2026-06-04 19:41:42.789 [ERROR] src.vep.client: VEP HTTP 400: {"error":"request for consequence of [C] matches reference [C]"}
2026-06-04 19:41:45.964 [ERROR] src.vep.client: VEP HTTP 400: {"error":"request for consequence of [C] matches reference [C]"}
2026-06-04 19:41:51.092 [ERROR] src.vep.client: VEP HTTP 400: {"error":"request for consequence of [C] matches reference [C]"}
2026-06-04 19:45:49.507 [ERROR] src.vep.client: VEP HTTP 400: {"error":"request for consequence of [C] matches reference [C]"}
2026-06-04 19:46:05.022 [ERROR] src.vep.client: VEP HTTP 400: {"error":"request for consequence of [C] matches reference [C]"}
2026-06-04 19:46:08.909 [ERROR] src.vep.client: VEP HTTP 400: {"error":"request for consequence of [C] matches reference [C]"}
2026-06-04 19:46:14.276 [ERROR] src.vep.client: VEP HTTP 400: {"error":"request for consequence of [C] matches reference [C]"}
2026-06-04 19:46:24.577 [ERROR] src.vep.client: VEP HTTP 400: {"error":"request for consequence of [A] matches reference [A]"}
2026-06-04 19:46:28.787 [ERROR] src.vep.client: VEP HTTP 400: {"error":"request for consequence of [A] matches reference [A]"}
2026-06-04 19:46:48.708 [ERROR] src.vep.client: VEP HTTP 400: {"error":"request for consequence of [A] matches reference [A]"}
2026-06-04 19:47:45.527 [ERROR] src.vep.client: VEP HTTP 400: {"error":"request for consequence of [A] matches reference [A]"}
2026-06-04 19:47:49.120 [ERROR] src.vep.client: VEP HTTP 400: {"error":"request for consequence of [C] matches reference [C]"}
2026-06-04 19:47:51.569 [ERROR] src.vep.client: VEP HTTP 400: {"error":"request for consequence of [C] matches reference [C]"}
2026-06-04 19:48:18.724 [ERROR] src.vep.client: VEP HTTP 400: {"error":"request for consequence of [C] matches reference [C]"}
2026-06-04 19:48:33.299 [ERROR] src.vep.client: VEP HTTP 400: {"error":"request for consequence of [C] matches reference [C]"}
2026-06-04 19:49:02.821 [ERROR] src.vep.client: VEP HTTP 400: {"error":"request for consequence of [T] matches reference [T]"}
2026-06-04 19:49:15.166 [ERROR] src.vep.client: VEP HTTP 400: {"error":"request for consequence of [T] matches reference [T]"}
2026-06-04 19:49:25.460 [ERROR] src.vep.client: VEP HTTP 400: {"error":"request for consequence of [T] matches reference [T]"}
2026-06-04 19:50:07.898 [ERROR] src.vep.client: VEP HTTP 400: {"error":"request for consequence of [T] matches reference [T]"}
2026-06-04 19:50:25.122 [ERROR] src.vep.client: VEP HTTP 400: {"error":"request for consequence of [A] matches reference [A]"}
2026-06-04 19:50:27.117 [ERROR] src.vep.client: VEP HTTP 400: {"error":"request for consequence of [A] matches reference [A]"}
2026-06-04 19:50:31.059 [ERROR] src.vep.client: VEP HTTP 400: {"error":"request for consequence of [A] matches reference [A]"}
2026-06-04 19:50:50.198 [ERROR] src.vep.client: VEP HTTP 400: {"error":"request for consequence of [A] matches reference [A]"}
2026-06-04 19:51:10.606 [ERROR] src.vep.client: VEP HTTP 400: {"error":"request for consequence of [T] matches reference [T]"}
2026-06-04 19:51:12.672 [ERROR] src.vep.client: VEP HTTP 400: {"error":"request for consequence of [T] matches reference [T]"}
2026-06-04 19:51:16.006 [ERROR] src.vep.client: VEP HTTP 400: {"error":"request for consequence of [T] matches reference [T]"}
2026-06-04 19:51:33.313 [ERROR] src.vep.client: VEP HTTP 400: {"error":"request for consequence of [T] matches reference [T]"}
2026-06-04 19:52:53.694 [ERROR] src.vep.client: VEP HTTP 400: {"error":"request for consequence of [A] matches reference [A]"}
2026-06-04 19:53:08.890 [ERROR] src.vep.client: VEP HTTP 400: {"error":"request for consequence of [A] matches reference [A]"}
2026-06-04 19:53:11.910 [ERROR] src.vep.client: VEP HTTP 400: {"error":"request for consequence of [A] matches reference [A]"}
2026-06-04 19:53:21.948 [ERROR] src.vep.client: VEP HTTP 400: {"error":"request for consequence of [A] matches reference [A]"}
2026-06-04 19:55:38.662 [ERROR] src.vep.client: VEP HTTP 400: {"error":"request for consequence of [A] matches reference [A]"}
2026-06-04 19:55:43.222 [ERROR] src.vep.client: VEP HTTP 400: {"error":"request for consequence of [A] matches reference [A]"}
2026-06-04 19:56:07.084 [ERROR] src.vep.client: VEP HTTP 400: {"error":"request for consequence of [A] matches reference [A]"}
2026-06-04 19:56:19.870 [ERROR] src.vep.client: VEP HTTP 400: {"error":"request for consequence of [A] matches reference [A]"}
2026-06-04 19:57:30.668 [ERROR] src.vep.client: VEP HTTP 400: {"error":"request for consequence of [A] matches reference [A]"}
2026-06-04 19:57:35.519 [ERROR] src.vep.client: VEP HTTP 400: {"error":"request for consequence of [A] matches reference [A]"}
2026-06-04 19:57:50.732 [ERROR] src.vep.client: VEP HTTP 400: {"error":"request for consequence of [A] matches reference [A]"}
2026-06-04 19:58:01.517 [ERROR] src.vep.client: VEP HTTP 400: {"error":"request for consequence of [A] matches reference [A]"}
2026-06-04 19:58:04.731 [ERROR] src.vep.client: VEP HTTP 400: {"error":"request for consequence of [T] matches reference [T]"}
2026-06-04 19:58:07.317 [ERROR] src.vep.client: VEP HTTP 400: {"error":"request for consequence of [T] matches reference [T]"}
2026-06-04 19:58:10.526 [ERROR] src.vep.client: VEP HTTP 400: {"error":"request for consequence of [T] matches reference [T]"}
2026-06-04 19:58:15.658 [ERROR] src.vep.client: VEP HTTP 400: {"error":"request for consequence of [T] matches reference [T]"}
