2026-06-04 16:49:18.196 [INFO] src.assessment.inheritance: Logger initialized. Log file: /Users/zhaorongli/.workbuddy/skills/sensory-genomics/logs/sensory_genomics_20260604_164918.log
2026-06-04 16:49:18.206 [INFO] src.gene_sets.loader: Logger initialized. Log file: /Users/zhaorongli/.workbuddy/skills/sensory-genomics/logs/sensory_genomics_20260604_164918.log
2026-06-04 16:49:18.206 [INFO] src.assessment.engine: Logger initialized. Log file: /Users/zhaorongli/.workbuddy/skills/sensory-genomics/logs/sensory_genomics_20260604_164918.log
2026-06-04 16:49:18.206 [INFO] src.config_loader: Logger initialized. Log file: /Users/zhaorongli/.workbuddy/skills/sensory-genomics/logs/sensory_genomics_20260604_164918.log
2026-06-04 16:49:18.218 [INFO] src.enrichment.cache: Logger initialized. Log file: /Users/zhaorongli/.workbuddy/skills/sensory-genomics/logs/sensory_genomics_20260604_164918.log
2026-06-04 16:49:18.345 [INFO] src.enrichment.client_base: Logger initialized. Log file: /Users/zhaorongli/.workbuddy/skills/sensory-genomics/logs/sensory_genomics_20260604_164918.log
2026-06-04 16:49:18.347 [INFO] src.gene_sets.bed_mapper: Logger initialized. Log file: /Users/zhaorongli/.workbuddy/skills/sensory-genomics/logs/sensory_genomics_20260604_164918.log
2026-06-04 16:49:18.347 [INFO] src.gene_sets.filter: Logger initialized. Log file: /Users/zhaorongli/.workbuddy/skills/sensory-genomics/logs/sensory_genomics_20260604_164918.log
2026-06-04 16:49:18.348 [INFO] src.report.json_generator: Logger initialized. Log file: /Users/zhaorongli/.workbuddy/skills/sensory-genomics/logs/sensory_genomics_20260604_164918.log
2026-06-04 16:49:18.363 [INFO] src.report.markdown_generator: Logger initialized. Log file: /Users/zhaorongli/.workbuddy/skills/sensory-genomics/logs/sensory_genomics_20260604_164918.log
2026-06-04 16:49:18.364 [INFO] src.specialized.mitochondrial: Logger initialized. Log file: /Users/zhaorongli/.workbuddy/skills/sensory-genomics/logs/sensory_genomics_20260604_164918.log
2026-06-04 16:49:18.364 [INFO] src.specialized.or_tiers: Logger initialized. Log file: /Users/zhaorongli/.workbuddy/skills/sensory-genomics/logs/sensory_genomics_20260604_164918.log
2026-06-04 16:49:18.364 [INFO] src.specialized.tas2r38: Logger initialized. Log file: /Users/zhaorongli/.workbuddy/skills/sensory-genomics/logs/sensory_genomics_20260604_164918.log
2026-06-04 16:49:18.365 [INFO] src.report.report_context: Logger initialized. Log file: /Users/zhaorongli/.workbuddy/skills/sensory-genomics/logs/sensory_genomics_20260604_164918.log
2026-06-04 16:49:18.388 [INFO] src.vcf.parser: Logger initialized. Log file: /Users/zhaorongli/.workbuddy/skills/sensory-genomics/logs/sensory_genomics_20260604_164918.log
2026-06-04 16:49:18.389 [INFO] src.vcf.prefilter: Logger initialized. Log file: /Users/zhaorongli/.workbuddy/skills/sensory-genomics/logs/sensory_genomics_20260604_164918.log
2026-06-04 16:49:18.389 [INFO] src.vep.client: Logger initialized. Log file: /Users/zhaorongli/.workbuddy/skills/sensory-genomics/logs/sensory_genomics_20260604_164918.log
2026-06-04 16:49:18.390 [INFO] __main__: Logger initialized. Log file: /Users/zhaorongli/.workbuddy/skills/sensory-genomics/logs/sensory_genomics_20260604_164918.log
2026-06-04 16:49:18.390 [INFO] sensory_genomics: Logger initialized. Log file: /Users/zhaorongli/.workbuddy/skills/sensory-genomics/logs/sensory_genomics_20260604_164918.log
2026-06-04 16:49:18.666 [INFO] __main__: BED-filtered VCF: /var/folders/g5/gdb7vzxd6_5fwkmkt6j_nrx00000gn/T/tmpsvonhqle.vcf.gz -> 23 variants
2026-06-04 16:49:18.668 [INFO] src.config_loader: Config loaded from config.yaml
2026-06-04 16:49:18.689 [INFO] src.gene_sets.loader: Loaded gene sets: 376 genes across 5 subsystems
2026-06-04 16:49:18.690 [INFO] src.specialized.tas2r38: Loaded TAS2R38 SNP definitions: 3 SNPs
2026-06-04 16:49:18.690 [INFO] src.specialized.mitochondrial: Loaded mitochondrial variant database: 8 entries
2026-06-04 16:49:18.690 [INFO] src.specialized.or_tiers: Loaded OR ligand map: 11 entries
2026-06-04 16:49:18.691 [INFO] src.gene_sets.bed_mapper: Loaded BED regions: 38 intervals across 19 chromosomes
2026-06-04 16:49:18.691 [INFO] __main__: Pipeline started for /var/folders/g5/gdb7vzxd6_5fwkmkt6j_nrx00000gn/T/tmpsvonhqle.vcf.gz
2026-06-04 16:49:18.691 [INFO] src.vcf.parser: Parsing VCF for sample: ML150006935_L01_184
2026-06-04 16:49:18.692 [INFO] __main__: Stage 1 complete: 23 variants after prefilter
2026-06-04 16:49:18.692 [INFO] src.vep.client: VEP annotation started: 23 variants, batch_size=10
2026-06-04 16:50:21.120 [INFO] src.vep.client: VEP batch 1/3 done
2026-06-04 16:51:38.524 [INFO] src.vep.client: VEP batch 2/3 done
2026-06-04 16:52:10.716 [INFO] src.vep.client: VEP batch 3/3 done
2026-06-04 16:52:10.717 [INFO] src.vep.client: VEP annotation completed: 23 results
2026-06-04 16:52:10.718 [INFO] __main__: Stage 2 complete: 23 variants annotated
2026-06-04 16:52:10.718 [INFO] __main__: Stage 2.5 complete: BED mapped 0 variants to genes
2026-06-04 16:52:10.718 [INFO] src.gene_sets.filter: Sensory filter: 0 / 23 variants retained
2026-06-04 16:52:10.719 [INFO] __main__: Stage 3 complete: 0 sensory variants
2026-06-04 16:52:10.719 [INFO] __main__: Stage 4 complete: 0 gene cards
2026-06-04 16:52:10.719 [INFO] __main__: Stage 5 complete: TAS2R38=no, MT=0, OR=0
2026-06-04 16:52:10.719 [INFO] __main__: Stage 6 complete: enriched 0 genes
2026-06-04 16:52:10.719 [INFO] __main__: Stage 7 complete: report built
2026-06-04 16:52:10.719 [INFO] __main__: Pipeline completed successfully
2026-06-04 16:52:10.778 [INFO] __main__: Reports saved: markdown=/Users/zhaorongli/.workbuddy/skills/sensory-genomics/output/sensory_report_20260604_165210.md, json=/Users/zhaorongli/.workbuddy/skills/sensory-genomics/output/sensory_report_20260604_165210.json
