2026-06-04 18:56:42.650 [INFO] src.assessment.inheritance: Logger initialized. Log file: /Users/zhaorongli/.workbuddy/skills/sensory-genomics/logs/sensory_genomics_20260604_185642.log
2026-06-04 18:56:42.662 [INFO] src.gene_sets.loader: Logger initialized. Log file: /Users/zhaorongli/.workbuddy/skills/sensory-genomics/logs/sensory_genomics_20260604_185642.log
2026-06-04 18:56:42.662 [INFO] src.assessment.engine: Logger initialized. Log file: /Users/zhaorongli/.workbuddy/skills/sensory-genomics/logs/sensory_genomics_20260604_185642.log
2026-06-04 18:56:42.663 [INFO] src.config_loader: Logger initialized. Log file: /Users/zhaorongli/.workbuddy/skills/sensory-genomics/logs/sensory_genomics_20260604_185642.log
2026-06-04 18:56:42.677 [INFO] src.enrichment.cache: Logger initialized. Log file: /Users/zhaorongli/.workbuddy/skills/sensory-genomics/logs/sensory_genomics_20260604_185642.log
2026-06-04 18:56:42.813 [INFO] src.enrichment.client_base: Logger initialized. Log file: /Users/zhaorongli/.workbuddy/skills/sensory-genomics/logs/sensory_genomics_20260604_185642.log
2026-06-04 18:56:42.815 [INFO] src.gene_sets.bed_mapper: Logger initialized. Log file: /Users/zhaorongli/.workbuddy/skills/sensory-genomics/logs/sensory_genomics_20260604_185642.log
2026-06-04 18:56:42.815 [INFO] src.gene_sets.filter: Logger initialized. Log file: /Users/zhaorongli/.workbuddy/skills/sensory-genomics/logs/sensory_genomics_20260604_185642.log
2026-06-04 18:56:42.821 [INFO] src.report.json_generator: Logger initialized. Log file: /Users/zhaorongli/.workbuddy/skills/sensory-genomics/logs/sensory_genomics_20260604_185642.log
2026-06-04 18:56:42.834 [INFO] src.report.markdown_generator: Logger initialized. Log file: /Users/zhaorongli/.workbuddy/skills/sensory-genomics/logs/sensory_genomics_20260604_185642.log
2026-06-04 18:56:42.834 [INFO] src.specialized.mitochondrial: Logger initialized. Log file: /Users/zhaorongli/.workbuddy/skills/sensory-genomics/logs/sensory_genomics_20260604_185642.log
2026-06-04 18:56:42.835 [INFO] src.specialized.or_tiers: Logger initialized. Log file: /Users/zhaorongli/.workbuddy/skills/sensory-genomics/logs/sensory_genomics_20260604_185642.log
2026-06-04 18:56:42.835 [INFO] src.specialized.tas2r38: Logger initialized. Log file: /Users/zhaorongli/.workbuddy/skills/sensory-genomics/logs/sensory_genomics_20260604_185642.log
2026-06-04 18:56:42.835 [INFO] src.report.report_context: Logger initialized. Log file: /Users/zhaorongli/.workbuddy/skills/sensory-genomics/logs/sensory_genomics_20260604_185642.log
2026-06-04 18:56:42.870 [INFO] src.vcf.parser: Logger initialized. Log file: /Users/zhaorongli/.workbuddy/skills/sensory-genomics/logs/sensory_genomics_20260604_185642.log
2026-06-04 18:56:42.871 [INFO] src.vcf.prefilter: Logger initialized. Log file: /Users/zhaorongli/.workbuddy/skills/sensory-genomics/logs/sensory_genomics_20260604_185642.log
2026-06-04 18:56:42.872 [INFO] src.vep.client: Logger initialized. Log file: /Users/zhaorongli/.workbuddy/skills/sensory-genomics/logs/sensory_genomics_20260604_185642.log
2026-06-04 18:56:42.872 [INFO] __main__: Logger initialized. Log file: /Users/zhaorongli/.workbuddy/skills/sensory-genomics/logs/sensory_genomics_20260604_185642.log
2026-06-04 18:56:42.873 [INFO] sensory_genomics: Logger initialized. Log file: /Users/zhaorongli/.workbuddy/skills/sensory-genomics/logs/sensory_genomics_20260604_185642.log
2026-06-04 18:56:43.161 [INFO] __main__: BED-filtered VCF: /var/folders/g5/gdb7vzxd6_5fwkmkt6j_nrx00000gn/T/tmp3p6udmwe.vcf.gz -> 23 variants
2026-06-04 18:56:43.163 [INFO] src.config_loader: Config loaded from config.yaml
2026-06-04 18:56:43.186 [INFO] src.gene_sets.loader: Loaded gene sets: 376 genes across 5 subsystems
2026-06-04 18:56:43.186 [INFO] src.specialized.tas2r38: Loaded TAS2R38 SNP definitions: 3 SNPs
2026-06-04 18:56:43.186 [INFO] src.specialized.mitochondrial: Loaded mitochondrial variant database: 8 entries
2026-06-04 18:56:43.187 [INFO] src.specialized.or_tiers: Loaded OR ligand map: 11 entries
2026-06-04 18:56:43.187 [INFO] src.gene_sets.bed_mapper: Loaded BED regions: 38 intervals across 19 chromosomes
2026-06-04 18:56:43.187 [INFO] __main__: Pipeline started for /var/folders/g5/gdb7vzxd6_5fwkmkt6j_nrx00000gn/T/tmp3p6udmwe.vcf.gz
2026-06-04 18:56:43.189 [INFO] src.vcf.parser: Parsing VCF for sample: ML150006935_L01_184
2026-06-04 18:56:43.190 [INFO] __main__: Stage 1 complete: 23 variants after prefilter
2026-06-04 18:56:43.190 [INFO] src.vep.client: VEP annotation started: 23 variants, batch_size=10
2026-06-04 18:57:36.321 [INFO] src.vep.client: VEP batch 1/3 done
2026-06-04 18:58:08.569 [INFO] src.vep.client: VEP batch 2/3 done
2026-06-04 18:58:12.026 [INFO] src.vep.client: VEP batch 3/3 done
2026-06-04 18:58:12.026 [INFO] src.vep.client: VEP annotation completed: 23 results
2026-06-04 18:58:12.028 [INFO] __main__: Stage 2 complete: 23 variants annotated
2026-06-04 18:58:12.028 [INFO] __main__: Stage 2.5 complete: BED mapped 0 variants to genes
2026-06-04 18:58:12.028 [INFO] src.gene_sets.filter: Sensory filter: 22 / 23 variants retained
2026-06-04 18:58:12.028 [INFO] __main__: Stage 3 complete: 22 sensory variants
2026-06-04 18:58:12.029 [INFO] __main__: Stage 4 complete: 1 gene cards
2026-06-04 18:58:12.030 [INFO] __main__: Stage 5 complete: TAS2R38=no, MT=0, OR=22
2026-06-04 18:58:12.030 [INFO] __main__: Stage 6 complete: enriched 0 genes
2026-06-04 18:58:12.031 [INFO] __main__: Stage 7 complete: report built
2026-06-04 18:58:12.031 [INFO] __main__: Pipeline completed successfully
2026-06-04 18:58:12.067 [INFO] __main__: Reports saved: markdown=/Users/zhaorongli/.workbuddy/skills/sensory-genomics/output/sensory_report_20260604_185812.md, json=/Users/zhaorongli/.workbuddy/skills/sensory-genomics/output/sensory_report_20260604_185812.json
