2026-06-04 16:44:47.012 [INFO] src.vcf.parser: Logger initialized. Log file: /Users/zhaorongli/.workbuddy/skills/sensory-genomics/logs/sensory_genomics_20260604_164447.log
2026-06-04 16:44:47.013 [INFO] src.vcf.prefilter: Logger initialized. Log file: /Users/zhaorongli/.workbuddy/skills/sensory-genomics/logs/sensory_genomics_20260604_164447.log
2026-06-04 16:44:47.013 [INFO] src.vep.client: Logger initialized. Log file: /Users/zhaorongli/.workbuddy/skills/sensory-genomics/logs/sensory_genomics_20260604_164447.log
2026-06-04 16:44:47.013 [INFO] __main__: Logger initialized. Log file: /Users/zhaorongli/.workbuddy/skills/sensory-genomics/logs/sensory_genomics_20260604_164447.log
2026-06-04 16:44:47.014 [INFO] sensory_genomics: Logger initialized. Log file: /Users/zhaorongli/.workbuddy/skills/sensory-genomics/logs/sensory_genomics_20260604_164447.log
2026-06-04 16:44:47.309 [INFO] __main__: BED-filtered VCF: /var/folders/g5/gdb7vzxd6_5fwkmkt6j_nrx00000gn/T/tmp65bqemdm.vcf.gz -> 23 variants
2026-06-04 16:44:47.336 [INFO] __main__: Pipeline started for /var/folders/g5/gdb7vzxd6_5fwkmkt6j_nrx00000gn/T/tmp65bqemdm.vcf.gz
2026-06-04 16:44:47.337 [INFO] src.vcf.parser: Parsing VCF for sample: ML150006935_L01_184
2026-06-04 16:44:47.337 [INFO] __main__: Stage 1 complete: 23 variants after prefilter
2026-06-04 16:44:47.337 [INFO] src.vep.client: VEP annotation started: 23 variants, batch_size=50
2026-06-04 16:45:08.784 [INFO] src.vep.client: VEP batch 1/1 done
2026-06-04 16:45:08.784 [INFO] src.vep.client: VEP annotation completed: 23 results
2026-06-04 16:45:08.785 [INFO] __main__: Stage 2 complete: 23 variants annotated
2026-06-04 16:45:08.785 [INFO] __main__: Stage 2.5 complete: BED mapped 0 variants to genes
2026-06-04 16:45:08.785 [INFO] __main__: Stage 3 complete: 0 sensory variants
2026-06-04 16:45:08.785 [INFO] __main__: Stage 4 complete: 0 gene cards
2026-06-04 16:45:08.785 [INFO] __main__: Stage 5 complete: TAS2R38=no, MT=0, OR=0
2026-06-04 16:45:08.786 [INFO] __main__: Stage 6 complete: enriched 0 genes
2026-06-04 16:45:08.786 [INFO] __main__: Stage 7 complete: report built
2026-06-04 16:45:08.786 [INFO] __main__: Pipeline completed successfully
2026-06-04 16:45:08.839 [INFO] __main__: Reports saved: markdown=/Users/zhaorongli/.workbuddy/skills/sensory-genomics/output/sensory_report_20260604_164508.md, json=/Users/zhaorongli/.workbuddy/skills/sensory-genomics/output/sensory_report_20260604_164508.json
