2026-06-04 16:53:57.049 [INFO] src.assessment.inheritance: Logger initialized. Log file: /Users/zhaorongli/.workbuddy/skills/sensory-genomics/logs/sensory_genomics_20260604_165357.log
2026-06-04 16:53:57.060 [INFO] src.gene_sets.loader: Logger initialized. Log file: /Users/zhaorongli/.workbuddy/skills/sensory-genomics/logs/sensory_genomics_20260604_165357.log
2026-06-04 16:53:57.060 [INFO] src.assessment.engine: Logger initialized. Log file: /Users/zhaorongli/.workbuddy/skills/sensory-genomics/logs/sensory_genomics_20260604_165357.log
2026-06-04 16:53:57.061 [INFO] src.config_loader: Logger initialized. Log file: /Users/zhaorongli/.workbuddy/skills/sensory-genomics/logs/sensory_genomics_20260604_165357.log
2026-06-04 16:53:57.069 [INFO] src.enrichment.cache: Logger initialized. Log file: /Users/zhaorongli/.workbuddy/skills/sensory-genomics/logs/sensory_genomics_20260604_165357.log
2026-06-04 16:53:57.174 [INFO] src.enrichment.client_base: Logger initialized. Log file: /Users/zhaorongli/.workbuddy/skills/sensory-genomics/logs/sensory_genomics_20260604_165357.log
2026-06-04 16:53:57.175 [INFO] src.gene_sets.bed_mapper: Logger initialized. Log file: /Users/zhaorongli/.workbuddy/skills/sensory-genomics/logs/sensory_genomics_20260604_165357.log
2026-06-04 16:53:57.177 [INFO] src.gene_sets.filter: Logger initialized. Log file: /Users/zhaorongli/.workbuddy/skills/sensory-genomics/logs/sensory_genomics_20260604_165357.log
2026-06-04 16:53:57.177 [INFO] src.report.json_generator: Logger initialized. Log file: /Users/zhaorongli/.workbuddy/skills/sensory-genomics/logs/sensory_genomics_20260604_165357.log
2026-06-04 16:53:57.192 [INFO] src.report.markdown_generator: Logger initialized. Log file: /Users/zhaorongli/.workbuddy/skills/sensory-genomics/logs/sensory_genomics_20260604_165357.log
2026-06-04 16:53:57.193 [INFO] src.specialized.mitochondrial: Logger initialized. Log file: /Users/zhaorongli/.workbuddy/skills/sensory-genomics/logs/sensory_genomics_20260604_165357.log
2026-06-04 16:53:57.193 [INFO] src.specialized.or_tiers: Logger initialized. Log file: /Users/zhaorongli/.workbuddy/skills/sensory-genomics/logs/sensory_genomics_20260604_165357.log
2026-06-04 16:53:57.194 [INFO] src.specialized.tas2r38: Logger initialized. Log file: /Users/zhaorongli/.workbuddy/skills/sensory-genomics/logs/sensory_genomics_20260604_165357.log
2026-06-04 16:53:57.194 [INFO] src.report.report_context: Logger initialized. Log file: /Users/zhaorongli/.workbuddy/skills/sensory-genomics/logs/sensory_genomics_20260604_165357.log
2026-06-04 16:53:57.220 [INFO] src.vcf.parser: Logger initialized. Log file: /Users/zhaorongli/.workbuddy/skills/sensory-genomics/logs/sensory_genomics_20260604_165357.log
2026-06-04 16:53:57.220 [INFO] src.vcf.prefilter: Logger initialized. Log file: /Users/zhaorongli/.workbuddy/skills/sensory-genomics/logs/sensory_genomics_20260604_165357.log
2026-06-04 16:53:57.221 [INFO] src.vep.client: Logger initialized. Log file: /Users/zhaorongli/.workbuddy/skills/sensory-genomics/logs/sensory_genomics_20260604_165357.log
2026-06-04 16:53:57.221 [INFO] __main__: Logger initialized. Log file: /Users/zhaorongli/.workbuddy/skills/sensory-genomics/logs/sensory_genomics_20260604_165357.log
2026-06-04 16:53:57.222 [INFO] sensory_genomics: Logger initialized. Log file: /Users/zhaorongli/.workbuddy/skills/sensory-genomics/logs/sensory_genomics_20260604_165357.log
2026-06-04 16:53:57.502 [INFO] __main__: BED-filtered VCF: /var/folders/g5/gdb7vzxd6_5fwkmkt6j_nrx00000gn/T/tmpahn6a21c.vcf.gz -> 23 variants
2026-06-04 16:53:57.504 [INFO] src.config_loader: Config loaded from config.yaml
2026-06-04 16:53:57.530 [INFO] src.gene_sets.loader: Loaded gene sets: 376 genes across 5 subsystems
2026-06-04 16:53:57.530 [INFO] src.specialized.tas2r38: Loaded TAS2R38 SNP definitions: 3 SNPs
2026-06-04 16:53:57.530 [INFO] src.specialized.mitochondrial: Loaded mitochondrial variant database: 8 entries
2026-06-04 16:53:57.531 [INFO] src.specialized.or_tiers: Loaded OR ligand map: 11 entries
2026-06-04 16:53:57.531 [INFO] src.gene_sets.bed_mapper: Loaded BED regions: 38 intervals across 19 chromosomes
2026-06-04 16:53:57.531 [INFO] __main__: Pipeline started for /var/folders/g5/gdb7vzxd6_5fwkmkt6j_nrx00000gn/T/tmpahn6a21c.vcf.gz
2026-06-04 16:53:57.531 [INFO] src.vcf.parser: Parsing VCF for sample: ML150006935_L01_184
2026-06-04 16:53:57.532 [INFO] __main__: Stage 1 complete: 23 variants after prefilter
2026-06-04 16:53:57.532 [INFO] src.vep.client: VEP annotation started: 23 variants, batch_size=10
2026-06-04 16:54:11.796 [INFO] src.vep.client: VEP batch 1/3 done
2026-06-04 16:54:42.941 [INFO] src.vep.client: VEP batch 2/3 done
2026-06-04 16:54:53.808 [INFO] src.vep.client: VEP batch 3/3 done
2026-06-04 16:54:53.809 [INFO] src.vep.client: VEP annotation completed: 23 results
2026-06-04 16:54:53.809 [INFO] __main__: Stage 2 complete: 23 variants annotated
2026-06-04 16:54:53.809 [INFO] __main__: Stage 2.5 complete: BED mapped 0 variants to genes
2026-06-04 16:54:53.810 [INFO] src.gene_sets.filter: Sensory filter: 23 / 23 variants retained
2026-06-04 16:54:53.810 [INFO] __main__: Stage 3 complete: 23 sensory variants
2026-06-04 16:54:53.810 [INFO] __main__: Stage 4 complete: 1 gene cards
2026-06-04 16:54:53.811 [INFO] __main__: Stage 5 complete: TAS2R38=no, MT=0, OR=23
2026-06-04 16:54:54.719 [ERROR] src.enrichment.client_base: gtex HTTP 422: Unprocessable Entity
2026-06-04 16:54:54.749 [ERROR] src.enrichment.client_base: gnomad HTTP 400: Bad Request
2026-06-04 16:54:56.029 [ERROR] src.enrichment.client_base: gnomad HTTP 400: Bad Request
2026-06-04 16:54:56.223 [ERROR] src.enrichment.client_base: gtex HTTP 422: Unprocessable Entity
2026-06-04 16:54:58.306 [ERROR] src.enrichment.client_base: gnomad HTTP 400: Bad Request
2026-06-04 16:54:58.720 [ERROR] src.enrichment.client_base: gtex HTTP 422: Unprocessable Entity
2026-06-04 16:55:02.584 [ERROR] src.enrichment.client_base: gnomad HTTP 400: Bad Request
2026-06-04 16:55:03.254 [ERROR] src.enrichment.client_base: gtex HTTP 422: Unprocessable Entity
2026-06-04 16:55:03.254 [INFO] __main__: Stage 6 complete: enriched 1 genes
2026-06-04 16:55:03.255 [INFO] __main__: Stage 7 complete: report built
2026-06-04 16:55:03.255 [INFO] __main__: Pipeline completed successfully
2026-06-04 16:55:03.311 [INFO] __main__: Reports saved: markdown=/Users/zhaorongli/.workbuddy/skills/sensory-genomics/output/sensory_report_20260604_165503.md, json=/Users/zhaorongli/.workbuddy/skills/sensory-genomics/output/sensory_report_20260604_165503.json
