2026-06-06 20:22:33.436 [INFO] src.assessment.inheritance: Logger initialized. Log file: /Users/zhaorongli/.workbuddy/skills/sensory-genomics/logs/sensory_genomics_20260606_202233.log
2026-06-06 20:22:33.456 [INFO] src.gene_sets.loader: Logger initialized. Log file: /Users/zhaorongli/.workbuddy/skills/sensory-genomics/logs/sensory_genomics_20260606_202233.log
2026-06-06 20:22:33.456 [INFO] src.assessment.engine: Logger initialized. Log file: /Users/zhaorongli/.workbuddy/skills/sensory-genomics/logs/sensory_genomics_20260606_202233.log
2026-06-06 20:22:33.458 [INFO] src.config_loader: Logger initialized. Log file: /Users/zhaorongli/.workbuddy/skills/sensory-genomics/logs/sensory_genomics_20260606_202233.log
2026-06-06 20:22:33.479 [INFO] src.enrichment.cache: Logger initialized. Log file: /Users/zhaorongli/.workbuddy/skills/sensory-genomics/logs/sensory_genomics_20260606_202233.log
2026-06-06 20:22:33.752 [INFO] src.enrichment.client_base: Logger initialized. Log file: /Users/zhaorongli/.workbuddy/skills/sensory-genomics/logs/sensory_genomics_20260606_202233.log
2026-06-06 20:22:33.759 [INFO] src.gene_sets.bed_mapper: Logger initialized. Log file: /Users/zhaorongli/.workbuddy/skills/sensory-genomics/logs/sensory_genomics_20260606_202233.log
2026-06-06 20:22:33.761 [INFO] src.gene_sets.filter: Logger initialized. Log file: /Users/zhaorongli/.workbuddy/skills/sensory-genomics/logs/sensory_genomics_20260606_202233.log
2026-06-06 20:22:33.761 [INFO] src.key_snps: Logger initialized. Log file: /Users/zhaorongli/.workbuddy/skills/sensory-genomics/logs/sensory_genomics_20260606_202233.log
2026-06-06 20:22:33.763 [INFO] src.report.json_generator: Logger initialized. Log file: /Users/zhaorongli/.workbuddy/skills/sensory-genomics/logs/sensory_genomics_20260606_202233.log
2026-06-06 20:22:33.793 [INFO] src.report.markdown_generator: Logger initialized. Log file: /Users/zhaorongli/.workbuddy/skills/sensory-genomics/logs/sensory_genomics_20260606_202233.log
2026-06-06 20:22:33.794 [INFO] src.specialized.mitochondrial: Logger initialized. Log file: /Users/zhaorongli/.workbuddy/skills/sensory-genomics/logs/sensory_genomics_20260606_202233.log
2026-06-06 20:22:33.794 [INFO] src.specialized.or_tiers: Logger initialized. Log file: /Users/zhaorongli/.workbuddy/skills/sensory-genomics/logs/sensory_genomics_20260606_202233.log
2026-06-06 20:22:33.795 [INFO] src.specialized.tas2r38: Logger initialized. Log file: /Users/zhaorongli/.workbuddy/skills/sensory-genomics/logs/sensory_genomics_20260606_202233.log
2026-06-06 20:22:33.795 [INFO] src.trait_predictor: Logger initialized. Log file: /Users/zhaorongli/.workbuddy/skills/sensory-genomics/logs/sensory_genomics_20260606_202233.log
2026-06-06 20:22:33.796 [INFO] src.report.report_context: Logger initialized. Log file: /Users/zhaorongli/.workbuddy/skills/sensory-genomics/logs/sensory_genomics_20260606_202233.log
2026-06-06 20:22:33.864 [INFO] src.vcf.parser: Logger initialized. Log file: /Users/zhaorongli/.workbuddy/skills/sensory-genomics/logs/sensory_genomics_20260606_202233.log
2026-06-06 20:22:33.865 [INFO] src.vcf.prefilter: Logger initialized. Log file: /Users/zhaorongli/.workbuddy/skills/sensory-genomics/logs/sensory_genomics_20260606_202233.log
2026-06-06 20:22:33.867 [INFO] src.vep.client: Logger initialized. Log file: /Users/zhaorongli/.workbuddy/skills/sensory-genomics/logs/sensory_genomics_20260606_202233.log
2026-06-06 20:22:33.868 [INFO] src.vep.local_client: Logger initialized. Log file: /Users/zhaorongli/.workbuddy/skills/sensory-genomics/logs/sensory_genomics_20260606_202233.log
2026-06-06 20:22:33.868 [INFO] src.vep.hybrid_client: Logger initialized. Log file: /Users/zhaorongli/.workbuddy/skills/sensory-genomics/logs/sensory_genomics_20260606_202233.log
2026-06-06 20:22:33.868 [INFO] src.main: Logger initialized. Log file: /Users/zhaorongli/.workbuddy/skills/sensory-genomics/logs/sensory_genomics_20260606_202233.log
2026-06-06 20:22:33.870 [INFO] sensory_genomics: Logger initialized. Log file: /Users/zhaorongli/.workbuddy/skills/sensory-genomics/logs/sensory_genomics_20260606_202233.log
2026-06-06 20:22:46.111 [INFO] src.main: BED-filtered VCF: /var/folders/g5/gdb7vzxd6_5fwkmkt6j_nrx00000gn/T/tmpu67b946g.vcf.gz -> 24609 variants
2026-06-06 20:22:46.126 [INFO] src.config_loader: Config loaded from /Users/zhaorongli/.workbuddy/skills/sensory-genomics/config.yaml
2026-06-06 20:22:46.197 [INFO] src.gene_sets.loader: Loaded gene sets: 391 genes across 9 subsystems
2026-06-06 20:22:46.199 [INFO] src.gene_sets.bed_mapper: Loaded BED regions: 382 intervals across 23 chromosomes (bisect indexed)
2026-06-06 20:22:46.200 [INFO] src.specialized.tas2r38: Loaded TAS2R38 SNP definitions: 3 SNPs
2026-06-06 20:22:46.201 [INFO] src.specialized.mitochondrial: Loaded mitochondrial variant database: 8 entries
2026-06-06 20:22:46.201 [INFO] src.specialized.or_tiers: Loaded OR ligand map: 11 entries
2026-06-06 20:22:46.202 [INFO] src.main: Loaded precomputed transcript map: 384 genes
2026-06-06 20:22:46.211 [INFO] src.gene_sets.bed_mapper: Loaded BED regions: 6931 intervals across 23 chromosomes (bisect indexed)
2026-06-06 20:22:46.211 [INFO] src.main: Loaded exon BED for strict filtering
2026-06-06 20:22:46.211 [INFO] src.main: Using LocalVepClient (Docker offline)
2026-06-06 20:22:46.212 [INFO] src.gene_sets.bed_mapper: Loaded BED regions: 382 intervals across 23 chromosomes (bisect indexed)
2026-06-06 20:22:46.212 [INFO] src.main: Pipeline started for /var/folders/g5/gdb7vzxd6_5fwkmkt6j_nrx00000gn/T/tmpu67b946g.vcf.gz
2026-06-06 20:22:46.220 [INFO] src.vcf.parser: Parsing VCF for sample: ML150006935_L01_184
2026-06-06 20:22:46.620 [INFO] src.main: Stage 1 complete: 23821 variants after prefilter
2026-06-06 20:22:46.637 [INFO] src.vep.local_client: Running local VEP for 23821 variants via Docker
2026-06-06 20:26:28.598 [INFO] src.vep.local_client: Local VEP annotated 23821 variants
2026-06-06 20:26:28.863 [INFO] src.main: Stage 2 complete: 23821 variants annotated
2026-06-06 20:26:28.872 [INFO] src.main: Stage 2.5 complete: BED mapped 101 variants to genes
2026-06-06 20:26:28.982 [INFO] src.gene_sets.filter: Sensory filter: 23812 / 23821 variants retained (22547 unique variants x genes)
2026-06-06 20:26:28.982 [INFO] src.main: Stage 3 complete: 23812 sensory variants
2026-06-06 20:26:29.225 [INFO] src.main: Stage 4 complete: 370 gene cards
2026-06-06 20:26:29.332 [INFO] src.main: Stage 5 complete: TAS2R38=yes, MT=0, OR=313
2026-06-06 20:26:29.694 [INFO] src.main: Stage 5.5 complete: 7 key SNPs inferred (1 found in VCF, 6 REF/REF)
2026-06-06 20:26:29.694 [INFO] src.main: Stage 6 complete: enriched 0 genes
2026-06-06 20:26:29.696 [INFO] src.main: Stage 7 complete: report built
2026-06-06 20:26:29.696 [INFO] src.main: Pipeline completed successfully
2026-06-06 20:26:30.092 [INFO] src.main: Reports saved: markdown=/Users/zhaorongli/.workbuddy/skills/sensory-genomics/output/sensory_report_20260606_202630.md, json=/Users/zhaorongli/.workbuddy/skills/sensory-genomics/output/sensory_report_20260606_202630.json
