2026-06-05 07:58:29.662 [INFO] src.assessment.inheritance: Logger initialized. Log file: /Users/zhaorongli/.workbuddy/skills/sensory-genomics/logs/sensory_genomics_20260605_075829.log
2026-06-05 07:58:29.683 [INFO] src.gene_sets.loader: Logger initialized. Log file: /Users/zhaorongli/.workbuddy/skills/sensory-genomics/logs/sensory_genomics_20260605_075829.log
2026-06-05 07:58:29.684 [INFO] src.assessment.engine: Logger initialized. Log file: /Users/zhaorongli/.workbuddy/skills/sensory-genomics/logs/sensory_genomics_20260605_075829.log
2026-06-05 07:58:29.685 [INFO] src.config_loader: Logger initialized. Log file: /Users/zhaorongli/.workbuddy/skills/sensory-genomics/logs/sensory_genomics_20260605_075829.log
2026-06-05 07:58:29.700 [INFO] src.enrichment.cache: Logger initialized. Log file: /Users/zhaorongli/.workbuddy/skills/sensory-genomics/logs/sensory_genomics_20260605_075829.log
2026-06-05 07:58:29.794 [INFO] src.enrichment.client_base: Logger initialized. Log file: /Users/zhaorongli/.workbuddy/skills/sensory-genomics/logs/sensory_genomics_20260605_075829.log
2026-06-05 07:58:29.796 [INFO] src.gene_sets.bed_mapper: Logger initialized. Log file: /Users/zhaorongli/.workbuddy/skills/sensory-genomics/logs/sensory_genomics_20260605_075829.log
2026-06-05 07:58:29.796 [INFO] src.gene_sets.filter: Logger initialized. Log file: /Users/zhaorongli/.workbuddy/skills/sensory-genomics/logs/sensory_genomics_20260605_075829.log
2026-06-05 07:58:29.797 [INFO] src.report.json_generator: Logger initialized. Log file: /Users/zhaorongli/.workbuddy/skills/sensory-genomics/logs/sensory_genomics_20260605_075829.log
2026-06-05 07:58:29.814 [INFO] src.report.markdown_generator: Logger initialized. Log file: /Users/zhaorongli/.workbuddy/skills/sensory-genomics/logs/sensory_genomics_20260605_075829.log
2026-06-05 07:58:29.815 [INFO] src.specialized.mitochondrial: Logger initialized. Log file: /Users/zhaorongli/.workbuddy/skills/sensory-genomics/logs/sensory_genomics_20260605_075829.log
2026-06-05 07:58:29.815 [INFO] src.specialized.or_tiers: Logger initialized. Log file: /Users/zhaorongli/.workbuddy/skills/sensory-genomics/logs/sensory_genomics_20260605_075829.log
2026-06-05 07:58:29.816 [INFO] src.specialized.tas2r38: Logger initialized. Log file: /Users/zhaorongli/.workbuddy/skills/sensory-genomics/logs/sensory_genomics_20260605_075829.log
2026-06-05 07:58:29.816 [INFO] src.report.report_context: Logger initialized. Log file: /Users/zhaorongli/.workbuddy/skills/sensory-genomics/logs/sensory_genomics_20260605_075829.log
2026-06-05 07:58:29.859 [INFO] src.vcf.parser: Logger initialized. Log file: /Users/zhaorongli/.workbuddy/skills/sensory-genomics/logs/sensory_genomics_20260605_075829.log
2026-06-05 07:58:29.859 [INFO] src.vcf.prefilter: Logger initialized. Log file: /Users/zhaorongli/.workbuddy/skills/sensory-genomics/logs/sensory_genomics_20260605_075829.log
2026-06-05 07:58:29.863 [INFO] src.vep.client: Logger initialized. Log file: /Users/zhaorongli/.workbuddy/skills/sensory-genomics/logs/sensory_genomics_20260605_075829.log
2026-06-05 07:58:29.863 [INFO] main: Logger initialized. Log file: /Users/zhaorongli/.workbuddy/skills/sensory-genomics/logs/sensory_genomics_20260605_075829.log
2026-06-05 07:58:29.865 [INFO] sensory_genomics: Logger initialized. Log file: /Users/zhaorongli/.workbuddy/skills/sensory-genomics/logs/sensory_genomics_20260605_075829.log
2026-06-05 07:58:29.891 [ERROR] main: BED filter failed: Command '['bcftools', 'view', '-Oz', '-o', '/var/folders/g5/gdb7vzxd6_5fwkmkt6j_nrx00000gn/T/tmpj11aqpdv.vcf.gz', '-R', '/tmp/core_genes.bed', "/Users/zhaorongli/Documents/Documents - zhaorong's MacBook Air/合作项目/之江实验室/AML/女儿分析报告/女儿短读全vcf-ML150006935_L01_184.genotyper.vcf.gz"]' returned non-zero exit status 255.
2026-06-05 07:58:29.891 [WARNING] src.config_loader: Config file not found at /Users/zhaorongli/.workbuddy/skills/sensory-genomics/scripts/config.yaml, using defaults.
