2026-06-06 20:30:39.143 [INFO] src.assessment.inheritance: Logger initialized. Log file: /Users/zhaorongli/.workbuddy/skills/sensory-genomics/logs/sensory_genomics_20260606_203039.log
2026-06-06 20:30:39.164 [INFO] src.gene_sets.loader: Logger initialized. Log file: /Users/zhaorongli/.workbuddy/skills/sensory-genomics/logs/sensory_genomics_20260606_203039.log
2026-06-06 20:30:39.165 [INFO] src.assessment.engine: Logger initialized. Log file: /Users/zhaorongli/.workbuddy/skills/sensory-genomics/logs/sensory_genomics_20260606_203039.log
2026-06-06 20:30:39.166 [INFO] src.config_loader: Logger initialized. Log file: /Users/zhaorongli/.workbuddy/skills/sensory-genomics/logs/sensory_genomics_20260606_203039.log
2026-06-06 20:30:39.190 [INFO] src.enrichment.cache: Logger initialized. Log file: /Users/zhaorongli/.workbuddy/skills/sensory-genomics/logs/sensory_genomics_20260606_203039.log
2026-06-06 20:30:39.422 [INFO] src.enrichment.client_base: Logger initialized. Log file: /Users/zhaorongli/.workbuddy/skills/sensory-genomics/logs/sensory_genomics_20260606_203039.log
2026-06-06 20:30:39.424 [INFO] src.gene_sets.bed_mapper: Logger initialized. Log file: /Users/zhaorongli/.workbuddy/skills/sensory-genomics/logs/sensory_genomics_20260606_203039.log
2026-06-06 20:30:39.425 [INFO] src.gene_sets.filter: Logger initialized. Log file: /Users/zhaorongli/.workbuddy/skills/sensory-genomics/logs/sensory_genomics_20260606_203039.log
2026-06-06 20:30:39.426 [INFO] src.key_snps: Logger initialized. Log file: /Users/zhaorongli/.workbuddy/skills/sensory-genomics/logs/sensory_genomics_20260606_203039.log
2026-06-06 20:30:39.427 [INFO] src.report.json_generator: Logger initialized. Log file: /Users/zhaorongli/.workbuddy/skills/sensory-genomics/logs/sensory_genomics_20260606_203039.log
2026-06-06 20:30:39.457 [INFO] src.report.markdown_generator: Logger initialized. Log file: /Users/zhaorongli/.workbuddy/skills/sensory-genomics/logs/sensory_genomics_20260606_203039.log
2026-06-06 20:30:39.458 [INFO] src.specialized.mitochondrial: Logger initialized. Log file: /Users/zhaorongli/.workbuddy/skills/sensory-genomics/logs/sensory_genomics_20260606_203039.log
2026-06-06 20:30:39.459 [INFO] src.specialized.or_tiers: Logger initialized. Log file: /Users/zhaorongli/.workbuddy/skills/sensory-genomics/logs/sensory_genomics_20260606_203039.log
2026-06-06 20:30:39.459 [INFO] src.specialized.tas2r38: Logger initialized. Log file: /Users/zhaorongli/.workbuddy/skills/sensory-genomics/logs/sensory_genomics_20260606_203039.log
2026-06-06 20:30:39.460 [INFO] src.trait_predictor: Logger initialized. Log file: /Users/zhaorongli/.workbuddy/skills/sensory-genomics/logs/sensory_genomics_20260606_203039.log
2026-06-06 20:30:39.460 [INFO] src.report.report_context: Logger initialized. Log file: /Users/zhaorongli/.workbuddy/skills/sensory-genomics/logs/sensory_genomics_20260606_203039.log
2026-06-06 20:30:39.537 [INFO] src.vcf.parser: Logger initialized. Log file: /Users/zhaorongli/.workbuddy/skills/sensory-genomics/logs/sensory_genomics_20260606_203039.log
2026-06-06 20:30:39.537 [INFO] src.vcf.prefilter: Logger initialized. Log file: /Users/zhaorongli/.workbuddy/skills/sensory-genomics/logs/sensory_genomics_20260606_203039.log
2026-06-06 20:30:39.539 [INFO] src.vep.client: Logger initialized. Log file: /Users/zhaorongli/.workbuddy/skills/sensory-genomics/logs/sensory_genomics_20260606_203039.log
2026-06-06 20:30:39.541 [INFO] src.vep.local_client: Logger initialized. Log file: /Users/zhaorongli/.workbuddy/skills/sensory-genomics/logs/sensory_genomics_20260606_203039.log
2026-06-06 20:30:39.541 [INFO] src.vep.hybrid_client: Logger initialized. Log file: /Users/zhaorongli/.workbuddy/skills/sensory-genomics/logs/sensory_genomics_20260606_203039.log
2026-06-06 20:30:39.541 [INFO] src.main: Logger initialized. Log file: /Users/zhaorongli/.workbuddy/skills/sensory-genomics/logs/sensory_genomics_20260606_203039.log
2026-06-06 20:30:39.544 [INFO] sensory_genomics: Logger initialized. Log file: /Users/zhaorongli/.workbuddy/skills/sensory-genomics/logs/sensory_genomics_20260606_203039.log
2026-06-06 20:30:51.403 [INFO] src.main: BED-filtered VCF: /var/folders/g5/gdb7vzxd6_5fwkmkt6j_nrx00000gn/T/tmpxq6b161m.vcf.gz -> 24609 variants
2026-06-06 20:30:51.410 [INFO] src.config_loader: Config loaded from /Users/zhaorongli/.workbuddy/skills/sensory-genomics/config.yaml
2026-06-06 20:30:51.459 [INFO] src.gene_sets.loader: Loaded gene sets: 391 genes across 9 subsystems
2026-06-06 20:30:51.462 [INFO] src.gene_sets.bed_mapper: Loaded BED regions: 382 intervals across 23 chromosomes (bisect indexed)
2026-06-06 20:30:51.463 [INFO] src.specialized.tas2r38: Loaded TAS2R38 SNP definitions: 3 SNPs
2026-06-06 20:30:51.464 [INFO] src.specialized.mitochondrial: Loaded mitochondrial variant database: 8 entries
2026-06-06 20:30:51.465 [INFO] src.specialized.or_tiers: Loaded OR ligand map: 11 entries
2026-06-06 20:30:51.466 [INFO] src.main: Loaded precomputed transcript map: 384 genes
2026-06-06 20:30:51.474 [INFO] src.gene_sets.bed_mapper: Loaded BED regions: 6931 intervals across 23 chromosomes (bisect indexed)
2026-06-06 20:30:51.474 [INFO] src.main: Loaded exon BED for strict filtering
2026-06-06 20:30:51.474 [INFO] src.main: Using LocalVepClient (Docker offline)
2026-06-06 20:30:51.475 [INFO] src.gene_sets.bed_mapper: Loaded BED regions: 382 intervals across 23 chromosomes (bisect indexed)
2026-06-06 20:30:51.475 [INFO] src.main: Pipeline started for /var/folders/g5/gdb7vzxd6_5fwkmkt6j_nrx00000gn/T/tmpxq6b161m.vcf.gz
2026-06-06 20:30:51.483 [INFO] src.vcf.parser: Parsing VCF for sample: ML150006935_L01_184
2026-06-06 20:30:51.917 [INFO] src.main: Stage 1 complete: 23821 variants after prefilter
2026-06-06 20:30:51.933 [INFO] src.vep.local_client: Running local VEP for 23821 variants via Docker
2026-06-06 20:33:11.898 [INFO] src.vep.local_client: Local VEP annotated 23821 variants
2026-06-06 20:33:12.116 [INFO] src.main: Stage 2 complete: 23821 variants annotated
2026-06-06 20:33:12.121 [INFO] src.main: Stage 2.5 complete: BED mapped 101 variants to genes
2026-06-06 20:33:12.192 [INFO] src.gene_sets.filter: Sensory filter: 23812 / 23821 variants retained (22547 unique variants x genes)
2026-06-06 20:33:12.192 [INFO] src.main: Stage 3 complete: 23812 sensory variants
2026-06-06 20:33:12.347 [INFO] src.main: Stage 4 complete: 370 gene cards
2026-06-06 20:33:12.418 [INFO] src.main: Stage 5 complete: TAS2R38=yes, MT=0, OR=313
2026-06-06 20:33:12.675 [INFO] src.main: Stage 5.5 complete: 7 key SNPs inferred (1 found in VCF, 6 REF/REF)
2026-06-06 20:33:12.675 [INFO] src.main: Stage 6 complete: enriched 0 genes
2026-06-06 20:33:12.677 [INFO] src.main: Stage 7 complete: report built
2026-06-06 20:33:12.677 [INFO] src.main: Pipeline completed successfully
2026-06-06 20:33:12.974 [INFO] src.main: Reports saved: markdown=/Users/zhaorongli/.workbuddy/skills/sensory-genomics/output/sensory_report_20260606_203312.md, json=/Users/zhaorongli/.workbuddy/skills/sensory-genomics/output/sensory_report_20260606_203312.json
