2026-06-04 19:18:04.563 [INFO] src.assessment.inheritance: Logger initialized. Log file: /Users/zhaorongli/.workbuddy/skills/sensory-genomics/logs/sensory_genomics_20260604_191804.log
2026-06-04 19:18:04.580 [INFO] src.gene_sets.loader: Logger initialized. Log file: /Users/zhaorongli/.workbuddy/skills/sensory-genomics/logs/sensory_genomics_20260604_191804.log
2026-06-04 19:18:04.580 [INFO] src.assessment.engine: Logger initialized. Log file: /Users/zhaorongli/.workbuddy/skills/sensory-genomics/logs/sensory_genomics_20260604_191804.log
2026-06-04 19:18:04.581 [INFO] src.config_loader: Logger initialized. Log file: /Users/zhaorongli/.workbuddy/skills/sensory-genomics/logs/sensory_genomics_20260604_191804.log
2026-06-04 19:18:04.595 [INFO] src.enrichment.cache: Logger initialized. Log file: /Users/zhaorongli/.workbuddy/skills/sensory-genomics/logs/sensory_genomics_20260604_191804.log
2026-06-04 19:18:04.756 [INFO] src.enrichment.client_base: Logger initialized. Log file: /Users/zhaorongli/.workbuddy/skills/sensory-genomics/logs/sensory_genomics_20260604_191804.log
2026-06-04 19:18:04.758 [INFO] src.gene_sets.filter: Logger initialized. Log file: /Users/zhaorongli/.workbuddy/skills/sensory-genomics/logs/sensory_genomics_20260604_191804.log
2026-06-04 19:18:04.759 [INFO] src.report.json_generator: Logger initialized. Log file: /Users/zhaorongli/.workbuddy/skills/sensory-genomics/logs/sensory_genomics_20260604_191804.log
2026-06-04 19:18:04.783 [INFO] src.report.markdown_generator: Logger initialized. Log file: /Users/zhaorongli/.workbuddy/skills/sensory-genomics/logs/sensory_genomics_20260604_191804.log
2026-06-04 19:18:04.784 [INFO] src.specialized.mitochondrial: Logger initialized. Log file: /Users/zhaorongli/.workbuddy/skills/sensory-genomics/logs/sensory_genomics_20260604_191804.log
2026-06-04 19:18:04.785 [INFO] src.specialized.or_tiers: Logger initialized. Log file: /Users/zhaorongli/.workbuddy/skills/sensory-genomics/logs/sensory_genomics_20260604_191804.log
2026-06-04 19:18:04.785 [INFO] src.specialized.tas2r38: Logger initialized. Log file: /Users/zhaorongli/.workbuddy/skills/sensory-genomics/logs/sensory_genomics_20260604_191804.log
2026-06-04 19:18:04.785 [INFO] src.report.report_context: Logger initialized. Log file: /Users/zhaorongli/.workbuddy/skills/sensory-genomics/logs/sensory_genomics_20260604_191804.log
2026-06-04 19:18:04.842 [INFO] src.vcf.parser: Logger initialized. Log file: /Users/zhaorongli/.workbuddy/skills/sensory-genomics/logs/sensory_genomics_20260604_191804.log
2026-06-04 19:18:04.843 [INFO] src.vcf.prefilter: Logger initialized. Log file: /Users/zhaorongli/.workbuddy/skills/sensory-genomics/logs/sensory_genomics_20260604_191804.log
2026-06-04 19:18:04.844 [INFO] src.vep.client: Logger initialized. Log file: /Users/zhaorongli/.workbuddy/skills/sensory-genomics/logs/sensory_genomics_20260604_191804.log
2026-06-04 19:18:04.845 [INFO] __main__: Logger initialized. Log file: /Users/zhaorongli/.workbuddy/skills/sensory-genomics/logs/sensory_genomics_20260604_191804.log
2026-06-04 19:18:04.846 [INFO] sensory_genomics: Logger initialized. Log file: /Users/zhaorongli/.workbuddy/skills/sensory-genomics/logs/sensory_genomics_20260604_191804.log
2026-06-04 19:18:04.848 [INFO] src.config_loader: Config loaded from config.yaml
2026-06-04 19:18:04.889 [INFO] src.gene_sets.loader: Loaded gene sets: 376 genes across 5 subsystems
2026-06-04 19:18:04.889 [INFO] src.specialized.tas2r38: Loaded TAS2R38 SNP definitions: 3 SNPs
2026-06-04 19:18:04.890 [INFO] src.specialized.mitochondrial: Loaded mitochondrial variant database: 8 entries
2026-06-04 19:18:04.890 [INFO] src.specialized.or_tiers: Loaded OR ligand map: 11 entries
2026-06-04 19:18:04.890 [INFO] __main__: Pipeline started for /tmp/daughter_vcf.vcf.gz
2026-06-04 19:18:04.894 [INFO] src.vcf.parser: Parsing VCF for sample: ML150006935_L01_184
2026-06-04 19:19:06.898 [INFO] __main__: Stage 1 complete: 4880173 variants after prefilter
2026-06-04 19:19:06.898 [INFO] src.vep.client: VEP annotation started: 4880173 variants, batch_size=200
2026-06-04 19:19:15.903 [ERROR] src.vep.client: VEP HTTP 500: 

<!DOCTYPE html>



<html lang="en">
<head>
        <script src="/static/js/20-prettify.js"></script>
        <script src="/static/js/30-jquery-1.11.1.min.js"></script>
	<script src="/static/js/highlight/highlight.pack.js"></script>

	<meta charset="utf-8"/>
	<meta name="viewport" content="width=device-width, initial-scale=1.0"/>
	<title> - </title>
	
	<link href='/_asset/8f35166051019d4c43cb29867ae6f94a.css' rel='stylesheet'/>
	
	<style>
    body {
      padding-top: 60px; /* 60px to make the 
2026-06-04 19:19:31.393 [ERROR] src.vep.client: VEP HTTP 500: 

<!DOCTYPE html>



<html lang="en">
<head>
        <script src="/static/js/20-prettify.js"></script>
        <script src="/static/js/30-jquery-1.11.1.min.js"></script>
	<script src="/static/js/highlight/highlight.pack.js"></script>

	<meta charset="utf-8"/>
	<meta name="viewport" content="width=device-width, initial-scale=1.0"/>
	<title> - </title>
	
	<link href='/_asset/8f35166051019d4c43cb29867ae6f94a.css' rel='stylesheet'/>
	
	<style>
    body {
      padding-top: 60px; /* 60px to make the 
2026-06-04 19:19:39.049 [ERROR] src.vep.client: VEP HTTP 500: 

<!DOCTYPE html>



<html lang="en">
<head>
        <script src="/static/js/20-prettify.js"></script>
        <script src="/static/js/30-jquery-1.11.1.min.js"></script>
	<script src="/static/js/highlight/highlight.pack.js"></script>

	<meta charset="utf-8"/>
	<meta name="viewport" content="width=device-width, initial-scale=1.0"/>
	<title> - </title>
	
	<link href='/_asset/8f35166051019d4c43cb29867ae6f94a.css' rel='stylesheet'/>
	
	<style>
    body {
      padding-top: 60px; /* 60px to make the 
2026-06-04 19:19:47.822 [ERROR] src.vep.client: VEP HTTP 500: 

<!DOCTYPE html>



<html lang="en">
<head>
        <script src="/static/js/20-prettify.js"></script>
        <script src="/static/js/30-jquery-1.11.1.min.js"></script>
	<script src="/static/js/highlight/highlight.pack.js"></script>

	<meta charset="utf-8"/>
	<meta name="viewport" content="width=device-width, initial-scale=1.0"/>
	<title> - </title>
	
	<link href='/_asset/8f35166051019d4c43cb29867ae6f94a.css' rel='stylesheet'/>
	
	<style>
    body {
      padding-top: 60px; /* 60px to make the 
