2026-06-06 20:06:42.015 [INFO] src.report.markdown_generator: Logger initialized. Log file: /Users/zhaorongli/.workbuddy/skills/sensory-genomics/logs/sensory_genomics_20260606_200642.log
2026-06-06 20:06:42.017 [INFO] src.specialized.mitochondrial: Logger initialized. Log file: /Users/zhaorongli/.workbuddy/skills/sensory-genomics/logs/sensory_genomics_20260606_200642.log
2026-06-06 20:06:42.017 [INFO] src.specialized.or_tiers: Logger initialized. Log file: /Users/zhaorongli/.workbuddy/skills/sensory-genomics/logs/sensory_genomics_20260606_200642.log
2026-06-06 20:06:42.018 [INFO] src.specialized.tas2r38: Logger initialized. Log file: /Users/zhaorongli/.workbuddy/skills/sensory-genomics/logs/sensory_genomics_20260606_200642.log
2026-06-06 20:06:42.018 [INFO] src.report.report_context: Logger initialized. Log file: /Users/zhaorongli/.workbuddy/skills/sensory-genomics/logs/sensory_genomics_20260606_200642.log
2026-06-06 20:06:42.082 [INFO] src.vcf.parser: Logger initialized. Log file: /Users/zhaorongli/.workbuddy/skills/sensory-genomics/logs/sensory_genomics_20260606_200642.log
2026-06-06 20:06:42.082 [INFO] src.vcf.prefilter: Logger initialized. Log file: /Users/zhaorongli/.workbuddy/skills/sensory-genomics/logs/sensory_genomics_20260606_200642.log
2026-06-06 20:06:42.084 [INFO] src.vep.client: Logger initialized. Log file: /Users/zhaorongli/.workbuddy/skills/sensory-genomics/logs/sensory_genomics_20260606_200642.log
2026-06-06 20:06:42.085 [INFO] src.vep.local_client: Logger initialized. Log file: /Users/zhaorongli/.workbuddy/skills/sensory-genomics/logs/sensory_genomics_20260606_200642.log
2026-06-06 20:06:42.086 [INFO] src.vep.hybrid_client: Logger initialized. Log file: /Users/zhaorongli/.workbuddy/skills/sensory-genomics/logs/sensory_genomics_20260606_200642.log
2026-06-06 20:06:42.086 [INFO] src.main: Logger initialized. Log file: /Users/zhaorongli/.workbuddy/skills/sensory-genomics/logs/sensory_genomics_20260606_200642.log
2026-06-06 20:06:42.086 [INFO] sensory_genomics: Logger initialized. Log file: /Users/zhaorongli/.workbuddy/skills/sensory-genomics/logs/sensory_genomics_20260606_200642.log
2026-06-06 20:06:53.567 [INFO] src.main: BED-filtered VCF: /var/folders/g5/gdb7vzxd6_5fwkmkt6j_nrx00000gn/T/tmpx7zs8swv.vcf.gz -> 24609 variants
2026-06-06 20:06:53.616 [INFO] src.specialized.tas2r38: Loaded TAS2R38 SNP definitions: 3 SNPs
2026-06-06 20:06:53.616 [INFO] src.specialized.mitochondrial: Loaded mitochondrial variant database: 8 entries
2026-06-06 20:06:53.617 [INFO] src.specialized.or_tiers: Loaded OR ligand map: 11 entries
2026-06-06 20:06:53.617 [INFO] src.main: Loaded precomputed transcript map: 384 genes
2026-06-06 20:06:53.624 [INFO] src.main: Loaded exon BED for strict filtering
2026-06-06 20:06:53.624 [INFO] src.main: Using LocalVepClient (Docker offline)
2026-06-06 20:06:53.625 [INFO] src.main: Pipeline started for /var/folders/g5/gdb7vzxd6_5fwkmkt6j_nrx00000gn/T/tmpx7zs8swv.vcf.gz
2026-06-06 20:06:53.632 [INFO] src.vcf.parser: Parsing VCF for sample: ML150006935_L01_184
2026-06-06 20:06:53.909 [INFO] src.main: Stage 1 complete: 23821 variants after prefilter
2026-06-06 20:06:53.921 [INFO] src.vep.local_client: Running local VEP for 23821 variants via Docker
2026-06-06 20:09:09.318 [INFO] src.vep.local_client: Local VEP annotated 23821 variants
2026-06-06 20:09:09.558 [INFO] src.main: Stage 2 complete: 23821 variants annotated
2026-06-06 20:09:09.566 [INFO] src.main: Stage 2.5 complete: BED mapped 101 variants to genes
2026-06-06 20:09:09.649 [INFO] src.main: Stage 3 complete: 23812 sensory variants
2026-06-06 20:09:09.841 [INFO] src.main: Stage 4 complete: 370 gene cards
2026-06-06 20:09:09.932 [INFO] src.main: Stage 5 complete: TAS2R38=yes, MT=0, OR=313
2026-06-06 20:09:10.143 [INFO] src.main: Stage 5.5 complete: 5 key SNPs inferred (1 found in VCF, 4 REF/REF)
2026-06-06 20:09:10.143 [INFO] src.main: Stage 6 complete: enriched 0 genes
2026-06-06 20:09:10.145 [INFO] src.main: Stage 7 complete: report built
2026-06-06 20:09:10.145 [INFO] src.main: Pipeline completed successfully
2026-06-06 20:09:10.583 [INFO] src.main: Reports saved: markdown=/Users/zhaorongli/.workbuddy/skills/sensory-genomics/output/sensory_report_20260606_200910.md, json=/Users/zhaorongli/.workbuddy/skills/sensory-genomics/output/sensory_report_20260606_200910.json
