2026-06-06 15:08:58.127 [INFO] src.vcf.parser: Logger initialized. Log file: /Users/zhaorongli/.workbuddy/skills/sensory-genomics/logs/sensory_genomics_20260606_150858.log
2026-06-06 15:08:58.134 [INFO] src.vcf.prefilter: Logger initialized. Log file: /Users/zhaorongli/.workbuddy/skills/sensory-genomics/logs/sensory_genomics_20260606_150858.log
2026-06-06 15:08:58.166 [INFO] src.vep.client: Logger initialized. Log file: /Users/zhaorongli/.workbuddy/skills/sensory-genomics/logs/sensory_genomics_20260606_150858.log
2026-06-06 15:08:58.202 [INFO] src.vep.local_client: Logger initialized. Log file: /Users/zhaorongli/.workbuddy/skills/sensory-genomics/logs/sensory_genomics_20260606_150858.log
2026-06-06 15:08:58.203 [INFO] src.vep.hybrid_client: Logger initialized. Log file: /Users/zhaorongli/.workbuddy/skills/sensory-genomics/logs/sensory_genomics_20260606_150858.log
2026-06-06 15:08:58.203 [INFO] src.main: Logger initialized. Log file: /Users/zhaorongli/.workbuddy/skills/sensory-genomics/logs/sensory_genomics_20260606_150858.log
2026-06-06 15:08:58.214 [INFO] sensory_genomics: Logger initialized. Log file: /Users/zhaorongli/.workbuddy/skills/sensory-genomics/logs/sensory_genomics_20260606_150858.log
2026-06-06 15:09:00.247 [INFO] src.main: BED-filtered VCF: /var/folders/g5/gdb7vzxd6_5fwkmkt6j_nrx00000gn/T/tmpigutruvp.vcf.gz -> 9727 variants
2026-06-06 15:09:00.542 [INFO] src.main: Loaded precomputed transcript map: 384 genes
2026-06-06 15:09:00.587 [INFO] src.main: Loaded exon BED for strict filtering
2026-06-06 15:09:00.590 [INFO] src.main: Using LocalVepClient (Docker offline)
2026-06-06 15:09:00.591 [INFO] src.main: Pipeline started for /var/folders/g5/gdb7vzxd6_5fwkmkt6j_nrx00000gn/T/tmpigutruvp.vcf.gz
2026-06-06 15:09:00.629 [INFO] src.vcf.parser: Parsing VCF for sample: ML150006935_L01_184
2026-06-06 15:09:01.702 [INFO] src.main: Stage 1 complete: 9404 variants after prefilter
2026-06-06 15:09:01.938 [INFO] src.vep.local_client: Running local VEP for 9404 variants via Docker
2026-06-06 15:13:59.483 [INFO] src.vep.local_client: Local VEP annotated 9404 variants
2026-06-06 15:13:59.685 [INFO] src.main: Stage 2 complete: 9404 variants annotated
2026-06-06 15:13:59.689 [INFO] src.main: Stage 2.5 complete: BED mapped 13 variants to genes
2026-06-06 15:13:59.745 [INFO] src.main: Stage 3 complete: 9278 sensory variants
2026-06-06 15:13:59.880 [INFO] src.main: Stage 4 complete: 38 gene cards
2026-06-06 15:13:59.883 [INFO] src.main: Stage 5 complete: TAS2R38=yes, MT=0, OR=111
2026-06-06 15:14:50.276 [INFO] src.main: Stage 6 complete: enriched 38 genes
2026-06-06 15:14:50.280 [INFO] src.main: Stage 7 complete: report built
2026-06-06 15:14:50.280 [INFO] src.main: Pipeline completed successfully
2026-06-06 15:14:50.638 [INFO] src.main: Reports saved: markdown=/Users/zhaorongli/.workbuddy/skills/sensory-genomics/output/sensory_report_20260606_151450.md, json=/Users/zhaorongli/.workbuddy/skills/sensory-genomics/output/sensory_report_20260606_151450.json
